Archive member included to satisfy reference by file (symbol)

/opt/microchip/xc8/v3.10/avr/bin/../lib/gcc/avr/5.4.0/avrxmega2/libgcc.a(_divmodsi4.o)
                              CMakeFiles/probe_5028_devkit_firmware_default_default_XC8_compile.dir/home/probe-5028/MPLABProjects/probe-5028-devkit-firmware/My_MCC_Config/mcc/main.c.o (__divmodsi4)
/opt/microchip/xc8/v3.10/avr/bin/../lib/gcc/avr/5.4.0/avrxmega2/libgcc.a(_negsi2.o)
                              /opt/microchip/xc8/v3.10/avr/bin/../lib/gcc/avr/5.4.0/avrxmega2/libgcc.a(_divmodsi4.o) (__negsi2)
/opt/microchip/xc8/v3.10/avr/bin/../lib/gcc/avr/5.4.0/avrxmega2/libgcc.a(_copy_data.o)
                              CMakeFiles/probe_5028_devkit_firmware_default_default_XC8_compile.dir/home/probe-5028/MPLABProjects/probe-5028-devkit-firmware/My_MCC_Config/mcc/main.c.o (__do_copy_data)
/opt/microchip/xc8/v3.10/avr/bin/../lib/gcc/avr/5.4.0/avrxmega2/libgcc.a(_umulhisi3.o)
                              CMakeFiles/probe_5028_devkit_firmware_default_default_XC8_compile.dir/home/probe-5028/MPLABProjects/probe-5028-devkit-firmware/My_MCC_Config/mcc/main.c.o (__umulhisi3)
/opt/microchip/xc8/v3.10/avr/bin/../lib/gcc/avr/5.4.0/avrxmega2/libgcc.a(_usmulhisi3.o)
                              CMakeFiles/probe_5028_devkit_firmware_default_default_XC8_compile.dir/home/probe-5028/MPLABProjects/probe-5028-devkit-firmware/My_MCC_Config/mcc/main.c.o (__usmulhisi3)
/opt/microchip/xc8/v3.10/avr/bin/../lib/gcc/avr/5.4.0/avrxmega2/libgcc.a(_muluhisi3.o)
                              CMakeFiles/probe_5028_devkit_firmware_default_default_XC8_compile.dir/home/probe-5028/MPLABProjects/probe-5028-devkit-firmware/My_MCC_Config/mcc/main.c.o (__muluhisi3)
/opt/microchip/xc8/v3.10/avr/bin/../lib/gcc/avr/5.4.0/avrxmega2/libgcc.a(_udivmodsi4.o)
                              /opt/microchip/xc8/v3.10/avr/bin/../lib/gcc/avr/5.4.0/avrxmega2/libgcc.a(_divmodsi4.o) (__udivmodsi4)
/opt/microchip/xc8/v3.10/avr/bin/../lib/gcc/avr/5.4.0/../../../../avr/lib/avrxmega2/libm.a(divsf3.o)
                              CMakeFiles/probe_5028_devkit_firmware_default_default_XC8_compile.dir/home/probe-5028/MPLABProjects/probe-5028-devkit-firmware/My_MCC_Config/mcc/main.c.o (__divsf3)
/opt/microchip/xc8/v3.10/avr/bin/../lib/gcc/avr/5.4.0/../../../../avr/lib/avrxmega2/libm.a(divsf3x.o)
                              /opt/microchip/xc8/v3.10/avr/bin/../lib/gcc/avr/5.4.0/../../../../avr/lib/avrxmega2/libm.a(divsf3.o) (__divsf3x)
/opt/microchip/xc8/v3.10/avr/bin/../lib/gcc/avr/5.4.0/../../../../avr/lib/avrxmega2/libm.a(fixsfsi.o)
                              CMakeFiles/probe_5028_devkit_firmware_default_default_XC8_compile.dir/home/probe-5028/MPLABProjects/probe-5028-devkit-firmware/My_MCC_Config/mcc/main.c.o (__fixsfsi)
/opt/microchip/xc8/v3.10/avr/bin/../lib/gcc/avr/5.4.0/../../../../avr/lib/avrxmega2/libm.a(fixunssfsi.o)
                              /opt/microchip/xc8/v3.10/avr/bin/../lib/gcc/avr/5.4.0/../../../../avr/lib/avrxmega2/libm.a(fixsfsi.o) (__fixunssfsi)
/opt/microchip/xc8/v3.10/avr/bin/../lib/gcc/avr/5.4.0/../../../../avr/lib/avrxmega2/libm.a(floatsisf.o)
                              CMakeFiles/probe_5028_devkit_firmware_default_default_XC8_compile.dir/home/probe-5028/MPLABProjects/probe-5028-devkit-firmware/My_MCC_Config/mcc/main.c.o (__floatsisf)
/opt/microchip/xc8/v3.10/avr/bin/../lib/gcc/avr/5.4.0/../../../../avr/lib/avrxmega2/libm.a(fp_inf.o)
                              /opt/microchip/xc8/v3.10/avr/bin/../lib/gcc/avr/5.4.0/../../../../avr/lib/avrxmega2/libm.a(divsf3x.o) (__fp_inf)
/opt/microchip/xc8/v3.10/avr/bin/../lib/gcc/avr/5.4.0/../../../../avr/lib/avrxmega2/libm.a(fp_nan.o)
                              /opt/microchip/xc8/v3.10/avr/bin/../lib/gcc/avr/5.4.0/../../../../avr/lib/avrxmega2/libm.a(divsf3x.o) (__fp_nan)
/opt/microchip/xc8/v3.10/avr/bin/../lib/gcc/avr/5.4.0/../../../../avr/lib/avrxmega2/libm.a(fp_pscA.o)
                              /opt/microchip/xc8/v3.10/avr/bin/../lib/gcc/avr/5.4.0/../../../../avr/lib/avrxmega2/libm.a(divsf3x.o) (__fp_pscA)
/opt/microchip/xc8/v3.10/avr/bin/../lib/gcc/avr/5.4.0/../../../../avr/lib/avrxmega2/libm.a(fp_pscB.o)
                              /opt/microchip/xc8/v3.10/avr/bin/../lib/gcc/avr/5.4.0/../../../../avr/lib/avrxmega2/libm.a(divsf3x.o) (__fp_pscB)
/opt/microchip/xc8/v3.10/avr/bin/../lib/gcc/avr/5.4.0/../../../../avr/lib/avrxmega2/libm.a(fp_round.o)
                              /opt/microchip/xc8/v3.10/avr/bin/../lib/gcc/avr/5.4.0/../../../../avr/lib/avrxmega2/libm.a(divsf3.o) (__fp_round)
/opt/microchip/xc8/v3.10/avr/bin/../lib/gcc/avr/5.4.0/../../../../avr/lib/avrxmega2/libm.a(fp_split3.o)
                              /opt/microchip/xc8/v3.10/avr/bin/../lib/gcc/avr/5.4.0/../../../../avr/lib/avrxmega2/libm.a(divsf3x.o) (__fp_split3)
/opt/microchip/xc8/v3.10/avr/bin/../lib/gcc/avr/5.4.0/../../../../avr/lib/avrxmega2/libm.a(fp_zero.o)
[...]
Memory Configuration

Name             Origin             Length             Attributes
text             0x0000000000000000 0x0000000000010000 xr
data             0x0000000000806000 0x0000000000002000 rw !x
eeprom           0x0000000000810000 0x0000000000000100 rw !x
fuse             0x0000000000820000 0x0000000000000010 rw !x
lock             0x0000000000830000 0x0000000000000400 rw !x
signature        0x0000000000840000 0x0000000000000400 rw !x
user_signatures  0x0000000000850000 0x0000000000000400 rw !x
bootrow          0x0000000000860000 0x0000000000000400 rw !x
*default*        0x0000000000000000 0xffffffffffffffff

Linker script and memory map

Address of section .data set to 0x806000
                0x0000000000008000                __RODATA_PM_OFFSET__ = 0x8000
LOAD /home/probe-5028/.mchp_packs/Microchip/AVR-Dx_DFP/2.7.321/xc8/avr/lib/avrxmega2/crtavr64dd32.o
                0x0000000000000001                __MPLAB_BUILD = 0x1
                0x0000000000000001                __MPLAB_DEBUG = 0x1
                0x0000000000000001                __DEBUG = 0x1
LOAD CMakeFiles/probe_5028_devkit_firmware_default_default_XC8_assemblePreprocess.dir/home/probe-5028/MPLABProjects/probe-5028-devkit-firmware/My_MCC_Config/mcc/mcc_generated_files/system/src/protected_io.S.o
LOAD CMakeFiles/probe_5028_devkit_firmware_default_default_XC8_compile.dir/home/probe-5028/MPLABProjects/probe-5028-devkit-firmware/My_MCC_Config/mcc/eeprom_wrapper.c.o
LOAD CMakeFiles/probe_5028_devkit_firmware_default_default_XC8_compile.dir/home/probe-5028/MPLABProjects/probe-5028-devkit-firmware/My_MCC_Config/mcc/main.c.o
LOAD CMakeFiles/probe_5028_devkit_firmware_default_default_XC8_compile.dir/home/probe-5028/MPLABProjects/probe-5028-devkit-firmware/My_MCC_Config/mcc/mcc_generated_files/adc/src/adc0.c.o
LOAD CMakeFiles/probe_5028_devkit_firmware_default_default_XC8_compile.dir/home/probe-5028/MPLABProjects/probe-5028-devkit-firmware/My_MCC_Config/mcc/mcc_generated_files/dac/src/dac0.c.o
LOAD CMakeFiles/probe_5028_devkit_firmware_default_default_XC8_compile.dir/home/probe-5028/MPLABProjects/probe-5028-devkit-firmware/My_MCC_Config/mcc/mcc_generated_files/nvm/src/nvm.c.o
LOAD CMakeFiles/probe_5028_devkit_firmware_default_default_XC8_compile.dir/home/probe-5028/MPLABProjects/probe-5028-devkit-firmware/My_MCC_Config/mcc/mcc_generated_files/reset/src/rstctrl.c.o
LOAD CMakeFiles/probe_5028_devkit_firmware_default_default_XC8_compile.dir/home/probe-5028/MPLABProjects/probe-5028-devkit-firmware/My_MCC_Config/mcc/mcc_generated_files/system/src/clock.c.o
LOAD CMakeFiles/probe_5028_devkit_firmware_default_default_XC8_compile.dir/home/probe-5028/MPLABProjects/probe-5028-devkit-firmware/My_MCC_Config/mcc/mcc_generated_files/system/src/config_bits.c.o
LOAD CMakeFiles/probe_5028_devkit_firmware_default_default_XC8_compile.dir/home/probe-5028/MPLABProjects/probe-5028-devkit-firmware/My_MCC_Config/mcc/mcc_generated_files/system/src/interrupt.c.o
LOAD CMakeFiles/probe_5028_devkit_firmware_default_default_XC8_compile.dir/home/probe-5028/MPLABProjects/probe-5028-devkit-firmware/My_MCC_Config/mcc/mcc_generated_files/system/src/pins.c.o
LOAD CMakeFiles/probe_5028_devkit_firmware_default_default_XC8_compile.dir/home/probe-5028/MPLABProjects/probe-5028-devkit-firmware/My_MCC_Config/mcc/mcc_generated_files/system/src/system.c.o
LOAD CMakeFiles/probe_5028_devkit_firmware_default_default_XC8_compile.dir/home/probe-5028/MPLABProjects/probe-5028-devkit-firmware/My_MCC_Config/mcc/mcc_generated_files/timer/src/tca0.c.o
LOAD CMakeFiles/probe_5028_devkit_firmware_default_default_XC8_compile.dir/home/probe-5028/MPLABProjects/probe-5028-devkit-firmware/My_MCC_Config/mcc/mcc_generated_files/timer/src/tcb0.c.o
LOAD CMakeFiles/probe_5028_devkit_firmware_default_default_XC8_compile.dir/home/probe-5028/MPLABProjects/probe-5028-devkit-firmware/My_MCC_Config/mcc/mcc_generated_files/uart/src/usart0.c.o
LOAD CMakeFiles/probe_5028_devkit_firmware_default_default_XC8_compile.dir/home/probe-5028/MPLABProjects/probe-5028-devkit-firmware/My_MCC_Config/mcc/mcc_generated_files/vref/src/vref.c.o
START GROUP
LOAD /opt/microchip/xc8/v3.10/avr/bin/../lib/gcc/avr/5.4.0/avrxmega2/libgcc.a
LOAD /opt/microchip/xc8/v3.10/avr/bin/../lib/gcc/avr/5.4.0/../../../../avr/lib/avrxmega2/libm.a
LOAD /opt/microchip/xc8/v3.10/avr/bin/../lib/gcc/avr/5.4.0/../../../../avr/lib/avrxmega2/libc.a
LOAD /home/probe-5028/.mchp_packs/Microchip/AVR-Dx_DFP/2.7.321/xc8/avr/lib/avrxmega2/libavr64dd32.a
END GROUP
                [0x0000000000000000]                __TEXT_REGION_ORIGIN__ = DEFINED (__TEXT_REGION_ORIGIN__)?__TEXT_REGION_ORIGIN__:0x0
                [0x0000000000806000]                __DATA_REGION_ORIGIN__ = DEFINED (__DATA_REGION_ORIGIN__)?__DATA_REGION_ORIGIN__:0x802000
                [0x0000000000010000]                __TEXT_REGION_LENGTH__ = DEFINED (__TEXT_REGION_LENGTH__)?__TEXT_REGION_LENGTH__:0x100000
                [0x0000000000002000]                __DATA_REGION_LENGTH__ = DEFINED (__DATA_REGION_LENGTH__)?__DATA_REGION_LENGTH__:0xffa0
                [0x0000000000000100]                __EEPROM_REGION_LENGTH__ = DEFINED (__EEPROM_REGION_LENGTH__)?__EEPROM_REGION_LENGTH__:0x10000
                [0x0000000000000010]                __FUSE_REGION_LENGTH__ = DEFINED (__FUSE_REGION_LENGTH__)?__FUSE_REGION_LENGTH__:0x400
                0x0000000000000400                __LOCK_REGION_LENGTH__ = DEFINED (__LOCK_REGION_LENGTH__)?__LOCK_REGION_LENGTH__:0x400
                0x0000000000000400                __SIGNATURE_REGION_LENGTH__ = DEFINED (__SIGNATURE_REGION_LENGTH__)?__SIGNATURE_REGION_LENGTH__:0x400
                0x0000000000000400                __USER_SIGNATURE_REGION_LENGTH__ = DEFINED (__USER_SIGNATURE_REGION_LENGTH__)?__USER_SIGNATURE_REGION_LENGTH__:0x400
                0x0000000000000400                __BOOTROW_REGION_LENGTH__ = DEFINED (__BOOTROW_REGION_LENGTH__)?__BOOTROW_REGION_LENGTH__:0x400

.hash
 *(.hash)

.dynsym
 *(.dynsym)

.dynstr
 *(.dynstr)

.gnu.version
 *(.gnu.version)

.gnu.version_d
 *(.gnu.version_d)

.gnu.version_r
 *(.gnu.version_r)

.rel.init
 *(.rel.init)

.rela.init
 *(.rela.init)

.rel.text
 *(.rel.text)
 *(.rel.text.*)
 *(.rel.gnu.linkonce.t*)

.rela.text
 *(.rela.text)
 *(.rela.text.*)
 *(.rela.gnu.linkonce.t*)

.rel.fini
 *(.rel.fini)

.rela.fini
 *(.rela.fini)

.rel.rodata
 *(.rel.rodata)
 *(.rel.rodata.*)
 *(.rel.gnu.linkonce.r*)

.rela.rodata
 *(.rela.rodata)
 *(.rela.rodata.*)
 *(.rela.gnu.linkonce.r*)

.rel.data
 *(.rel.data)
 *(.rel.data.*)
 *(.rel.gnu.linkonce.d*)

.rela.data
 *(.rela.data)
 *(.rela.data.*)
 *(.rela.gnu.linkonce.d*)

.rel.ctors
 *(.rel.ctors)

.rela.ctors
 *(.rela.ctors)

.rel.dtors
 *(.rel.dtors)

.rela.dtors
 *(.rela.dtors)

.rel.got
 *(.rel.got)

.rela.got
 *(.rela.got)

.rel.bss
 *(.rel.bss)

.rela.bss
 *(.rela.bss)

.rel.plt
 *(.rel.plt)

.rela.plt
 *(.rela.plt)

.text           0x0000000000000000      0x102
 *(.vectors)
 .vectors       0x0000000000000000       0x90 /home/probe-5028/.mchp_packs/Microchip/AVR-Dx_DFP/2.7.321/xc8/avr/lib/avrxmega2/crtavr64dd32.o
                0x0000000000000000                __vectors
                0x0000000000000000                __vector_default
 *(.vectors)
 *(.progmem.gcc*)
 *(.dinit)
 .dinit         0x0000000000000090       0x1d data_init
                0x00000000000000ae                . = ALIGN (0x2)
 *fill*         0x00000000000000ad        0x1 
                0x00000000000000ae                __trampolines_start = .
 *(.trampolines)
 .trampolines   0x00000000000000ae        0x0 linker stubs
 *(.trampolines*)
                0x00000000000000ae                __trampolines_end = .
 *libprintf_flt.a:*(.progmem.data)
 *libc.a:*(.progmem.data)
                0x00000000000000ae                . = ALIGN (0x2)
 *(.jumptables)
 *(.jumptables*)
 *(.lowtext)
 *(.lowtext*)
                0x00000000000000ae                __ctors_start = .
 *(.ctors)
                0x00000000000000ae                __ctors_end = .
                0x00000000000000ae                __dtors_start = .
 *(.dtors)
                0x00000000000000ae                __dtors_end = .
 SORT(*)(.ctors)
 SORT(*)(.dtors)
 *(.init0)
 .init0         0x00000000000000ae        0x0 /home/probe-5028/.mchp_packs/Microchip/AVR-Dx_DFP/2.7.321/xc8/avr/lib/avrxmega2/crtavr64dd32.o
                0x00000000000000ae                __init
 *(.init0)
 *(.init1)
 *(.init1)
 *(.init2)
 .init2         0x00000000000000ae        0xc /home/probe-5028/.mchp_packs/Microchip/AVR-Dx_DFP/2.7.321/xc8/avr/lib/avrxmega2/crtavr64dd32.o
 *(.init2)
 *(.init3)
 *(.init3)
 *(.init4)
 .init4         0x00000000000000ba       0x3c /opt/microchip/xc8/v3.10/avr/bin/../lib/gcc/avr/5.4.0/avrxmega2/libgcc.a(_copy_data.o)
                0x00000000000000ba                __do_copy_data
                0x00000000000000e8                __do_clear_bss
 *(.init4)
 *(.init5)
 *(.init5)
 *(.init6)
 *(.init6)
 *(.init7)
 *(.init7)
 *(.init8)
 *(.init8)
 *(.init9)
 .init9         0x00000000000000f6        0x8 /home/probe-5028/.mchp_packs/Microchip/AVR-Dx_DFP/2.7.321/xc8/avr/lib/avrxmega2/crtavr64dd32.o
 *(.init9)
                0x00000000000000fe                . = ALIGN (0x2)
 *(.fini9)
 .fini9         0x00000000000000fe        0x0 /opt/microchip/xc8/v3.10/avr/bin/../lib/gcc/avr/5.4.0/avrxmega2/libgcc.a(_exit.o)
                0x00000000000000fe                _exit
 *(.fini9)
 *(.fini8)
 *(.fini8)
 *(.fini7)
 *(.fini7)
 *(.fini6)
 *(.fini6)
 *(.fini5)
 *(.fini5)
 *(.fini4)
 *(.fini4)
 *(.fini3)
 *(.fini3)
 *(.fini2)
 *(.fini2)
 *(.fini1)
 *(.fini1)
 *(.fini0)
 .fini0         0x00000000000000fe        0x4 /opt/microchip/xc8/v3.10/avr/bin/../lib/gcc/avr/5.4.0/avrxmega2/libgcc.a(_exit.o)
 *(.fini0)
                0x0000000000000102                _etext = .

.data           0x0000000000806000        0x0 load address 0x0000000000000102
                [!provide]                        PROVIDE (__data_start, .)
 *(.gnu.linkonce.d*)
 *(.gnu.linkonce.r*)
                0x0000000000806000                . = ALIGN (0x2)
                0x0000000000806000                _edata = .
                [!provide]                        PROVIDE (__data_end, .)

.bss            0x0000000000806000        0xe
                [!provide]                        PROVIDE (__bss_start, .)
 *(COMMON)
 COMMON         0x0000000000806000        0xc CMakeFiles/probe_5028_devkit_firmware_default_default_XC8_compile.dir/home/probe-5028/MPLABProjects/probe-5028-devkit-firmware/My_MCC_Config/mcc/main.c.o
                0x0000000000806000                readings
 COMMON         0x000000000080600c        0x2 /opt/microchip/xc8/v3.10/avr/bin/../lib/gcc/avr/5.4.0/../../../../avr/lib/avrxmega2/libc.a(errno.o)
                0x000000000080600c                __errno_val
                [!provide]                        PROVIDE (__bss_end, .)
                0x0000000000000102                __data_load_start = LOADADDR (.data)
                0x0000000000000102                __data_load_end = (__data_load_start + SIZEOF (.data))

.noinit         0x000000000080600e        0x0
                [!provide]                        PROVIDE (__noinit_start, .)
 *(.noinit*)
                [!provide]                        PROVIDE (__noinit_end, .)
                0x000000000080600e                _end = .

.eeprom         0x0000000000810000        0x0
 *(.eeprom*)
                0x0000000000810000                __eeprom_end = .

.fuse           0x0000000000820000        0x9
 *(.fuse)
 .fuse          0x0000000000820000        0x9 CMakeFiles/probe_5028_devkit_firmware_default_default_XC8_compile.dir/home/probe-5028/MPLABProjects/probe-5028-devkit-firmware/My_MCC_Config/mcc/mcc_generated_files/system/src/config_bits.c.o
                0x0000000000820000                __fuse
 *(.lfuse)
 *(.hfuse)
 *(.efuse)

.lock
 *(.lock*)

.signature
 *(.signature*)

.user_signatures
 *(.user_signatures*)

.bootrow
 *(.bootrow*)

.stab
 *(.stab)

.stabstr
 *(.stabstr)

.stab.excl
 *(.stab.excl)

.stab.exclstr
 *(.stab.exclstr)

.stab.index
 *(.stab.index)

.stab.indexstr
 *(.stab.indexstr)

.comment        0x0000000000000000       0x5b
 *(.comment)
 .comment       0x0000000000000000       0x2f CMakeFiles/probe_5028_devkit_firmware_default_default_XC8_compile.dir/home/probe-5028/MPLABProjects/probe-5028-devkit-firmware/My_MCC_Config/mcc/eeprom_wrapper.c.o
                                         0x30 (size before relaxing)
 .comment       0x000000000000002f       0x30 CMakeFiles/probe_5028_devkit_firmware_default_default_XC8_compile.dir/home/probe-5028/MPLABProjects/probe-5028-devkit-firmware/My_MCC_Config/mcc/main.c.o
 .comment       0x000000000000002f       0x30 CMakeFiles/probe_5028_devkit_firmware_default_default_XC8_compile.dir/home/probe-5028/MPLABProjects/probe-5028-devkit-firmware/My_MCC_Config/mcc/mcc_generated_files/adc/src/adc0.c.o
 .comment       0x000000000000002f       0x30 CMakeFiles/probe_5028_devkit_firmware_default_default_XC8_compile.dir/home/probe-5028/MPLABProjects/probe-5028-devkit-firmware/My_MCC_Config/mcc/mcc_generated_files/dac/src/dac0.c.o
 .comment       0x000000000000002f       0x30 CMakeFiles/probe_5028_devkit_firmware_default_default_XC8_compile.dir/home/probe-5028/MPLABProjects/probe-5028-devkit-firmware/My_MCC_Config/mcc/mcc_generated_files/nvm/src/nvm.c.o
 .comment       0x000000000000002f       0x30 CMakeFiles/probe_5028_devkit_firmware_default_default_XC8_compile.dir/home/probe-5028/MPLABProjects/probe-5028-devkit-firmware/My_MCC_Config/mcc/mcc_generated_files/reset/src/rstctrl.c.o
 .comment       0x000000000000002f       0x30 CMakeFiles/probe_5028_devkit_firmware_default_default_XC8_compile.dir/home/probe-5028/MPLABProjects/probe-5028-devkit-firmware/My_MCC_Config/mcc/mcc_generated_files/system/src/clock.c.o
 .comment       0x000000000000002f       0x30 CMakeFiles/probe_5028_devkit_firmware_default_default_XC8_compile.dir/home/probe-5028/MPLABProjects/probe-5028-devkit-firmware/My_MCC_Config/mcc/mcc_generated_files/system/src/config_bits.c.o
 .comment       0x000000000000002f       0x30 CMakeFiles/probe_5028_devkit_firmware_default_default_XC8_compile.dir/home/probe-5028/MPLABProjects/probe-5028-devkit-firmware/My_MCC_Config/mcc/mcc_generated_files/system/src/interrupt.c.o
 .comment       0x000000000000002f       0x30 CMakeFiles/probe_5028_devkit_firmware_default_default_XC8_compile.dir/home/probe-5028/MPLABProjects/probe-5028-devkit-firmware/My_MCC_Config/mcc/mcc_generated_files/system/src/pins.c.o
 .comment       0x000000000000002f       0x30 CMakeFiles/probe_5028_devkit_firmware_default_default_XC8_compile.dir/home/probe-5028/MPLABProjects/probe-5028-devkit-firmware/My_MCC_Config/mcc/mcc_generated_files/system/src/system.c.o
 .comment       0x000000000000002f       0x30 CMakeFiles/probe_5028_devkit_firmware_default_default_XC8_compile.dir/home/probe-5028/MPLABProjects/probe-5028-devkit-firmware/My_MCC_Config/mcc/mcc_generated_files/timer/src/tca0.c.o
 .comment       0x000000000000002f       0x30 CMakeFiles/probe_5028_devkit_firmware_default_default_XC8_compile.dir/home/probe-5028/MPLABProjects/probe-5028-devkit-firmware/My_MCC_Config/mcc/mcc_generated_files/timer/src/tcb0.c.o
 .comment       0x000000000000002f       0x30 CMakeFiles/probe_5028_devkit_firmware_default_default_XC8_compile.dir/home/probe-5028/MPLABProjects/probe-5028-devkit-firmware/My_MCC_Config/mcc/mcc_generated_files/uart/src/usart0.c.o
 .comment       0x000000000000002f       0x30 CMakeFiles/probe_5028_devkit_firmware_default_default_XC8_compile.dir/home/probe-5028/MPLABProjects/probe-5028-devkit-firmware/My_MCC_Config/mcc/mcc_generated_files/vref/src/vref.c.o
 .comment       0x000000000000002f       0x2c /opt/microchip/xc8/v3.10/avr/bin/../lib/gcc/avr/5.4.0/../../../../avr/lib/avrxmega2/libc.a(exit.o)
                                         0x2d (size before relaxing)
 .comment       0x000000000000005b       0x2d /opt/microchip/xc8/v3.10/avr/bin/../lib/gcc/avr/5.4.0/../../../../avr/lib/avrxmega2/libc.a(__sio_printf_dfosux.o)
 .comment       0x000000000000005b       0x2d /opt/microchip/xc8/v3.10/avr/bin/../lib/gcc/avr/5.4.0/../../../../avr/lib/avrxmega2/libc.a(__sio_printf_dfoux.o)
 .comment       0x000000000000005b       0x2d /opt/microchip/xc8/v3.10/avr/bin/../lib/gcc/avr/5.4.0/../../../../avr/lib/avrxmega2/libc.a(__sio_printf_doux.o)
 .comment       0x000000000000005b       0x2d /opt/microchip/xc8/v3.10/avr/bin/../lib/gcc/avr/5.4.0/../../../../avr/lib/avrxmega2/libc.a(__fmt_d.o)
 .comment       0x000000000000005b       0x2d /opt/microchip/xc8/v3.10/avr/bin/../lib/gcc/avr/5.4.0/../../../../avr/lib/avrxmega2/libc.a(__fmt_fp.o)
 .comment       0x000000000000005b       0x2d /opt/microchip/xc8/v3.10/avr/bin/../lib/gcc/avr/5.4.0/../../../../avr/lib/avrxmega2/libc.a(__fmt_o.o)
 .comment       0x000000000000005b       0x2d /opt/microchip/xc8/v3.10/avr/bin/../lib/gcc/avr/5.4.0/../../../../avr/lib/avrxmega2/libc.a(__fmt_s.o)
 .comment       0x000000000000005b       0x2d /opt/microchip/xc8/v3.10/avr/bin/../lib/gcc/avr/5.4.0/../../../../avr/lib/avrxmega2/libc.a(__fmt_u.o)
 .comment       0x000000000000005b       0x2d /opt/microchip/xc8/v3.10/avr/bin/../lib/gcc/avr/5.4.0/../../../../avr/lib/avrxmega2/libc.a(__fmt_x.o)
 .comment       0x000000000000005b       0x2d /opt/microchip/xc8/v3.10/avr/bin/../lib/gcc/avr/5.4.0/../../../../avr/lib/avrxmega2/libc.a(__pop_int.o)
 .comment       0x000000000000005b       0x2d /opt/microchip/xc8/v3.10/avr/bin/../lib/gcc/avr/5.4.0/../../../../avr/lib/avrxmega2/libc.a(__printf_core.o)
 .comment       0x000000000000005b       0x2d /opt/microchip/xc8/v3.10/avr/bin/../lib/gcc/avr/5.4.0/../../../../avr/lib/avrxmega2/libc.a(fputc.o)
 .comment       0x000000000000005b       0x2d /opt/microchip/xc8/v3.10/avr/bin/../lib/gcc/avr/5.4.0/../../../../avr/lib/avrxmega2/libc.a(puts.o)
 .comment       0x000000000000005b       0x2d /opt/microchip/xc8/v3.10/avr/bin/../lib/gcc/avr/5.4.0/../../../../avr/lib/avrxmega2/libc.a(stdout.o)
 .comment       0x000000000000005b       0x2d /opt/microchip/xc8/v3.10/avr/bin/../lib/gcc/avr/5.4.0/../../../../avr/lib/avrxmega2/libc.a(__pop_float.o)
 .comment       0x000000000000005b       0x2d /opt/microchip/xc8/v3.10/avr/bin/../lib/gcc/avr/5.4.0/../../../../avr/lib/avrxmega2/libc.a(memset.o)
 .comment       0x000000000000005b       0x2d /opt/microchip/xc8/v3.10/avr/bin/../lib/gcc/avr/5.4.0/../../../../avr/lib/avrxmega2/libc.a(strcpy.o)
 .comment       0x000000000000005b       0x2d /opt/microchip/xc8/v3.10/avr/bin/../lib/gcc/avr/5.4.0/../../../../avr/lib/avrxmega2/libc.a(strlen.o)
 .comment       0x000000000000005b       0x2d /opt/microchip/xc8/v3.10/avr/bin/../lib/gcc/avr/5.4.0/../../../../avr/lib/avrxmega2/libc.a(tolower.o)
 .comment       0x000000000000005b       0x2d /opt/microchip/xc8/v3.10/avr/bin/../lib/gcc/avr/5.4.0/../../../../avr/lib/avrxmega2/libc.a(toupper.o)
 .comment       0x000000000000005b       0x2d /opt/microchip/xc8/v3.10/avr/bin/../lib/gcc/avr/5.4.0/../../../../avr/lib/avrxmega2/libc.a(errno.o)
 .comment       0x000000000000005b       0x2d /opt/microchip/xc8/v3.10/avr/bin/../lib/gcc/avr/5.4.0/../../../../avr/lib/avrxmega2/libc.a(_Exit.o)
 .comment       0x000000000000005b       0x2d /opt/microchip/xc8/v3.10/avr/bin/../lib/gcc/avr/5.4.0/../../../../avr/lib/avrxmega2/libc.a(__int_vfprintf.o)
 .comment       0x000000000000005b       0x2d /opt/microchip/xc8/v3.10/avr/bin/../lib/gcc/avr/5.4.0/../../../../avr/lib/avrxmega2/libc.a(fputs.o)
 .comment       0x000000000000005b       0x2d /opt/microchip/xc8/v3.10/avr/bin/../lib/gcc/avr/5.4.0/../../../../avr/lib/avrxmega2/libm.a(floorf.o)

.stack.descriptors.hdr
                0x0000000000000000      0x2f4
 .stack.descriptors.hdr
                0x0000000000000000        0xe /opt/microchip/xc8/v3.10/avr/bin/../lib/gcc/avr/5.4.0/avrxmega2/libgcc.a(_divmodsi4.o)
 .stack.descriptors.hdr
                0x000000000000000e        0xe /opt/microchip/xc8/v3.10/avr/bin/../lib/gcc/avr/5.4.0/avrxmega2/libgcc.a(_negsi2.o)
 .stack.descriptors.hdr
                0x000000000000001c        0xe /opt/microchip/xc8/v3.10/avr/bin/../lib/gcc/avr/5.4.0/avrxmega2/libgcc.a(_umulhisi3.o)
 .stack.descriptors.hdr
                0x000000000000002a        0xe /opt/microchip/xc8/v3.10/avr/bin/../lib/gcc/avr/5.4.0/avrxmega2/libgcc.a(_usmulhisi3.o)
 .stack.descriptors.hdr
                0x0000000000000038        0xe /opt/microchip/xc8/v3.10/avr/bin/../lib/gcc/avr/5.4.0/avrxmega2/libgcc.a(_muluhisi3.o)
 .stack.descriptors.hdr
                0x0000000000000046        0xe /opt/microchip/xc8/v3.10/avr/bin/../lib/gcc/avr/5.4.0/avrxmega2/libgcc.a(_udivmodsi4.o)
 .stack.descriptors.hdr
                0x0000000000000054        0xe /opt/microchip/xc8/v3.10/avr/bin/../lib/gcc/avr/5.4.0/../../../../avr/lib/avrxmega2/libm.a(divsf3.o)
 .stack.descriptors.hdr
                0x0000000000000062        0xe /opt/microchip/xc8/v3.10/avr/bin/../lib/gcc/avr/5.4.0/../../../../avr/lib/avrxmega2/libm.a(divsf3x.o)
 .stack.descriptors.hdr
                0x0000000000000070        0xe /opt/microchip/xc8/v3.10/avr/bin/../lib/gcc/avr/5.4.0/../../../../avr/lib/avrxmega2/libm.a(fixsfsi.o)
 .stack.descriptors.hdr
                0x000000000000007e        0xe /opt/microchip/xc8/v3.10/avr/bin/../lib/gcc/avr/5.4.0/../../../../avr/lib/avrxmega2/libm.a(fixunssfsi.o)
 .stack.descriptors.hdr
                0x000000000000008c        0xe /opt/microchip/xc8/v3.10/avr/bin/../lib/gcc/avr/5.4.0/../../../../avr/lib/avrxmega2/libm.a(floatsisf.o)
 .stack.descriptors.hdr
                0x000000000000009a        0xe /opt/microchip/xc8/v3.10/avr/bin/../lib/gcc/avr/5.4.0/../../../../avr/lib/avrxmega2/libm.a(fp_inf.o)
 .stack.descriptors.hdr
                0x00000000000000a8        0xe /opt/microchip/xc8/v3.10/avr/bin/../lib/gcc/avr/5.4.0/../../../../avr/lib/avrxmega2/libm.a(fp_nan.o)
 .stack.descriptors.hdr
                0x00000000000000b6        0xe /opt/microchip/xc8/v3.10/avr/bin/../lib/gcc/avr/5.4.0/../../../../avr/lib/avrxmega2/libm.a(fp_pscA.o)
 .stack.descriptors.hdr
                0x00000000000000c4        0xe /opt/microchip/xc8/v3.10/avr/bin/../lib/gcc/avr/5.4.0/../../../../avr/lib/avrxmega2/libm.a(fp_pscB.o)
 .stack.descriptors.hdr
                0x00000000000000d2        0xe /opt/microchip/xc8/v3.10/avr/bin/../lib/gcc/avr/5.4.0/../../../../avr/lib/avrxmega2/libm.a(fp_round.o)
 .stack.descriptors.hdr
                0x00000000000000e0        0xe /opt/microchip/xc8/v3.10/avr/bin/../lib/gcc/avr/5.4.0/../../../../avr/lib/avrxmega2/libm.a(fp_split3.o)
 .stack.descriptors.hdr
                0x00000000000000ee        0xe /opt/microchip/xc8/v3.10/avr/bin/../lib/gcc/avr/5.4.0/../../../../avr/lib/avrxmega2/libm.a(fp_zero.o)
 .stack.descriptors.hdr
                0x00000000000000fc        0xe /opt/microchip/xc8/v3.10/avr/bin/../lib/gcc/avr/5.4.0/../../../../avr/lib/avrxmega2/libm.a(mulsf3.o)
 .stack.descriptors.hdr
                0x000000000000010a        0xe /opt/microchip/xc8/v3.10/avr/bin/../lib/gcc/avr/5.4.0/../../../../avr/lib/avrxmega2/libm.a(mulsf3x.o)
 .stack.descriptors.hdr
                0x0000000000000118        0xe /opt/microchip/xc8/v3.10/avr/bin/../lib/gcc/avr/5.4.0/../../../../avr/lib/avrxmega2/libc.a(exit.o)
 .stack.descriptors.hdr
                0x0000000000000126        0xe /opt/microchip/xc8/v3.10/avr/bin/../lib/gcc/avr/5.4.0/../../../../avr/lib/avrxmega2/libc.a(__sio_printf_dfosux.o)
 .stack.descriptors.hdr
                0x0000000000000134        0xe /opt/microchip/xc8/v3.10/avr/bin/../lib/gcc/avr/5.4.0/../../../../avr/lib/avrxmega2/libc.a(__sio_printf_dfoux.o)
 .stack.descriptors.hdr
                0x0000000000000142        0xe /opt/microchip/xc8/v3.10/avr/bin/../lib/gcc/avr/5.4.0/../../../../avr/lib/avrxmega2/libc.a(__sio_printf_doux.o)
 .stack.descriptors.hdr
                0x0000000000000150        0xe /opt/microchip/xc8/v3.10/avr/bin/../lib/gcc/avr/5.4.0/../../../../avr/lib/avrxmega2/libc.a(__fmt_d.o)
 .stack.descriptors.hdr
                0x000000000000015e        0xe /opt/microchip/xc8/v3.10/avr/bin/../lib/gcc/avr/5.4.0/../../../../avr/lib/avrxmega2/libc.a(__fmt_fp.o)
 .stack.descriptors.hdr
                0x000000000000016c        0xe /opt/microchip/xc8/v3.10/avr/bin/../lib/gcc/avr/5.4.0/../../../../avr/lib/avrxmega2/libc.a(__fmt_o.o)
 .stack.descriptors.hdr
                0x000000000000017a        0xe /opt/microchip/xc8/v3.10/avr/bin/../lib/gcc/avr/5.4.0/../../../../avr/lib/avrxmega2/libc.a(__fmt_s.o)
 .stack.descriptors.hdr
                0x0000000000000188        0xe /opt/microchip/xc8/v3.10/avr/bin/../lib/gcc/avr/5.4.0/../../../../avr/lib/avrxmega2/libc.a(__fmt_u.o)
 .stack.descriptors.hdr
                0x0000000000000196        0xe /opt/microchip/xc8/v3.10/avr/bin/../lib/gcc/avr/5.4.0/../../../../avr/lib/avrxmega2/libc.a(__fmt_x.o)
 .stack.descriptors.hdr
                0x00000000000001a4        0xe /opt/microchip/xc8/v3.10/avr/bin/../lib/gcc/avr/5.4.0/../../../../avr/lib/avrxmega2/libc.a(__pop_int.o)
 .stack.descriptors.hdr
                0x00000000000001b2        0xe /opt/microchip/xc8/v3.10/avr/bin/../lib/gcc/avr/5.4.0/../../../../avr/lib/avrxmega2/libc.a(__printf_core.o)
 .stack.descriptors.hdr
                0x00000000000001c0        0xe /opt/microchip/xc8/v3.10/avr/bin/../lib/gcc/avr/5.4.0/../../../../avr/lib/avrxmega2/libc.a(fputc.o)
 .stack.descriptors.hdr
                0x00000000000001ce        0xe /opt/microchip/xc8/v3.10/avr/bin/../lib/gcc/avr/5.4.0/../../../../avr/lib/avrxmega2/libc.a(puts.o)
 .stack.descriptors.hdr
                0x00000000000001dc        0xe /opt/microchip/xc8/v3.10/avr/bin/../lib/gcc/avr/5.4.0/../../../../avr/lib/avrxmega2/libc.a(stdout.o)
 .stack.descriptors.hdr
                0x00000000000001ea        0xe /opt/microchip/xc8/v3.10/avr/bin/../lib/gcc/avr/5.4.0/../../../../avr/lib/avrxmega2/libc.a(__pop_float.o)
 .stack.descriptors.hdr
                0x00000000000001f8        0xe /opt/microchip/xc8/v3.10/avr/bin/../lib/gcc/avr/5.4.0/../../../../avr/lib/avrxmega2/libc.a(memset.o)
 .stack.descriptors.hdr
                0x0000000000000206        0xe /opt/microchip/xc8/v3.10/avr/bin/../lib/gcc/avr/5.4.0/../../../../avr/lib/avrxmega2/libc.a(strcpy.o)
 .stack.descriptors.hdr
                0x0000000000000214        0xe /opt/microchip/xc8/v3.10/avr/bin/../lib/gcc/avr/5.4.0/../../../../avr/lib/avrxmega2/libc.a(strlen.o)
 .stack.descriptors.hdr
                0x0000000000000222        0xe /opt/microchip/xc8/v3.10/avr/bin/../lib/gcc/avr/5.4.0/../../../../avr/lib/avrxmega2/libc.a(tolower.o)
 .stack.descriptors.hdr
                0x0000000000000230        0xe /opt/microchip/xc8/v3.10/avr/bin/../lib/gcc/avr/5.4.0/../../../../avr/lib/avrxmega2/libc.a(toupper.o)
 .stack.descriptors.hdr
                0x000000000000023e        0xe /opt/microchip/xc8/v3.10/avr/bin/../lib/gcc/avr/5.4.0/../../../../avr/lib/avrxmega2/libc.a(errno.o)
 .stack.descriptors.hdr
                0x000000000000024c        0xe /opt/microchip/xc8/v3.10/avr/bin/../lib/gcc/avr/5.4.0/../../../../avr/lib/avrxmega2/libc.a(_Exit.o)
 .stack.descriptors.hdr
                0x000000000000025a        0xe /opt/microchip/xc8/v3.10/avr/bin/../lib/gcc/avr/5.4.0/../../../../avr/lib/avrxmega2/libc.a(__int_vfprintf.o)
 .stack.descriptors.hdr
                0x0000000000000268        0xe /opt/microchip/xc8/v3.10/avr/bin/../lib/gcc/avr/5.4.0/../../../../avr/lib/avrxmega2/libc.a(fputs.o)
 .stack.descriptors.hdr
                0x0000000000000276        0xe /opt/microchip/xc8/v3.10/avr/bin/../lib/gcc/avr/5.4.0/avrxmega2/libgcc.a(_divmodhi4.o)
 .stack.descriptors.hdr
                0x0000000000000284        0xe /opt/microchip/xc8/v3.10/avr/bin/../lib/gcc/avr/5.4.0/avrxmega2/libgcc.a(_exit.o)
 .stack.descriptors.hdr
                0x0000000000000292        0xe /opt/microchip/xc8/v3.10/avr/bin/../lib/gcc/avr/5.4.0/avrxmega2/libgcc.a(_udivmodhi4.o)
 .stack.descriptors.hdr
                0x00000000000002a0        0xe /opt/microchip/xc8/v3.10/avr/bin/../lib/gcc/avr/5.4.0/../../../../avr/lib/avrxmega2/libm.a(addsf3.o)
 .stack.descriptors.hdr
                0x00000000000002ae        0xe /opt/microchip/xc8/v3.10/avr/bin/../lib/gcc/avr/5.4.0/../../../../avr/lib/avrxmega2/libm.a(addsf3x.o)
 .stack.descriptors.hdr
                0x00000000000002bc        0xe /opt/microchip/xc8/v3.10/avr/bin/../lib/gcc/avr/5.4.0/../../../../avr/lib/avrxmega2/libm.a(cmpsf2.o)
 .stack.descriptors.hdr
                0x00000000000002ca        0xe /opt/microchip/xc8/v3.10/avr/bin/../lib/gcc/avr/5.4.0/../../../../avr/lib/avrxmega2/libm.a(floorf.o)
 .stack.descriptors.hdr
                0x00000000000002d8        0xe /opt/microchip/xc8/v3.10/avr/bin/../lib/gcc/avr/5.4.0/../../../../avr/lib/avrxmega2/libm.a(fp_cmp.o)
 .stack.descriptors.hdr
                0x00000000000002e6        0xe /opt/microchip/xc8/v3.10/avr/bin/../lib/gcc/avr/5.4.0/../../../../avr/lib/avrxmega2/libm.a(gesf2.o)

.note.GNU-stack
                0x0000000000000000        0x0
 .note.GNU-stack
                0x0000000000000000        0x0 /opt/microchip/xc8/v3.10/avr/bin/../lib/gcc/avr/5.4.0/../../../../avr/lib/avrxmega2/libm.a(divsf3.o)
 .note.GNU-stack
                0x0000000000000000        0x0 /opt/microchip/xc8/v3.10/avr/bin/../lib/gcc/avr/5.4.0/../../../../avr/lib/avrxmega2/libm.a(divsf3x.o)
 .note.GNU-stack
                0x0000000000000000        0x0 /opt/microchip/xc8/v3.10/avr/bin/../lib/gcc/avr/5.4.0/../../../../avr/lib/avrxmega2/libm.a(fixsfsi.o)
 .note.GNU-stack
                0x0000000000000000        0x0 /opt/microchip/xc8/v3.10/avr/bin/../lib/gcc/avr/5.4.0/../../../../avr/lib/avrxmega2/libm.a(fixunssfsi.o)
 .note.GNU-stack
                0x0000000000000000        0x0 /opt/microchip/xc8/v3.10/avr/bin/../lib/gcc/avr/5.4.0/../../../../avr/lib/avrxmega2/libm.a(floatsisf.o)
 .note.GNU-stack
                0x0000000000000000        0x0 /opt/microchip/xc8/v3.10/avr/bin/../lib/gcc/avr/5.4.0/../../../../avr/lib/avrxmega2/libm.a(fp_inf.o)
 .note.GNU-stack
                0x0000000000000000        0x0 /opt/microchip/xc8/v3.10/avr/bin/../lib/gcc/avr/5.4.0/../../../../avr/lib/avrxmega2/libm.a(fp_nan.o)
 .note.GNU-stack
                0x0000000000000000        0x0 /opt/microchip/xc8/v3.10/avr/bin/../lib/gcc/avr/5.4.0/../../../../avr/lib/avrxmega2/libm.a(fp_pscA.o)
 .note.GNU-stack
                0x0000000000000000        0x0 /opt/microchip/xc8/v3.10/avr/bin/../lib/gcc/avr/5.4.0/../../../../avr/lib/avrxmega2/libm.a(fp_pscB.o)
 .note.GNU-stack
                0x0000000000000000        0x0 /opt/microchip/xc8/v3.10/avr/bin/../lib/gcc/avr/5.4.0/../../../../avr/lib/avrxmega2/libm.a(fp_round.o)
 .note.GNU-stack
                0x0000000000000000        0x0 /opt/microchip/xc8/v3.10/avr/bin/../lib/gcc/avr/5.4.0/../../../../avr/lib/avrxmega2/libm.a(fp_split3.o)
 .note.GNU-stack
                0x0000000000000000        0x0 /opt/microchip/xc8/v3.10/avr/bin/../lib/gcc/avr/5.4.0/../../../../avr/lib/avrxmega2/libm.a(fp_zero.o)
 .note.GNU-stack
                0x0000000000000000        0x0 /opt/microchip/xc8/v3.10/avr/bin/../lib/gcc/avr/5.4.0/../../../../avr/lib/avrxmega2/libm.a(mulsf3.o)
 .note.GNU-stack
                0x0000000000000000        0x0 /opt/microchip/xc8/v3.10/avr/bin/../lib/gcc/avr/5.4.0/../../../../avr/lib/avrxmega2/libm.a(mulsf3x.o)
 .note.GNU-stack
                0x0000000000000000        0x0 /opt/microchip/xc8/v3.10/avr/bin/../lib/gcc/avr/5.4.0/../../../../avr/lib/avrxmega2/libc.a(exit.o)
 .note.GNU-stack
                0x0000000000000000        0x0 /opt/microchip/xc8/v3.10/avr/bin/../lib/gcc/avr/5.4.0/../../../../avr/lib/avrxmega2/libc.a(__sio_printf_dfosux.o)
 .note.GNU-stack
                0x0000000000000000        0x0 /opt/microchip/xc8/v3.10/avr/bin/../lib/gcc/avr/5.4.0/../../../../avr/lib/avrxmega2/libc.a(__sio_printf_dfoux.o)
 .note.GNU-stack
                0x0000000000000000        0x0 /opt/microchip/xc8/v3.10/avr/bin/../lib/gcc/avr/5.4.0/../../../../avr/lib/avrxmega2/libc.a(__sio_printf_doux.o)
 .note.GNU-stack
                0x0000000000000000        0x0 /opt/microchip/xc8/v3.10/avr/bin/../lib/gcc/avr/5.4.0/../../../../avr/lib/avrxmega2/libc.a(__fmt_d.o)
 .note.GNU-stack
                0x0000000000000000        0x0 /opt/microchip/xc8/v3.10/avr/bin/../lib/gcc/avr/5.4.0/../../../../avr/lib/avrxmega2/libc.a(__fmt_fp.o)
 .note.GNU-stack
                0x0000000000000000        0x0 /opt/microchip/xc8/v3.10/avr/bin/../lib/gcc/avr/5.4.0/../../../../avr/lib/avrxmega2/libc.a(__fmt_o.o)
 .note.GNU-stack
                0x0000000000000000        0x0 /opt/microchip/xc8/v3.10/avr/bin/../lib/gcc/avr/5.4.0/../../../../avr/lib/avrxmega2/libc.a(__fmt_s.o)
 .note.GNU-stack
                0x0000000000000000        0x0 /opt/microchip/xc8/v3.10/avr/bin/../lib/gcc/avr/5.4.0/../../../../avr/lib/avrxmega2/libc.a(__fmt_u.o)
 .note.GNU-stack
                0x0000000000000000        0x0 /opt/microchip/xc8/v3.10/avr/bin/../lib/gcc/avr/5.4.0/../../../../avr/lib/avrxmega2/libc.a(__fmt_x.o)
 .note.GNU-stack
                0x0000000000000000        0x0 /opt/microchip/xc8/v3.10/avr/bin/../lib/gcc/avr/5.4.0/../../../../avr/lib/avrxmega2/libc.a(__pop_int.o)
 .note.GNU-stack
                0x0000000000000000        0x0 /opt/microchip/xc8/v3.10/avr/bin/../lib/gcc/avr/5.4.0/../../../../avr/lib/avrxmega2/libc.a(__printf_core.o)
 .note.GNU-stack
                0x0000000000000000        0x0 /opt/microchip/xc8/v3.10/avr/bin/../lib/gcc/avr/5.4.0/../../../../avr/lib/avrxmega2/libc.a(fputc.o)
 .note.GNU-stack
                0x0000000000000000        0x0 /opt/microchip/xc8/v3.10/avr/bin/../lib/gcc/avr/5.4.0/../../../../avr/lib/avrxmega2/libc.a(puts.o)
 .note.GNU-stack
                0x0000000000000000        0x0 /opt/microchip/xc8/v3.10/avr/bin/../lib/gcc/avr/5.4.0/../../../../avr/lib/avrxmega2/libc.a(stdout.o)
 .note.GNU-stack
                0x0000000000000000        0x0 /opt/microchip/xc8/v3.10/avr/bin/../lib/gcc/avr/5.4.0/../../../../avr/lib/avrxmega2/libc.a(__pop_float.o)
 .note.GNU-stack
                0x0000000000000000        0x0 /opt/microchip/xc8/v3.10/avr/bin/../lib/gcc/avr/5.4.0/../../../../avr/lib/avrxmega2/libc.a(memset.o)
 .note.GNU-stack
                0x0000000000000000        0x0 /opt/microchip/xc8/v3.10/avr/bin/../lib/gcc/avr/5.4.0/../../../../avr/lib/avrxmega2/libc.a(strcpy.o)
 .note.GNU-stack
                0x0000000000000000        0x0 /opt/microchip/xc8/v3.10/avr/bin/../lib/gcc/avr/5.4.0/../../../../avr/lib/avrxmega2/libc.a(strlen.o)
 .note.GNU-stack
                0x0000000000000000        0x0 /opt/microchip/xc8/v3.10/avr/bin/../lib/gcc/avr/5.4.0/../../../../avr/lib/avrxmega2/libc.a(tolower.o)
 .note.GNU-stack
                0x0000000000000000        0x0 /opt/microchip/xc8/v3.10/avr/bin/../lib/gcc/avr/5.4.0/../../../../avr/lib/avrxmega2/libc.a(toupper.o)
 .note.GNU-stack
                0x0000000000000000        0x0 /opt/microchip/xc8/v3.10/avr/bin/../lib/gcc/avr/5.4.0/../../../../avr/lib/avrxmega2/libc.a(errno.o)
 .note.GNU-stack
                0x0000000000000000        0x0 /opt/microchip/xc8/v3.10/avr/bin/../lib/gcc/avr/5.4.0/../../../../avr/lib/avrxmega2/libc.a(_Exit.o)
 .note.GNU-stack
                0x0000000000000000        0x0 /opt/microchip/xc8/v3.10/avr/bin/../lib/gcc/avr/5.4.0/../../../../avr/lib/avrxmega2/libc.a(__int_vfprintf.o)
 .note.GNU-stack
                0x0000000000000000        0x0 /opt/microchip/xc8/v3.10/avr/bin/../lib/gcc/avr/5.4.0/../../../../avr/lib/avrxmega2/libc.a(fputs.o)
 .note.GNU-stack
                0x0000000000000000        0x0 /opt/microchip/xc8/v3.10/avr/bin/../lib/gcc/avr/5.4.0/../../../../avr/lib/avrxmega2/libm.a(addsf3.o)
 .note.GNU-stack
                0x0000000000000000        0x0 /opt/microchip/xc8/v3.10/avr/bin/../lib/gcc/avr/5.4.0/../../../../avr/lib/avrxmega2/libm.a(addsf3x.o)
 .note.GNU-stack
                0x0000000000000000        0x0 /opt/microchip/xc8/v3.10/avr/bin/../lib/gcc/avr/5.4.0/../../../../avr/lib/avrxmega2/libm.a(cmpsf2.o)
 .note.GNU-stack
                0x0000000000000000        0x0 /opt/microchip/xc8/v3.10/avr/bin/../lib/gcc/avr/5.4.0/../../../../avr/lib/avrxmega2/libm.a(floorf.o)
 .note.GNU-stack
                0x0000000000000000        0x0 /opt/microchip/xc8/v3.10/avr/bin/../lib/gcc/avr/5.4.0/../../../../avr/lib/avrxmega2/libm.a(fp_cmp.o)
 .note.GNU-stack
                0x0000000000000000        0x0 /opt/microchip/xc8/v3.10/avr/bin/../lib/gcc/avr/5.4.0/../../../../avr/lib/avrxmega2/libm.a(gesf2.o)

.note.gnu.build-id
 *(.note.gnu.build-id)

.debug
 *(.debug)

.line
 *(.line)

.debug_srcinfo
 *(.debug_srcinfo)

.debug_sfnames
 *(.debug_sfnames)

.debug_aranges  0x0000000000000000      0x6d0
 *(.debug_aranges)
 .debug_aranges
                0x0000000000000000       0x20 CMakeFiles/probe_5028_devkit_firmware_default_default_XC8_assemblePreprocess.dir/home/probe-5028/MPLABProjects/probe-5028-devkit-firmware/My_MCC_Config/mcc/mcc_generated_files/system/src/protected_io.S.o
 .debug_aranges
                0x0000000000000020       0x30 CMakeFiles/probe_5028_devkit_firmware_default_default_XC8_compile.dir/home/probe-5028/MPLABProjects/probe-5028-devkit-firmware/My_MCC_Config/mcc/eeprom_wrapper.c.o
 .debug_aranges
                0x0000000000000050       0x88 CMakeFiles/probe_5028_devkit_firmware_default_default_XC8_compile.dir/home/probe-5028/MPLABProjects/probe-5028-devkit-firmware/My_MCC_Config/mcc/main.c.o
 .debug_aranges
                0x00000000000000d8      0x120 CMakeFiles/probe_5028_devkit_firmware_default_default_XC8_compile.dir/home/probe-5028/MPLABProjects/probe-5028-devkit-firmware/My_MCC_Config/mcc/mcc_generated_files/adc/src/adc0.c.o
 .debug_aranges
                0x00000000000001f8       0x40 CMakeFiles/probe_5028_devkit_firmware_default_default_XC8_compile.dir/home/probe-5028/MPLABProjects/probe-5028-devkit-firmware/My_MCC_Config/mcc/mcc_generated_files/dac/src/dac0.c.o
 .debug_aranges
                0x0000000000000238       0x80 CMakeFiles/probe_5028_devkit_firmware_default_default_XC8_compile.dir/home/probe-5028/MPLABProjects/probe-5028-devkit-firmware/My_MCC_Config/mcc/mcc_generated_files/nvm/src/nvm.c.o
 .debug_aranges
                0x00000000000002b8       0x38 CMakeFiles/probe_5028_devkit_firmware_default_default_XC8_compile.dir/home/probe-5028/MPLABProjects/probe-5028-devkit-firmware/My_MCC_Config/mcc/mcc_generated_files/reset/src/rstctrl.c.o
 .debug_aranges
                0x00000000000002f0       0x30 CMakeFiles/probe_5028_devkit_firmware_default_default_XC8_compile.dir/home/probe-5028/MPLABProjects/probe-5028-devkit-firmware/My_MCC_Config/mcc/mcc_generated_files/system/src/clock.c.o
 .debug_aranges
                0x0000000000000320       0x18 CMakeFiles/probe_5028_devkit_firmware_default_default_XC8_compile.dir/home/probe-5028/MPLABProjects/probe-5028-devkit-firmware/My_MCC_Config/mcc/mcc_generated_files/system/src/config_bits.c.o
 .debug_aranges
                0x0000000000000338       0x20 CMakeFiles/probe_5028_devkit_firmware_default_default_XC8_compile.dir/home/probe-5028/MPLABProjects/probe-5028-devkit-firmware/My_MCC_Config/mcc/mcc_generated_files/system/src/interrupt.c.o
 .debug_aranges
                0x0000000000000358       0xb0 CMakeFiles/probe_5028_devkit_firmware_default_default_XC8_compile.dir/home/probe-5028/MPLABProjects/probe-5028-devkit-firmware/My_MCC_Config/mcc/mcc_generated_files/system/src/pins.c.o
 .debug_aranges
                0x0000000000000408       0x20 CMakeFiles/probe_5028_devkit_firmware_default_default_XC8_compile.dir/home/probe-5028/MPLABProjects/probe-5028-devkit-firmware/My_MCC_Config/mcc/mcc_generated_files/system/src/system.c.o
 .debug_aranges
                0x0000000000000428       0xf0 CMakeFiles/probe_5028_devkit_firmware_default_default_XC8_compile.dir/home/probe-5028/MPLABProjects/probe-5028-devkit-firmware/My_MCC_Config/mcc/mcc_generated_files/timer/src/tca0.c.o
 .debug_aranges
                0x0000000000000518       0xb8 CMakeFiles/probe_5028_devkit_firmware_default_default_XC8_compile.dir/home/probe-5028/MPLABProjects/probe-5028-devkit-firmware/My_MCC_Config/mcc/mcc_generated_files/timer/src/tcb0.c.o
 .debug_aranges
                0x00000000000005d0       0xe0 CMakeFiles/probe_5028_devkit_firmware_default_default_XC8_compile.dir/home/probe-5028/MPLABProjects/probe-5028-devkit-firmware/My_MCC_Config/mcc/mcc_generated_files/uart/src/usart0.c.o
 .debug_aranges
                0x00000000000006b0       0x20 CMakeFiles/probe_5028_devkit_firmware_default_default_XC8_compile.dir/home/probe-5028/MPLABProjects/probe-5028-devkit-firmware/My_MCC_Config/mcc/mcc_generated_files/vref/src/vref.c.o

.debug_pubnames
 *(.debug_pubnames)

.debug_info     0x0000000000000000     0xcd89
 *(.debug_info .gnu.linkonce.wi.*)
 .debug_info    0x0000000000000000     0x22a4 /home/probe-5028/.mchp_packs/Microchip/AVR-Dx_DFP/2.7.321/xc8/avr/lib/avrxmega2/crtavr64dd32.o
 .debug_info    0x00000000000022a4      0x104 CMakeFiles/probe_5028_devkit_firmware_default_default_XC8_assemblePreprocess.dir/home/probe-5028/MPLABProjects/probe-5028-devkit-firmware/My_MCC_Config/mcc/mcc_generated_files/system/src/protected_io.S.o
 .debug_info    0x00000000000023a8      0x972 CMakeFiles/probe_5028_devkit_firmware_default_default_XC8_compile.dir/home/probe-5028/MPLABProjects/probe-5028-devkit-firmware/My_MCC_Config/mcc/eeprom_wrapper.c.o
 .debug_info    0x0000000000002d1a     0x14d2 CMakeFiles/probe_5028_devkit_firmware_default_default_XC8_compile.dir/home/probe-5028/MPLABProjects/probe-5028-devkit-firmware/My_MCC_Config/mcc/main.c.o
 .debug_info    0x00000000000041ec     0x1ac0 CMakeFiles/probe_5028_devkit_firmware_default_default_XC8_compile.dir/home/probe-5028/MPLABProjects/probe-5028-devkit-firmware/My_MCC_Config/mcc/mcc_generated_files/adc/src/adc0.c.o
 .debug_info    0x0000000000005cac      0x430 CMakeFiles/probe_5028_devkit_firmware_default_default_XC8_compile.dir/home/probe-5028/MPLABProjects/probe-5028-devkit-firmware/My_MCC_Config/mcc/mcc_generated_files/dac/src/dac0.c.o
 .debug_info    0x00000000000060dc      0xd9f CMakeFiles/probe_5028_devkit_firmware_default_default_XC8_compile.dir/home/probe-5028/MPLABProjects/probe-5028-devkit-firmware/My_MCC_Config/mcc/mcc_generated_files/nvm/src/nvm.c.o
 .debug_info    0x0000000000006e7b      0x4ee CMakeFiles/probe_5028_devkit_firmware_default_default_XC8_compile.dir/home/probe-5028/MPLABProjects/probe-5028-devkit-firmware/My_MCC_Config/mcc/mcc_generated_files/reset/src/rstctrl.c.o
 .debug_info    0x0000000000007369      0xeea CMakeFiles/probe_5028_devkit_firmware_default_default_XC8_compile.dir/home/probe-5028/MPLABProjects/probe-5028-devkit-firmware/My_MCC_Config/mcc/mcc_generated_files/system/src/clock.c.o
 .debug_info    0x0000000000008253      0x8d6 CMakeFiles/probe_5028_devkit_firmware_default_default_XC8_compile.dir/home/probe-5028/MPLABProjects/probe-5028-devkit-firmware/My_MCC_Config/mcc/mcc_generated_files/system/src/config_bits.c.o
 .debug_info    0x0000000000008b29      0x3e2 CMakeFiles/probe_5028_devkit_firmware_default_default_XC8_compile.dir/home/probe-5028/MPLABProjects/probe-5028-devkit-firmware/My_MCC_Config/mcc/mcc_generated_files/system/src/interrupt.c.o
 .debug_info    0x0000000000008f0b      0xbaf CMakeFiles/probe_5028_devkit_firmware_default_default_XC8_compile.dir/home/probe-5028/MPLABProjects/probe-5028-devkit-firmware/My_MCC_Config/mcc/mcc_generated_files/system/src/pins.c.o
 .debug_info    0x0000000000009aba      0x37f CMakeFiles/probe_5028_devkit_firmware_default_default_XC8_compile.dir/home/probe-5028/MPLABProjects/probe-5028-devkit-firmware/My_MCC_Config/mcc/mcc_generated_files/system/src/system.c.o
 .debug_info    0x0000000000009e39     0x1327 CMakeFiles/probe_5028_devkit_firmware_default_default_XC8_compile.dir/home/probe-5028/MPLABProjects/probe-5028-devkit-firmware/My_MCC_Config/mcc/mcc_generated_files/timer/src/tca0.c.o
 .debug_info    0x000000000000b160      0x97d CMakeFiles/probe_5028_devkit_firmware_default_default_XC8_compile.dir/home/probe-5028/MPLABProjects/probe-5028-devkit-firmware/My_MCC_Config/mcc/mcc_generated_files/timer/src/tcb0.c.o
 .debug_info    0x000000000000badd      0xf5e CMakeFiles/probe_5028_devkit_firmware_default_default_XC8_compile.dir/home/probe-5028/MPLABProjects/probe-5028-devkit-firmware/My_MCC_Config/mcc/mcc_generated_files/uart/src/usart0.c.o
 .debug_info    0x000000000000ca3b      0x34e CMakeFiles/probe_5028_devkit_firmware_default_default_XC8_compile.dir/home/probe-5028/MPLABProjects/probe-5028-devkit-firmware/My_MCC_Config/mcc/mcc_generated_files/vref/src/vref.c.o

.debug_abbrev   0x0000000000000000     0x3829
 *(.debug_abbrev)
 .debug_abbrev  0x0000000000000000     0x20ce /home/probe-5028/.mchp_packs/Microchip/AVR-Dx_DFP/2.7.321/xc8/avr/lib/avrxmega2/crtavr64dd32.o
 .debug_abbrev  0x00000000000020ce       0x14 CMakeFiles/probe_5028_devkit_firmware_default_default_XC8_assemblePreprocess.dir/home/probe-5028/MPLABProjects/probe-5028-devkit-firmware/My_MCC_Config/mcc/mcc_generated_files/system/src/protected_io.S.o
 .debug_abbrev  0x00000000000020e2      0x202 CMakeFiles/probe_5028_devkit_firmware_default_default_XC8_compile.dir/home/probe-5028/MPLABProjects/probe-5028-devkit-firmware/My_MCC_Config/mcc/eeprom_wrapper.c.o
 .debug_abbrev  0x00000000000022e4      0x34b CMakeFiles/probe_5028_devkit_firmware_default_default_XC8_compile.dir/home/probe-5028/MPLABProjects/probe-5028-devkit-firmware/My_MCC_Config/mcc/main.c.o
 .debug_abbrev  0x000000000000262f      0x1b8 CMakeFiles/probe_5028_devkit_firmware_default_default_XC8_compile.dir/home/probe-5028/MPLABProjects/probe-5028-devkit-firmware/My_MCC_Config/mcc/mcc_generated_files/adc/src/adc0.c.o
 .debug_abbrev  0x00000000000027e7      0x102 CMakeFiles/probe_5028_devkit_firmware_default_default_XC8_compile.dir/home/probe-5028/MPLABProjects/probe-5028-devkit-firmware/My_MCC_Config/mcc/mcc_generated_files/dac/src/dac0.c.o
 .debug_abbrev  0x00000000000028e9      0x22f CMakeFiles/probe_5028_devkit_firmware_default_default_XC8_compile.dir/home/probe-5028/MPLABProjects/probe-5028-devkit-firmware/My_MCC_Config/mcc/mcc_generated_files/nvm/src/nvm.c.o
 .debug_abbrev  0x0000000000002b18      0x15a CMakeFiles/probe_5028_devkit_firmware_default_default_XC8_compile.dir/home/probe-5028/MPLABProjects/probe-5028-devkit-firmware/My_MCC_Config/mcc/mcc_generated_files/reset/src/rstctrl.c.o
 .debug_abbrev  0x0000000000002c72      0x133 CMakeFiles/probe_5028_devkit_firmware_default_default_XC8_compile.dir/home/probe-5028/MPLABProjects/probe-5028-devkit-firmware/My_MCC_Config/mcc/mcc_generated_files/system/src/clock.c.o
 .debug_abbrev  0x0000000000002da5       0x95 CMakeFiles/probe_5028_devkit_firmware_default_default_XC8_compile.dir/home/probe-5028/MPLABProjects/probe-5028-devkit-firmware/My_MCC_Config/mcc/mcc_generated_files/system/src/config_bits.c.o
 .debug_abbrev  0x0000000000002e3a       0xf8 CMakeFiles/probe_5028_devkit_firmware_default_default_XC8_compile.dir/home/probe-5028/MPLABProjects/probe-5028-devkit-firmware/My_MCC_Config/mcc/mcc_generated_files/system/src/interrupt.c.o
 .debug_abbrev  0x0000000000002f32      0x148 CMakeFiles/probe_5028_devkit_firmware_default_default_XC8_compile.dir/home/probe-5028/MPLABProjects/probe-5028-devkit-firmware/My_MCC_Config/mcc/mcc_generated_files/system/src/pins.c.o
 .debug_abbrev  0x000000000000307a       0x56 CMakeFiles/probe_5028_devkit_firmware_default_default_XC8_compile.dir/home/probe-5028/MPLABProjects/probe-5028-devkit-firmware/My_MCC_Config/mcc/mcc_generated_files/system/src/system.c.o
 .debug_abbrev  0x00000000000030d0      0x1e8 CMakeFiles/probe_5028_devkit_firmware_default_default_XC8_compile.dir/home/probe-5028/MPLABProjects/probe-5028-devkit-firmware/My_MCC_Config/mcc/mcc_generated_files/timer/src/tca0.c.o
 .debug_abbrev  0x00000000000032b8      0x1e7 CMakeFiles/probe_5028_devkit_firmware_default_default_XC8_compile.dir/home/probe-5028/MPLABProjects/probe-5028-devkit-firmware/My_MCC_Config/mcc/mcc_generated_files/timer/src/tcb0.c.o
 .debug_abbrev  0x000000000000349f      0x300 CMakeFiles/probe_5028_devkit_firmware_default_default_XC8_compile.dir/home/probe-5028/MPLABProjects/probe-5028-devkit-firmware/My_MCC_Config/mcc/mcc_generated_files/uart/src/usart0.c.o
 .debug_abbrev  0x000000000000379f       0x8a CMakeFiles/probe_5028_devkit_firmware_default_default_XC8_compile.dir/home/probe-5028/MPLABProjects/probe-5028-devkit-firmware/My_MCC_Config/mcc/mcc_generated_files/vref/src/vref.c.o

.debug_line     0x0000000000000000     0x3cf4
 *(.debug_line .debug_line.* .debug_line_end)
 .debug_line    0x0000000000000000      0x16f /home/probe-5028/.mchp_packs/Microchip/AVR-Dx_DFP/2.7.321/xc8/avr/lib/avrxmega2/crtavr64dd32.o
 .debug_line    0x000000000000016f       0xb9 CMakeFiles/probe_5028_devkit_firmware_default_default_XC8_assemblePreprocess.dir/home/probe-5028/MPLABProjects/probe-5028-devkit-firmware/My_MCC_Config/mcc/mcc_generated_files/system/src/protected_io.S.o
 .debug_line    0x0000000000000228      0x323 CMakeFiles/probe_5028_devkit_firmware_default_default_XC8_compile.dir/home/probe-5028/MPLABProjects/probe-5028-devkit-firmware/My_MCC_Config/mcc/eeprom_wrapper.c.o
 .debug_line    0x000000000000054b      0x910 CMakeFiles/probe_5028_devkit_firmware_default_default_XC8_compile.dir/home/probe-5028/MPLABProjects/probe-5028-devkit-firmware/My_MCC_Config/mcc/main.c.o
 .debug_line    0x0000000000000e5b      0x5cf CMakeFiles/probe_5028_devkit_firmware_default_default_XC8_compile.dir/home/probe-5028/MPLABProjects/probe-5028-devkit-firmware/My_MCC_Config/mcc/mcc_generated_files/adc/src/adc0.c.o
 .debug_line    0x000000000000142a      0x21d CMakeFiles/probe_5028_devkit_firmware_default_default_XC8_compile.dir/home/probe-5028/MPLABProjects/probe-5028-devkit-firmware/My_MCC_Config/mcc/mcc_generated_files/dac/src/dac0.c.o
 .debug_line    0x0000000000001647      0x48b CMakeFiles/probe_5028_devkit_firmware_default_default_XC8_compile.dir/home/probe-5028/MPLABProjects/probe-5028-devkit-firmware/My_MCC_Config/mcc/mcc_generated_files/nvm/src/nvm.c.o
 .debug_line    0x0000000000001ad2      0x35b CMakeFiles/probe_5028_devkit_firmware_default_default_XC8_compile.dir/home/probe-5028/MPLABProjects/probe-5028-devkit-firmware/My_MCC_Config/mcc/mcc_generated_files/reset/src/rstctrl.c.o
 .debug_line    0x0000000000001e2d      0x296 CMakeFiles/probe_5028_devkit_firmware_default_default_XC8_compile.dir/home/probe-5028/MPLABProjects/probe-5028-devkit-firmware/My_MCC_Config/mcc/mcc_generated_files/system/src/clock.c.o
 .debug_line    0x00000000000020c3      0x131 CMakeFiles/probe_5028_devkit_firmware_default_default_XC8_compile.dir/home/probe-5028/MPLABProjects/probe-5028-devkit-firmware/My_MCC_Config/mcc/mcc_generated_files/system/src/config_bits.c.o
 .debug_line    0x00000000000021f4      0x262 CMakeFiles/probe_5028_devkit_firmware_default_default_XC8_compile.dir/home/probe-5028/MPLABProjects/probe-5028-devkit-firmware/My_MCC_Config/mcc/mcc_generated_files/system/src/interrupt.c.o
 .debug_line    0x0000000000002456      0x471 CMakeFiles/probe_5028_devkit_firmware_default_default_XC8_compile.dir/home/probe-5028/MPLABProjects/probe-5028-devkit-firmware/My_MCC_Config/mcc/mcc_generated_files/system/src/pins.c.o
 .debug_line    0x00000000000028c7      0x482 CMakeFiles/probe_5028_devkit_firmware_default_default_XC8_compile.dir/home/probe-5028/MPLABProjects/probe-5028-devkit-firmware/My_MCC_Config/mcc/mcc_generated_files/system/src/system.c.o
 .debug_line    0x0000000000002d49      0x53e CMakeFiles/probe_5028_devkit_firmware_default_default_XC8_compile.dir/home/probe-5028/MPLABProjects/probe-5028-devkit-firmware/My_MCC_Config/mcc/mcc_generated_files/timer/src/tca0.c.o
 .debug_line    0x0000000000003287      0x3aa CMakeFiles/probe_5028_devkit_firmware_default_default_XC8_compile.dir/home/probe-5028/MPLABProjects/probe-5028-devkit-firmware/My_MCC_Config/mcc/mcc_generated_files/timer/src/tcb0.c.o
 .debug_line    0x0000000000003631      0x573 CMakeFiles/probe_5028_devkit_firmware_default_default_XC8_compile.dir/home/probe-5028/MPLABProjects/probe-5028-devkit-firmware/My_MCC_Config/mcc/mcc_generated_files/uart/src/usart0.c.o
 .debug_line    0x0000000000003ba4      0x150 CMakeFiles/probe_5028_devkit_firmware_default_default_XC8_compile.dir/home/probe-5028/MPLABProjects/probe-5028-devkit-firmware/My_MCC_Config/mcc/mcc_generated_files/vref/src/vref.c.o

.debug_frame    0x0000000000000000     0x1020
 *(.debug_frame)
 .debug_frame   0x0000000000000000       0x88 CMakeFiles/probe_5028_devkit_firmware_default_default_XC8_compile.dir/home/probe-5028/MPLABProjects/probe-5028-devkit-firmware/My_MCC_Config/mcc/eeprom_wrapper.c.o
 .debug_frame   0x0000000000000088      0x228 CMakeFiles/probe_5028_devkit_firmware_default_default_XC8_compile.dir/home/probe-5028/MPLABProjects/probe-5028-devkit-firmware/My_MCC_Config/mcc/main.c.o
 .debug_frame   0x00000000000002b0      0x2b4 CMakeFiles/probe_5028_devkit_firmware_default_default_XC8_compile.dir/home/probe-5028/MPLABProjects/probe-5028-devkit-firmware/My_MCC_Config/mcc/mcc_generated_files/adc/src/adc0.c.o
 .debug_frame   0x0000000000000564       0x64 CMakeFiles/probe_5028_devkit_firmware_default_default_XC8_compile.dir/home/probe-5028/MPLABProjects/probe-5028-devkit-firmware/My_MCC_Config/mcc/mcc_generated_files/dac/src/dac0.c.o
 .debug_frame   0x00000000000005c8      0x148 CMakeFiles/probe_5028_devkit_firmware_default_default_XC8_compile.dir/home/probe-5028/MPLABProjects/probe-5028-devkit-firmware/My_MCC_Config/mcc/mcc_generated_files/nvm/src/nvm.c.o
 .debug_frame   0x0000000000000710       0x54 CMakeFiles/probe_5028_devkit_firmware_default_default_XC8_compile.dir/home/probe-5028/MPLABProjects/probe-5028-devkit-firmware/My_MCC_Config/mcc/mcc_generated_files/reset/src/rstctrl.c.o
 .debug_frame   0x0000000000000764       0x44 CMakeFiles/probe_5028_devkit_firmware_default_default_XC8_compile.dir/home/probe-5028/MPLABProjects/probe-5028-devkit-firmware/My_MCC_Config/mcc/mcc_generated_files/system/src/clock.c.o
 .debug_frame   0x00000000000007a8       0x24 CMakeFiles/probe_5028_devkit_firmware_default_default_XC8_compile.dir/home/probe-5028/MPLABProjects/probe-5028-devkit-firmware/My_MCC_Config/mcc/mcc_generated_files/system/src/interrupt.c.o
 .debug_frame   0x00000000000007cc      0x228 CMakeFiles/probe_5028_devkit_firmware_default_default_XC8_compile.dir/home/probe-5028/MPLABProjects/probe-5028-devkit-firmware/My_MCC_Config/mcc/mcc_generated_files/system/src/pins.c.o
 .debug_frame   0x00000000000009f4       0x24 CMakeFiles/probe_5028_devkit_firmware_default_default_XC8_compile.dir/home/probe-5028/MPLABProjects/probe-5028-devkit-firmware/My_MCC_Config/mcc/mcc_generated_files/system/src/system.c.o
 .debug_frame   0x0000000000000a18      0x2e4 CMakeFiles/probe_5028_devkit_firmware_default_default_XC8_compile.dir/home/probe-5028/MPLABProjects/probe-5028-devkit-firmware/My_MCC_Config/mcc/mcc_generated_files/timer/src/tca0.c.o
 .debug_frame   0x0000000000000cfc      0x154 CMakeFiles/probe_5028_devkit_firmware_default_default_XC8_compile.dir/home/probe-5028/MPLABProjects/probe-5028-devkit-firmware/My_MCC_Config/mcc/mcc_generated_files/timer/src/tcb0.c.o
 .debug_frame   0x0000000000000e50      0x1ac CMakeFiles/probe_5028_devkit_firmware_default_default_XC8_compile.dir/home/probe-5028/MPLABProjects/probe-5028-devkit-firmware/My_MCC_Config/mcc/mcc_generated_files/uart/src/usart0.c.o
 .debug_frame   0x0000000000000ffc       0x24 CMakeFiles/probe_5028_devkit_firmware_default_default_XC8_compile.dir/home/probe-5028/MPLABProjects/probe-5028-devkit-firmware/My_MCC_Config/mcc/mcc_generated_files/vref/src/vref.c.o

.debug_str      0x0000000000000000     0x1335
 *(.debug_str)
 .debug_str     0x0000000000000000      0xefb /home/probe-5028/.mchp_packs/Microchip/AVR-Dx_DFP/2.7.321/xc8/avr/lib/avrxmega2/crtavr64dd32.o
 .debug_str     0x0000000000000efb       0x78 CMakeFiles/probe_5028_devkit_firmware_default_default_XC8_compile.dir/home/probe-5028/MPLABProjects/probe-5028-devkit-firmware/My_MCC_Config/mcc/eeprom_wrapper.c.o
 .debug_str     0x0000000000000f73      0x1f8 CMakeFiles/probe_5028_devkit_firmware_default_default_XC8_compile.dir/home/probe-5028/MPLABProjects/probe-5028-devkit-firmware/My_MCC_Config/mcc/main.c.o
 .debug_str     0x000000000000116b        0x9 CMakeFiles/probe_5028_devkit_firmware_default_default_XC8_compile.dir/home/probe-5028/MPLABProjects/probe-5028-devkit-firmware/My_MCC_Config/mcc/mcc_generated_files/adc/src/adc0.c.o
 .debug_str     0x0000000000001174        0x0 CMakeFiles/probe_5028_devkit_firmware_default_default_XC8_compile.dir/home/probe-5028/MPLABProjects/probe-5028-devkit-firmware/My_MCC_Config/mcc/mcc_generated_files/dac/src/dac0.c.o
 .debug_str     0x0000000000001174       0x1b CMakeFiles/probe_5028_devkit_firmware_default_default_XC8_compile.dir/home/probe-5028/MPLABProjects/probe-5028-devkit-firmware/My_MCC_Config/mcc/mcc_generated_files/nvm/src/nvm.c.o
 .debug_str     0x000000000000118f       0x13 CMakeFiles/probe_5028_devkit_firmware_default_default_XC8_compile.dir/home/probe-5028/MPLABProjects/probe-5028-devkit-firmware/My_MCC_Config/mcc/mcc_generated_files/reset/src/rstctrl.c.o
 .debug_str     0x00000000000011a2       0x13 CMakeFiles/probe_5028_devkit_firmware_default_default_XC8_compile.dir/home/probe-5028/MPLABProjects/probe-5028-devkit-firmware/My_MCC_Config/mcc/mcc_generated_files/system/src/clock.c.o
 .debug_str     0x00000000000011b5        0x0 CMakeFiles/probe_5028_devkit_firmware_default_default_XC8_compile.dir/home/probe-5028/MPLABProjects/probe-5028-devkit-firmware/My_MCC_Config/mcc/mcc_generated_files/system/src/config_bits.c.o
 .debug_str     0x00000000000011b5       0x13 CMakeFiles/probe_5028_devkit_firmware_default_default_XC8_compile.dir/home/probe-5028/MPLABProjects/probe-5028-devkit-firmware/My_MCC_Config/mcc/mcc_generated_files/system/src/interrupt.c.o
 .debug_str     0x00000000000011c8       0x30 CMakeFiles/probe_5028_devkit_firmware_default_default_XC8_compile.dir/home/probe-5028/MPLABProjects/probe-5028-devkit-firmware/My_MCC_Config/mcc/mcc_generated_files/system/src/pins.c.o
 .debug_str     0x00000000000011f8       0xab CMakeFiles/probe_5028_devkit_firmware_default_default_XC8_compile.dir/home/probe-5028/MPLABProjects/probe-5028-devkit-firmware/My_MCC_Config/mcc/mcc_generated_files/system/src/system.c.o
 .debug_str     0x00000000000012a3       0x72 CMakeFiles/probe_5028_devkit_firmware_default_default_XC8_compile.dir/home/probe-5028/MPLABProjects/probe-5028-devkit-firmware/My_MCC_Config/mcc/mcc_generated_files/timer/src/tca0.c.o
 .debug_str     0x0000000000001315       0x10 CMakeFiles/probe_5028_devkit_firmware_default_default_XC8_compile.dir/home/probe-5028/MPLABProjects/probe-5028-devkit-firmware/My_MCC_Config/mcc/mcc_generated_files/timer/src/tcb0.c.o
 .debug_str     0x0000000000001325       0x10 CMakeFiles/probe_5028_devkit_firmware_default_default_XC8_compile.dir/home/probe-5028/MPLABProjects/probe-5028-devkit-firmware/My_MCC_Config/mcc/mcc_generated_files/uart/src/usart0.c.o
 .debug_str     0x0000000000001335        0x0 CMakeFiles/probe_5028_devkit_firmware_default_default_XC8_compile.dir/home/probe-5028/MPLABProjects/probe-5028-devkit-firmware/My_MCC_Config/mcc/mcc_generated_files/vref/src/vref.c.o

.debug_loc      0x0000000000000000     0x140f
 *(.debug_loc)
 .debug_loc     0x0000000000000000      0x226 CMakeFiles/probe_5028_devkit_firmware_default_default_XC8_compile.dir/home/probe-5028/MPLABProjects/probe-5028-devkit-firmware/My_MCC_Config/mcc/eeprom_wrapper.c.o
 .debug_loc     0x0000000000000226      0x88d CMakeFiles/probe_5028_devkit_firmware_default_default_XC8_compile.dir/home/probe-5028/MPLABProjects/probe-5028-devkit-firmware/My_MCC_Config/mcc/main.c.o
 .debug_loc     0x0000000000000ab3       0x6f CMakeFiles/probe_5028_devkit_firmware_default_default_XC8_compile.dir/home/probe-5028/MPLABProjects/probe-5028-devkit-firmware/My_MCC_Config/mcc/mcc_generated_files/adc/src/adc0.c.o
 .debug_loc     0x0000000000000b22       0x28 CMakeFiles/probe_5028_devkit_firmware_default_default_XC8_compile.dir/home/probe-5028/MPLABProjects/probe-5028-devkit-firmware/My_MCC_Config/mcc/mcc_generated_files/dac/src/dac0.c.o
 .debug_loc     0x0000000000000b4a      0x49f CMakeFiles/probe_5028_devkit_firmware_default_default_XC8_compile.dir/home/probe-5028/MPLABProjects/probe-5028-devkit-firmware/My_MCC_Config/mcc/mcc_generated_files/nvm/src/nvm.c.o
 .debug_loc     0x0000000000000fe9       0xc7 CMakeFiles/probe_5028_devkit_firmware_default_default_XC8_compile.dir/home/probe-5028/MPLABProjects/probe-5028-devkit-firmware/My_MCC_Config/mcc/mcc_generated_files/reset/src/rstctrl.c.o
 .debug_loc     0x00000000000010b0      0x23b CMakeFiles/probe_5028_devkit_firmware_default_default_XC8_compile.dir/home/probe-5028/MPLABProjects/probe-5028-devkit-firmware/My_MCC_Config/mcc/mcc_generated_files/system/src/clock.c.o
 .debug_loc     0x00000000000012eb       0x2a CMakeFiles/probe_5028_devkit_firmware_default_default_XC8_compile.dir/home/probe-5028/MPLABProjects/probe-5028-devkit-firmware/My_MCC_Config/mcc/mcc_generated_files/system/src/interrupt.c.o
 .debug_loc     0x0000000000001315       0x34 CMakeFiles/probe_5028_devkit_firmware_default_default_XC8_compile.dir/home/probe-5028/MPLABProjects/probe-5028-devkit-firmware/My_MCC_Config/mcc/mcc_generated_files/timer/src/tca0.c.o
 .debug_loc     0x0000000000001349       0xc6 CMakeFiles/probe_5028_devkit_firmware_default_default_XC8_compile.dir/home/probe-5028/MPLABProjects/probe-5028-devkit-firmware/My_MCC_Config/mcc/mcc_generated_files/uart/src/usart0.c.o

.debug_macinfo
 *(.debug_macinfo)

.debug_weaknames
 *(.debug_weaknames)

.debug_funcnames
 *(.debug_funcnames)

.debug_typenames
 *(.debug_typenames)

.debug_varnames
 *(.debug_varnames)

.debug_pubtypes
 *(.debug_pubtypes)

.debug_ranges   0x0000000000000000      0x5d0
 *(.debug_ranges)
 .debug_ranges  0x0000000000000000       0x38 CMakeFiles/probe_5028_devkit_firmware_default_default_XC8_compile.dir/home/probe-5028/MPLABProjects/probe-5028-devkit-firmware/My_MCC_Config/mcc/eeprom_wrapper.c.o
 .debug_ranges  0x0000000000000038       0x78 CMakeFiles/probe_5028_devkit_firmware_default_default_XC8_compile.dir/home/probe-5028/MPLABProjects/probe-5028-devkit-firmware/My_MCC_Config/mcc/main.c.o
 .debug_ranges  0x00000000000000b0      0x110 CMakeFiles/probe_5028_devkit_firmware_default_default_XC8_compile.dir/home/probe-5028/MPLABProjects/probe-5028-devkit-firmware/My_MCC_Config/mcc/mcc_generated_files/adc/src/adc0.c.o
 .debug_ranges  0x00000000000001c0       0x30 CMakeFiles/probe_5028_devkit_firmware_default_default_XC8_compile.dir/home/probe-5028/MPLABProjects/probe-5028-devkit-firmware/My_MCC_Config/mcc/mcc_generated_files/dac/src/dac0.c.o
 .debug_ranges  0x00000000000001f0       0x70 CMakeFiles/probe_5028_devkit_firmware_default_default_XC8_compile.dir/home/probe-5028/MPLABProjects/probe-5028-devkit-firmware/My_MCC_Config/mcc/mcc_generated_files/nvm/src/nvm.c.o
 .debug_ranges  0x0000000000000260       0x28 CMakeFiles/probe_5028_devkit_firmware_default_default_XC8_compile.dir/home/probe-5028/MPLABProjects/probe-5028-devkit-firmware/My_MCC_Config/mcc/mcc_generated_files/reset/src/rstctrl.c.o
 .debug_ranges  0x0000000000000288       0x20 CMakeFiles/probe_5028_devkit_firmware_default_default_XC8_compile.dir/home/probe-5028/MPLABProjects/probe-5028-devkit-firmware/My_MCC_Config/mcc/mcc_generated_files/system/src/clock.c.o
 .debug_ranges  0x00000000000002a8       0x10 CMakeFiles/probe_5028_devkit_firmware_default_default_XC8_compile.dir/home/probe-5028/MPLABProjects/probe-5028-devkit-firmware/My_MCC_Config/mcc/mcc_generated_files/system/src/interrupt.c.o
 .debug_ranges  0x00000000000002b8       0xa0 CMakeFiles/probe_5028_devkit_firmware_default_default_XC8_compile.dir/home/probe-5028/MPLABProjects/probe-5028-devkit-firmware/My_MCC_Config/mcc/mcc_generated_files/system/src/pins.c.o
 .debug_ranges  0x0000000000000358       0x10 CMakeFiles/probe_5028_devkit_firmware_default_default_XC8_compile.dir/home/probe-5028/MPLABProjects/probe-5028-devkit-firmware/My_MCC_Config/mcc/mcc_generated_files/system/src/system.c.o
 .debug_ranges  0x0000000000000368       0xe0 CMakeFiles/probe_5028_devkit_firmware_default_default_XC8_compile.dir/home/probe-5028/MPLABProjects/probe-5028-devkit-firmware/My_MCC_Config/mcc/mcc_generated_files/timer/src/tca0.c.o
 .debug_ranges  0x0000000000000448       0xa8 CMakeFiles/probe_5028_devkit_firmware_default_default_XC8_compile.dir/home/probe-5028/MPLABProjects/probe-5028-devkit-firmware/My_MCC_Config/mcc/mcc_generated_files/timer/src/tcb0.c.o
 .debug_ranges  0x00000000000004f0       0xd0 CMakeFiles/probe_5028_devkit_firmware_default_default_XC8_compile.dir/home/probe-5028/MPLABProjects/probe-5028-devkit-firmware/My_MCC_Config/mcc/mcc_generated_files/uart/src/usart0.c.o
 .debug_ranges  0x00000000000005c0       0x10 CMakeFiles/probe_5028_devkit_firmware_default_default_XC8_compile.dir/home/probe-5028/MPLABProjects/probe-5028-devkit-firmware/My_MCC_Config/mcc/mcc_generated_files/vref/src/vref.c.o

.debug_macro
 *(.debug_macro)
OUTPUT(/home/probe-5028/MPLABProjects/probe-5028-devkit-firmware/out/probe-5028-devkit-firmware/default.elf elf32-avr)
LOAD linker stubs
LOAD data_init

.note.gnu.avr.deviceinfo
                0x0000000000000000       0x3c
 .note.gnu.avr.deviceinfo
                0x0000000000000000       0x3c /home/probe-5028/.mchp_packs/Microchip/AVR-Dx_DFP/2.7.321/xc8/avr/lib/avrxmega2/crtavr64dd32.o

.bss.ADC0_ThresholdCallback
                0x0000000000806163        0x2
 .bss.ADC0_ThresholdCallback
                0x0000000000806163        0x2 CMakeFiles/probe_5028_devkit_firmware_default_default_XC8_compile.dir/home/probe-5028/MPLABProjects/probe-5028-devkit-firmware/My_MCC_Config/mcc/mcc_generated_files/adc/src/adc0.c.o

.bss.ADC0_ConversionDoneCallback
                0x0000000000806165        0x2
 .bss.ADC0_ConversionDoneCallback
                0x0000000000806165        0x2 CMakeFiles/probe_5028_devkit_firmware_default_default_XC8_compile.dir/home/probe-5028/MPLABProjects/probe-5028-devkit-firmware/My_MCC_Config/mcc/mcc_generated_files/adc/src/adc0.c.o

.bss.IO_PF5_InterruptHandler
                0x0000000000806167        0x2
 .bss.IO_PF5_InterruptHandler
                0x0000000000806167        0x2 CMakeFiles/probe_5028_devkit_firmware_default_default_XC8_compile.dir/home/probe-5028/MPLABProjects/probe-5028-devkit-firmware/My_MCC_Config/mcc/mcc_generated_files/system/src/pins.c.o

.bss.IO_PF6_InterruptHandler
                0x0000000000806169        0x2
 .bss.IO_PF6_InterruptHandler
                0x0000000000806169        0x2 CMakeFiles/probe_5028_devkit_firmware_default_default_XC8_compile.dir/home/probe-5028/MPLABProjects/probe-5028-devkit-firmware/My_MCC_Config/mcc/mcc_generated_files/system/src/pins.c.o

.bss.IO_PF4_InterruptHandler
                0x000000000080616b        0x2
 .bss.IO_PF4_InterruptHandler
                0x000000000080616b        0x2 CMakeFiles/probe_5028_devkit_firmware_default_default_XC8_compile.dir/home/probe-5028/MPLABProjects/probe-5028-devkit-firmware/My_MCC_Config/mcc/mcc_generated_files/system/src/pins.c.o

.bss.IO_PD6_InterruptHandler
                0x000000000080616d        0x2
 .bss.IO_PD6_InterruptHandler
                0x000000000080616d        0x2 CMakeFiles/probe_5028_devkit_firmware_default_default_XC8_compile.dir/home/probe-5028/MPLABProjects/probe-5028-devkit-firmware/My_MCC_Config/mcc/mcc_generated_files/system/src/pins.c.o

.bss.IO_PA7_InterruptHandler
                0x000000000080616f        0x2
 .bss.IO_PA7_InterruptHandler
                0x000000000080616f        0x2 CMakeFiles/probe_5028_devkit_firmware_default_default_XC8_compile.dir/home/probe-5028/MPLABProjects/probe-5028-devkit-firmware/My_MCC_Config/mcc/mcc_generated_files/system/src/pins.c.o

.bss.IO_PD4_InterruptHandler
                0x0000000000806171        0x2
 .bss.IO_PD4_InterruptHandler
                0x0000000000806171        0x2 CMakeFiles/probe_5028_devkit_firmware_default_default_XC8_compile.dir/home/probe-5028/MPLABProjects/probe-5028-devkit-firmware/My_MCC_Config/mcc/mcc_generated_files/system/src/pins.c.o

.bss.IO_PD5_InterruptHandler
                0x0000000000806173        0x2
 .bss.IO_PD5_InterruptHandler
                0x0000000000806173        0x2 CMakeFiles/probe_5028_devkit_firmware_default_default_XC8_compile.dir/home/probe-5028/MPLABProjects/probe-5028-devkit-firmware/My_MCC_Config/mcc/mcc_generated_files/system/src/pins.c.o

.bss.TCA0_OVFCallback
                0x0000000000806175        0x2
 .bss.TCA0_OVFCallback
                0x0000000000806175        0x2 CMakeFiles/probe_5028_devkit_firmware_default_default_XC8_compile.dir/home/probe-5028/MPLABProjects/probe-5028-devkit-firmware/My_MCC_Config/mcc/mcc_generated_files/timer/src/tca0.c.o

.bss.TCA0_CMP2Callback
                0x0000000000806177        0x2
 .bss.TCA0_CMP2Callback
                0x0000000000806177        0x2 CMakeFiles/probe_5028_devkit_firmware_default_default_XC8_compile.dir/home/probe-5028/MPLABProjects/probe-5028-devkit-firmware/My_MCC_Config/mcc/mcc_generated_files/timer/src/tca0.c.o

.bss.TCA0_CMP1Callback
                0x0000000000806179        0x2
 .bss.TCA0_CMP1Callback
                0x0000000000806179        0x2 CMakeFiles/probe_5028_devkit_firmware_default_default_XC8_compile.dir/home/probe-5028/MPLABProjects/probe-5028-devkit-firmware/My_MCC_Config/mcc/mcc_generated_files/timer/src/tca0.c.o

.bss.TCA0_CMP0Callback
                0x000000000080617b        0x2
 .bss.TCA0_CMP0Callback
                0x000000000080617b        0x2 CMakeFiles/probe_5028_devkit_firmware_default_default_XC8_compile.dir/home/probe-5028/MPLABProjects/probe-5028-devkit-firmware/My_MCC_Config/mcc/mcc_generated_files/timer/src/tca0.c.o

.bss.TCB0_CAPT_isr_cb
                0x000000000080617d        0x2
 .bss.TCB0_CAPT_isr_cb
                0x000000000080617d        0x2 CMakeFiles/probe_5028_devkit_firmware_default_default_XC8_compile.dir/home/probe-5028/MPLABProjects/probe-5028-devkit-firmware/My_MCC_Config/mcc/mcc_generated_files/timer/src/tcb0.c.o

.bss.TCB0_OVF_isr_cb
                0x000000000080617f        0x2
 .bss.TCB0_OVF_isr_cb
                0x000000000080617f        0x2 CMakeFiles/probe_5028_devkit_firmware_default_default_XC8_compile.dir/home/probe-5028/MPLABProjects/probe-5028-devkit-firmware/My_MCC_Config/mcc/mcc_generated_files/timer/src/tcb0.c.o

.bss.USART0_ParityErrorHandler
                0x0000000000806181        0x2
 .bss.USART0_ParityErrorHandler
                0x0000000000806181        0x2 CMakeFiles/probe_5028_devkit_firmware_default_default_XC8_compile.dir/home/probe-5028/MPLABProjects/probe-5028-devkit-firmware/My_MCC_Config/mcc/mcc_generated_files/uart/src/usart0.c.o

.bss.USART0_OverrunErrorHandler
                0x0000000000806183        0x2
 .bss.USART0_OverrunErrorHandler
                0x0000000000806183        0x2 CMakeFiles/probe_5028_devkit_firmware_default_default_XC8_compile.dir/home/probe-5028/MPLABProjects/probe-5028-devkit-firmware/My_MCC_Config/mcc/mcc_generated_files/uart/src/usart0.c.o

.bss.USART0_FramingErrorHandler
                0x0000000000806185        0x2
 .bss.USART0_FramingErrorHandler
                0x0000000000806185        0x2 CMakeFiles/probe_5028_devkit_firmware_default_default_XC8_compile.dir/home/probe-5028/MPLABProjects/probe-5028-devkit-firmware/My_MCC_Config/mcc/mcc_generated_files/uart/src/usart0.c.o

.bss.usart0RxLastError
                0x0000000000806187        0x2
 .bss.usart0RxLastError
                0x0000000000806187        0x2 CMakeFiles/probe_5028_devkit_firmware_default_default_XC8_compile.dir/home/probe-5028/MPLABProjects/probe-5028-devkit-firmware/My_MCC_Config/mcc/mcc_generated_files/uart/src/usart0.c.o

.bss.__stdout   0x000000000080618b        0x2
 .bss.__stdout  0x000000000080618b        0x2 /opt/microchip/xc8/v3.10/avr/bin/../lib/gcc/avr/5.4.0/../../../../avr/lib/avrxmega2/libc.a(stdout.o)

.text.__fmt_fp  0x0000000000000102      0x728
 .text.__fmt_fp
                0x0000000000000102      0x728 /opt/microchip/xc8/v3.10/avr/bin/../lib/gcc/avr/5.4.0/../../../../avr/lib/avrxmega2/libc.a(__fmt_fp.o)
                0x0000000000000102                __fmt_fp
                0x0000000000000102                __fmt_f_needed

.text.vfpfcnvrt
                0x000000000000082a      0x3fc
 .text.vfpfcnvrt
                0x000000000000082a      0x3fc /opt/microchip/xc8/v3.10/avr/bin/../lib/gcc/avr/5.4.0/../../../../avr/lib/avrxmega2/libc.a(__printf_core.o)
                0x000000000000082a                vfpfcnvrt

.text.main      0x0000000000000c26      0x1e2
 .text.main     0x0000000000000c26      0x1e2 CMakeFiles/probe_5028_devkit_firmware_default_default_XC8_compile.dir/home/probe-5028/MPLABProjects/probe-5028-devkit-firmware/My_MCC_Config/mcc/main.c.o
                0x0000000000000c26                main

.text.__fmt_x   0x0000000000000e08      0x1dc
 .text.__fmt_x  0x0000000000000e08      0x1dc /opt/microchip/xc8/v3.10/avr/bin/../lib/gcc/avr/5.4.0/../../../../avr/lib/avrxmega2/libc.a(__fmt_x.o)
                0x0000000000000e08                __fmt_x
                0x0000000000000e08                __fmt_x_needed

.text.PIN_MANAGER_Initialize
                0x0000000000000fe4      0x10e
 .text.PIN_MANAGER_Initialize
                0x0000000000000fe4      0x10e CMakeFiles/probe_5028_devkit_firmware_default_default_XC8_compile.dir/home/probe-5028/MPLABProjects/probe-5028-devkit-firmware/My_MCC_Config/mcc/mcc_generated_files/system/src/pins.c.o
                0x0000000000000fe4                PIN_MANAGER_Initialize

.text.floorf    0x00000000000010f2       0xe8
 .text.floorf   0x00000000000010f2       0xe8 /opt/microchip/xc8/v3.10/avr/bin/../lib/gcc/avr/5.4.0/../../../../avr/lib/avrxmega2/libm.a(floorf.o)
                0x00000000000010f2                floorf

.text.__fmt_d   0x00000000000011da       0xe4
 .text.__fmt_d  0x00000000000011da       0xe4 /opt/microchip/xc8/v3.10/avr/bin/../lib/gcc/avr/5.4.0/../../../../avr/lib/avrxmega2/libc.a(__fmt_d.o)
                0x00000000000011da                __fmt_d_needed
                0x00000000000011da                __fmt_d

.text           0x00000000000012be       0xde
 .text          0x00000000000012be       0xde /opt/microchip/xc8/v3.10/avr/bin/../lib/gcc/avr/5.4.0/../../../../avr/lib/avrxmega2/libm.a(divsf3x.o)
                0x00000000000012be                __divsf3x
                0x00000000000012e6                __divsf3_pse

.text           0x000000000000139c       0xd4
 .text          0x000000000000139c       0xd4 /opt/microchip/xc8/v3.10/avr/bin/../lib/gcc/avr/5.4.0/../../../../avr/lib/avrxmega2/libm.a(mulsf3x.o)
                0x000000000000139c                __mulsf3x
                0x00000000000013c2                __mulsf3_pse

.text.print_voltage
                0x0000000000001470       0xd2
 .text.print_voltage
                0x0000000000001470       0xd2 CMakeFiles/probe_5028_devkit_firmware_default_default_XC8_compile.dir/home/probe-5028/MPLABProjects/probe-5028-devkit-firmware/My_MCC_Config/mcc/main.c.o
                0x0000000000001470                print_voltage

.text.__pop_int
                0x0000000000001542       0xd0
 .text.__pop_int
                0x0000000000001542       0xd0 /opt/microchip/xc8/v3.10/avr/bin/../lib/gcc/avr/5.4.0/../../../../avr/lib/avrxmega2/libc.a(__pop_int.o)
                0x0000000000001542                __pop_int
                0x0000000000001542                __pop_int_needed

.text           0x0000000000001612       0xce
 .text          0x0000000000001612       0xce /opt/microchip/xc8/v3.10/avr/bin/../lib/gcc/avr/5.4.0/../../../../avr/lib/avrxmega2/libm.a(addsf3x.o)
                0x0000000000001612                __addsf3x

.text.fastintCountsToVoltage
                0x00000000000016e0       0xcc
 .text.fastintCountsToVoltage
                0x00000000000016e0       0xcc CMakeFiles/probe_5028_devkit_firmware_default_default_XC8_compile.dir/home/probe-5028/MPLABProjects/probe-5028-devkit-firmware/My_MCC_Config/mcc/main.c.o
                0x00000000000016e0                fastintCountsToVoltage

.text.__cvt_u   0x00000000000017ac       0xca
 .text.__cvt_u  0x00000000000017ac       0xca /opt/microchip/xc8/v3.10/avr/bin/../lib/gcc/avr/5.4.0/../../../../avr/lib/avrxmega2/libc.a(__fmt_u.o)
                0x00000000000017ac                __cvt_u

.text.__fmt_o   0x0000000000001876       0xb2
 .text.__fmt_o  0x0000000000001876       0xb2 /opt/microchip/xc8/v3.10/avr/bin/../lib/gcc/avr/5.4.0/../../../../avr/lib/avrxmega2/libc.a(__fmt_o.o)
                0x0000000000001876                __fmt_o_needed
                0x0000000000001876                __fmt_o

.text.fputc     0x0000000000001928       0x98
 .text.fputc    0x0000000000001928       0x98 /opt/microchip/xc8/v3.10/avr/bin/../lib/gcc/avr/5.4.0/../../../../avr/lib/avrxmega2/libc.a(fputc.o)
                0x0000000000001928                putc
                0x0000000000001928                fputc

.text.CLOCK_Initialize
                0x00000000000019c0       0x90
 .text.CLOCK_Initialize
                0x00000000000019c0       0x90 CMakeFiles/probe_5028_devkit_firmware_default_default_XC8_compile.dir/home/probe-5028/MPLABProjects/probe-5028-devkit-firmware/My_MCC_Config/mcc/mcc_generated_files/system/src/clock.c.o
                0x00000000000019c0                CLOCK_Initialize

.text.__fmt_u   0x0000000000001a50       0x8e
 .text.__fmt_u  0x0000000000001a50       0x8e /opt/microchip/xc8/v3.10/avr/bin/../lib/gcc/avr/5.4.0/../../../../avr/lib/avrxmega2/libc.a(__fmt_u.o)
                0x0000000000001a50                __fmt_u
                0x0000000000001a50                __fmt_u_needed

.text.floatCountsToVoltage
                0x0000000000001ade       0x8a
 .text.floatCountsToVoltage
                0x0000000000001ade       0x8a CMakeFiles/probe_5028_devkit_firmware_default_default_XC8_compile.dir/home/probe-5028/MPLABProjects/probe-5028-devkit-firmware/My_MCC_Config/mcc/main.c.o
                0x0000000000001ade                floatCountsToVoltage

.text.intCountsToVoltage
                0x0000000000001b68       0x8a
 .text.intCountsToVoltage
                0x0000000000001b68       0x8a CMakeFiles/probe_5028_devkit_firmware_default_default_XC8_compile.dir/home/probe-5028/MPLABProjects/probe-5028-devkit-firmware/My_MCC_Config/mcc/main.c.o
                0x0000000000001b68                intCountsToVoltage

.text.evenfasterintCountsToVoltage
                0x0000000000001bf2       0x86
 .text.evenfasterintCountsToVoltage
                0x0000000000001bf2       0x86 CMakeFiles/probe_5028_devkit_firmware_default_default_XC8_compile.dir/home/probe-5028/MPLABProjects/probe-5028-devkit-firmware/My_MCC_Config/mcc/main.c.o
                0x0000000000001bf2                evenfasterintCountsToVoltage

.text           0x0000000000001c78       0x7a
 .text          0x0000000000001c78       0x7a /opt/microchip/xc8/v3.10/avr/bin/../lib/gcc/avr/5.4.0/../../../../avr/lib/avrxmega2/libm.a(floatsisf.o)
                0x0000000000001c78                __floatunsisf
                0x0000000000001c7c                __floatsisf

.text.testing_eeprom_write_bytes
                0x0000000000001cf2       0x76
 .text.testing_eeprom_write_bytes
                0x0000000000001cf2       0x76 CMakeFiles/probe_5028_devkit_firmware_default_default_XC8_compile.dir/home/probe-5028/MPLABProjects/probe-5028-devkit-firmware/My_MCC_Config/mcc/eeprom_wrapper.c.o
                0x0000000000001cf2                testing_eeprom_write_bytes

.text.__vector_24
                0x0000000000001d68       0x72
 .text.__vector_24
                0x0000000000001d68       0x72 CMakeFiles/probe_5028_devkit_firmware_default_default_XC8_compile.dir/home/probe-5028/MPLABProjects/probe-5028-devkit-firmware/My_MCC_Config/mcc/mcc_generated_files/system/src/pins.c.o
                0x0000000000001d68                __vector_24

.text.__vector_34
                0x0000000000001dda       0x72
 .text.__vector_34
                0x0000000000001dda       0x72 CMakeFiles/probe_5028_devkit_firmware_default_default_XC8_compile.dir/home/probe-5028/MPLABProjects/probe-5028-devkit-firmware/My_MCC_Config/mcc/mcc_generated_files/system/src/pins.c.o
                0x0000000000001dda                __vector_34

.text.__pad     0x0000000000001e4c       0x72
 .text.__pad    0x0000000000001e4c       0x72 /opt/microchip/xc8/v3.10/avr/bin/../lib/gcc/avr/5.4.0/../../../../avr/lib/avrxmega2/libc.a(__printf_core.o)
                0x0000000000001e4c                __pad

.text.__printf_core
                0x0000000000001ebe       0x68
 .text.__printf_core
                0x0000000000001ebe       0x68 /opt/microchip/xc8/v3.10/avr/bin/../lib/gcc/avr/5.4.0/../../../../avr/lib/avrxmega2/libc.a(__printf_core.o)
                0x0000000000001ebe                __printf_core

.text.fputs     0x0000000000001f26       0x64
 .text.fputs    0x0000000000001f26       0x64 /opt/microchip/xc8/v3.10/avr/bin/../lib/gcc/avr/5.4.0/../../../../avr/lib/avrxmega2/libc.a(fputs.o)
                0x0000000000001f26                fputs_unlocked
                0x0000000000001f26                fputs

.text           0x0000000000001f8a       0x5e
 .text          0x0000000000001f8a       0x5e /opt/microchip/xc8/v3.10/avr/bin/../lib/gcc/avr/5.4.0/../../../../avr/lib/avrxmega2/libm.a(fixunssfsi.o)
                0x0000000000001f8a                __fixunssfsi

.text.USART0_Initialize
                0x0000000000001fe8       0x5c
 .text.USART0_Initialize
                0x0000000000001fe8       0x5c CMakeFiles/probe_5028_devkit_firmware_default_default_XC8_compile.dir/home/probe-5028/MPLABProjects/probe-5028-devkit-firmware/My_MCC_Config/mcc/mcc_generated_files/uart/src/usart0.c.o
                0x0000000000001fe8                USART0_Initialize

.text.read_prec_or_width
                0x0000000000002044       0x5c
 .text.read_prec_or_width
                0x0000000000002044       0x5c /opt/microchip/xc8/v3.10/avr/bin/../lib/gcc/avr/5.4.0/../../../../avr/lib/avrxmega2/libc.a(__printf_core.o)

.text.__vector_26
                0x00000000000020a0       0x58
 .text.__vector_26
                0x00000000000020a0       0x58 CMakeFiles/probe_5028_devkit_firmware_default_default_XC8_compile.dir/home/probe-5028/MPLABProjects/probe-5028-devkit-firmware/My_MCC_Config/mcc/mcc_generated_files/adc/src/adc0.c.o
                0x00000000000020a0                __vector_26

.text.__vector_27
                0x00000000000020f8       0x58
 .text.__vector_27
                0x00000000000020f8       0x58 CMakeFiles/probe_5028_devkit_firmware_default_default_XC8_compile.dir/home/probe-5028/MPLABProjects/probe-5028-devkit-firmware/My_MCC_Config/mcc/mcc_generated_files/adc/src/adc0.c.o
                0x00000000000020f8                __vector_27

.text.__vector_11
                0x0000000000002150       0x58
 .text.__vector_11
                0x0000000000002150       0x58 CMakeFiles/probe_5028_devkit_firmware_default_default_XC8_compile.dir/home/probe-5028/MPLABProjects/probe-5028-devkit-firmware/My_MCC_Config/mcc/mcc_generated_files/timer/src/tca0.c.o
                0x0000000000002150                __vector_11

.text.__vector_12
                0x00000000000021a8       0x58
 .text.__vector_12
                0x00000000000021a8       0x58 CMakeFiles/probe_5028_devkit_firmware_default_default_XC8_compile.dir/home/probe-5028/MPLABProjects/probe-5028-devkit-firmware/My_MCC_Config/mcc/mcc_generated_files/timer/src/tca0.c.o
                0x00000000000021a8                __vector_12

.text.__vector_13
                0x0000000000002200       0x58
 .text.__vector_13
                0x0000000000002200       0x58 CMakeFiles/probe_5028_devkit_firmware_default_default_XC8_compile.dir/home/probe-5028/MPLABProjects/probe-5028-devkit-firmware/My_MCC_Config/mcc/mcc_generated_files/timer/src/tca0.c.o
                0x0000000000002200                __vector_13

.text.__vector_9
                0x0000000000002258       0x58
 .text.__vector_9
                0x0000000000002258       0x58 CMakeFiles/probe_5028_devkit_firmware_default_default_XC8_compile.dir/home/probe-5028/MPLABProjects/probe-5028-devkit-firmware/My_MCC_Config/mcc/mcc_generated_files/timer/src/tca0.c.o
                0x0000000000002258                __vector_9

.text.__vector_8
                0x00000000000022b0       0x56
 .text.__vector_8
                0x00000000000022b0       0x56 CMakeFiles/probe_5028_devkit_firmware_default_default_XC8_compile.dir/home/probe-5028/MPLABProjects/probe-5028-devkit-firmware/My_MCC_Config/mcc/mcc_generated_files/system/src/pins.c.o
                0x00000000000022b0                __vector_8

.text.__fmt_s   0x0000000000002306       0x54
 .text.__fmt_s  0x0000000000002306       0x54 /opt/microchip/xc8/v3.10/avr/bin/../lib/gcc/avr/5.4.0/../../../../avr/lib/avrxmega2/libc.a(__fmt_s.o)
                0x0000000000002306                __fmt_s_needed
                0x0000000000002306                __fmt_s
                0x0000000000002306                __fmt_0_needed

.text.testing_eeprom_read_bytes
                0x000000000000235a       0x50
 .text.testing_eeprom_read_bytes
                0x000000000000235a       0x50 CMakeFiles/probe_5028_devkit_firmware_default_default_XC8_compile.dir/home/probe-5028/MPLABProjects/probe-5028-devkit-firmware/My_MCC_Config/mcc/eeprom_wrapper.c.o
                0x000000000000235a                testing_eeprom_read_bytes

.text.ADC0_Initialize
                0x00000000000023aa       0x4c
 .text.ADC0_Initialize
                0x00000000000023aa       0x4c CMakeFiles/probe_5028_devkit_firmware_default_default_XC8_compile.dir/home/probe-5028/MPLABProjects/probe-5028-devkit-firmware/My_MCC_Config/mcc/mcc_generated_files/adc/src/adc0.c.o
                0x00000000000023aa                ADC0_Initialize

.text           0x00000000000023f6       0x48
 .text          0x00000000000023f6       0x48 /opt/microchip/xc8/v3.10/avr/bin/../lib/gcc/avr/5.4.0/../../../../avr/lib/avrxmega2/libm.a(fp_cmp.o)
                0x00000000000023f6                __fp_cmp

.text.libgcc.div
                0x000000000000243e       0x44
 .text.libgcc.div
                0x000000000000243e       0x44 /opt/microchip/xc8/v3.10/avr/bin/../lib/gcc/avr/5.4.0/avrxmega2/libgcc.a(_udivmodsi4.o)
                0x000000000000243e                __udivmodsi4

.text           0x0000000000002482       0x44
 .text          0x0000000000002482       0x44 /opt/microchip/xc8/v3.10/avr/bin/../lib/gcc/avr/5.4.0/../../../../avr/lib/avrxmega2/libm.a(fp_split3.o)
                0x0000000000002482                __fp_split3
                0x0000000000002492                __fp_splitA

.text.__fmt_state
                0x00000000000024c6       0x40
 .text.__fmt_state
                0x00000000000024c6       0x40 /opt/microchip/xc8/v3.10/avr/bin/../lib/gcc/avr/5.4.0/../../../../avr/lib/avrxmega2/libc.a(__printf_core.o)
                0x00000000000024c6                __fmt_state

.text.__pop_float
                0x0000000000002506       0x40
 .text.__pop_float
                0x0000000000002506       0x40 /opt/microchip/xc8/v3.10/avr/bin/../lib/gcc/avr/5.4.0/../../../../avr/lib/avrxmega2/libc.a(__pop_float.o)
                0x0000000000002506                __pop_float
                0x0000000000002506                __pop_float_needed

.text.TCB0_Initialize
                0x0000000000002546       0x3e
 .text.TCB0_Initialize
                0x0000000000002546       0x3e CMakeFiles/probe_5028_devkit_firmware_default_default_XC8_compile.dir/home/probe-5028/MPLABProjects/probe-5028-devkit-firmware/My_MCC_Config/mcc/mcc_generated_files/timer/src/tcb0.c.o
                0x0000000000002546                TCB0_Initialize

.text.TCA0_Initialize
                0x0000000000002584       0x3c
 .text.TCA0_Initialize
                0x0000000000002584       0x3c CMakeFiles/probe_5028_devkit_firmware_default_default_XC8_compile.dir/home/probe-5028/MPLABProjects/probe-5028-devkit-firmware/My_MCC_Config/mcc/mcc_generated_files/timer/src/tca0.c.o
                0x0000000000002584                TCA0_Initialize

.text.__out     0x00000000000025c0       0x3a
 .text.__out    0x00000000000025c0       0x3a /opt/microchip/xc8/v3.10/avr/bin/../lib/gcc/avr/5.4.0/../../../../avr/lib/avrxmega2/libc.a(__printf_core.o)
                0x00000000000025c0                __out

.text.myADC0_ConversionDoneCallback
                0x00000000000025fa       0x32
 .text.myADC0_ConversionDoneCallback
                0x00000000000025fa       0x32 CMakeFiles/probe_5028_devkit_firmware_default_default_XC8_compile.dir/home/probe-5028/MPLABProjects/probe-5028-devkit-firmware/My_MCC_Config/mcc/main.c.o

.text.libgcc.prologue
                0x000000000000262c       0x32
 .text.libgcc.prologue
                0x000000000000262c       0x32 /opt/microchip/xc8/v3.10/avr/bin/../lib/gcc/avr/5.4.0/avrxmega2/libgcc.a(_prologue.o)
                0x000000000000262c                __prologue_saves__

.text.__wrap_printf
                0x000000000000265e       0x30
 .text.__wrap_printf
                0x000000000000265e       0x30 /opt/microchip/xc8/v3.10/avr/bin/../lib/gcc/avr/5.4.0/../../../../avr/lib/avrxmega2/libc.a(__sio_printf_dfosux.o)
                0x000000000000265e                _printf_cdgGopsuxX
                0x000000000000265e                _printf_cdeEfFgGopsuxX
                0x000000000000265e                _printf_cdeEopsuxX
                0x000000000000265e                _printf_cdfFgGopsuxX
                0x000000000000265e                _printf_cdeEgGopsuxX
                0x000000000000265e                _printf_cdeEfFopsuxX
                0x000000000000265e                _printf_cdfFopsuxX

.text.__wrap_printf
                0x000000000000268e       0x30
 .text.__wrap_printf
                0x000000000000268e       0x30 /opt/microchip/xc8/v3.10/avr/bin/../lib/gcc/avr/5.4.0/../../../../avr/lib/avrxmega2/libc.a(__sio_printf_dfoux.o)
                0x000000000000268e                _printf_cdeEgGopuxX
                0x000000000000268e                _printf_cdfFopuxX
                0x000000000000268e                _printf_cdgGopuxX
                0x000000000000268e                _printf_cdfFgGopuxX
                0x000000000000268e                _printf_cdeEfFgGopuxX
                0x000000000000268e                _printf_cdeEopuxX
                0x000000000000268e                _printf_cdeEfFopuxX

.text.__wrap_printf
                0x00000000000026be       0x30
 .text.__wrap_printf
                0x00000000000026be       0x30 /opt/microchip/xc8/v3.10/avr/bin/../lib/gcc/avr/5.4.0/../../../../avr/lib/avrxmega2/libc.a(__sio_printf_doux.o)
                0x00000000000026be                _printf_cdopuxX

.text.__vfprintf
                0x00000000000026ee       0x30
 .text.__vfprintf
                0x00000000000026ee       0x30 /opt/microchip/xc8/v3.10/avr/bin/../lib/gcc/avr/5.4.0/../../../../avr/lib/avrxmega2/libc.a(__int_vfprintf.o)
                0x00000000000026ee                __vfprintf

.text.libgcc.prologue
                0x000000000000271e       0x30
 .text.libgcc.prologue
                0x000000000000271e       0x30 /opt/microchip/xc8/v3.10/avr/bin/../lib/gcc/avr/5.4.0/avrxmega2/libgcc.a(_epilogue.o)
                0x000000000000271e                __epilogue_restores__

.text.intVoltageToCounts
                0x000000000000274e       0x2e
 .text.intVoltageToCounts
                0x000000000000274e       0x2e CMakeFiles/probe_5028_devkit_firmware_default_default_XC8_compile.dir/home/probe-5028/MPLABProjects/probe-5028-devkit-firmware/My_MCC_Config/mcc/main.c.o
                0x000000000000274e                intVoltageToCounts

.text.libgcc.div
                0x000000000000277c       0x2e
 .text.libgcc.div
                0x000000000000277c       0x2e /opt/microchip/xc8/v3.10/avr/bin/../lib/gcc/avr/5.4.0/avrxmega2/libgcc.a(_divmodsi4.o)
                0x000000000000277c                __divmodsi4

.text.EEPROM_Write
                0x00000000000027aa       0x2c
 .text.EEPROM_Write
                0x00000000000027aa       0x2c CMakeFiles/probe_5028_devkit_firmware_default_default_XC8_compile.dir/home/probe-5028/MPLABProjects/probe-5028-devkit-firmware/My_MCC_Config/mcc/mcc_generated_files/nvm/src/nvm.c.o
                0x00000000000027aa                EEPROM_Write

.text.SYSTEM_Initialize
                0x00000000000027d6       0x2a
 .text.SYSTEM_Initialize
                0x00000000000027d6       0x2a CMakeFiles/probe_5028_devkit_firmware_default_default_XC8_compile.dir/home/probe-5028/MPLABProjects/probe-5028-devkit-firmware/My_MCC_Config/mcc/mcc_generated_files/system/src/system.c.o
                0x00000000000027d6                SYSTEM_Initialize

.text.libgcc.div
                0x0000000000002800       0x28
 .text.libgcc.div
                0x0000000000002800       0x28 /opt/microchip/xc8/v3.10/avr/bin/../lib/gcc/avr/5.4.0/avrxmega2/libgcc.a(_divmodhi4.o)
                0x0000000000002800                __divmodhi4
                0x0000000000002800                _div

.text.libgcc.div
                0x0000000000002828       0x28
 .text.libgcc.div
                0x0000000000002828       0x28 /opt/microchip/xc8/v3.10/avr/bin/../lib/gcc/avr/5.4.0/avrxmega2/libgcc.a(_udivmodhi4.o)
                0x0000000000002828                __udivmodhi4

.text           0x0000000000002850       0x22
 .text          0x0000000000002850       0x22 /opt/microchip/xc8/v3.10/avr/bin/../lib/gcc/avr/5.4.0/../../../../avr/lib/avrxmega2/libm.a(fp_round.o)
                0x0000000000002850                __fp_round

.text.libgcc.mul
                0x0000000000002872       0x1e
 .text.libgcc.mul
                0x0000000000002872       0x1e /opt/microchip/xc8/v3.10/avr/bin/../lib/gcc/avr/5.4.0/avrxmega2/libgcc.a(_umulhisi3.o)
                0x0000000000002872                __umulhisi3

.text.DAC0_SetOutput
                0x0000000000002890       0x1c
 .text.DAC0_SetOutput
                0x0000000000002890       0x1c CMakeFiles/probe_5028_devkit_firmware_default_default_XC8_compile.dir/home/probe-5028/MPLABProjects/probe-5028-devkit-firmware/My_MCC_Config/mcc/mcc_generated_files/dac/src/dac0.c.o
                0x0000000000002890                DAC0_SetOutput

.text.strlen    0x00000000000028ac       0x1c
 .text.strlen   0x00000000000028ac       0x1c /opt/microchip/xc8/v3.10/avr/bin/../lib/gcc/avr/5.4.0/../../../../avr/lib/avrxmega2/libc.a(strlen.o)
                0x00000000000028ac                strlen

.text.CPUINT_Initialize
                0x00000000000028c8       0x1a
 .text.CPUINT_Initialize
                0x00000000000028c8       0x1a CMakeFiles/probe_5028_devkit_firmware_default_default_XC8_compile.dir/home/probe-5028/MPLABProjects/probe-5028-devkit-firmware/My_MCC_Config/mcc/mcc_generated_files/system/src/interrupt.c.o
                0x00000000000028c8                CPUINT_Initialize

.text.USART0_printCHAR
                0x00000000000028e2       0x18