Archive member included to satisfy reference by file (symbol)

/opt/microchip/xc8/v3.10/avr/bin/../lib/gcc/avr/5.4.0/avrxmega2/libgcc.a(_divmodsi4.o)
                              CMakeFiles/probe_5028_devkit_firmware_default_default_XC8_compile.dir/home/probe-5028/MPLABProjects/probe-5028-devkit-firmware/My_MCC_Config/mcc/main.c.o (__divmodsi4)
/opt/microchip/xc8/v3.10/avr/bin/../lib/gcc/avr/5.4.0/avrxmega2/libgcc.a(_negsi2.o)
                              /opt/microchip/xc8/v3.10/avr/bin/../lib/gcc/avr/5.4.0/avrxmega2/libgcc.a(_divmodsi4.o) (__negsi2)
/opt/microchip/xc8/v3.10/avr/bin/../lib/gcc/avr/5.4.0/avrxmega2/libgcc.a(_copy_data.o)
                              CMakeFiles/probe_5028_devkit_firmware_default_default_XC8_compile.dir/home/probe-5028/MPLABProjects/probe-5028-devkit-firmware/My_MCC_Config/mcc/main.c.o (__do_copy_data)
/opt/microchip/xc8/v3.10/avr/bin/../lib/gcc/avr/5.4.0/avrxmega2/libgcc.a(_usmulhisi3.o)
                              CMakeFiles/probe_5028_devkit_firmware_default_default_XC8_compile.dir/home/probe-5028/MPLABProjects/probe-5028-devkit-firmware/My_MCC_Config/mcc/main.c.o (__usmulhisi3)
/opt/microchip/xc8/v3.10/avr/bin/../lib/gcc/avr/5.4.0/avrxmega2/libgcc.a(_muluhisi3.o)
                              CMakeFiles/probe_5028_devkit_firmware_default_default_XC8_compile.dir/home/probe-5028/MPLABProjects/probe-5028-devkit-firmware/My_MCC_Config/mcc/main.c.o (__muluhisi3)
/opt/microchip/xc8/v3.10/avr/bin/../lib/gcc/avr/5.4.0/avrxmega2/libgcc.a(_udivmodsi4.o)
                              /opt/microchip/xc8/v3.10/avr/bin/../lib/gcc/avr/5.4.0/avrxmega2/libgcc.a(_divmodsi4.o) (__udivmodsi4)
/opt/microchip/xc8/v3.10/avr/bin/../lib/gcc/avr/5.4.0/avrxmega2/libgcc.a(_umulhisi3.o)
                              /opt/microchip/xc8/v3.10/avr/bin/../lib/gcc/avr/5.4.0/avrxmega2/libgcc.a(_usmulhisi3.o) (__umulhisi3)
/opt/microchip/xc8/v3.10/avr/bin/../lib/gcc/avr/5.4.0/../../../../avr/lib/avrxmega2/libm.a(divsf3.o)
                              CMakeFiles/probe_5028_devkit_firmware_default_default_XC8_compile.dir/home/probe-5028/MPLABProjects/probe-5028-devkit-firmware/My_MCC_Config/mcc/main.c.o (__divsf3)
/opt/microchip/xc8/v3.10/avr/bin/../lib/gcc/avr/5.4.0/../../../../avr/lib/avrxmega2/libm.a(divsf3x.o)
                              /opt/microchip/xc8/v3.10/avr/bin/../lib/gcc/avr/5.4.0/../../../../avr/lib/avrxmega2/libm.a(divsf3.o) (__divsf3x)
/opt/microchip/xc8/v3.10/avr/bin/../lib/gcc/avr/5.4.0/../../../../avr/lib/avrxmega2/libm.a(fixsfsi.o)
                              CMakeFiles/probe_5028_devkit_firmware_default_default_XC8_compile.dir/home/probe-5028/MPLABProjects/probe-5028-devkit-firmware/My_MCC_Config/mcc/main.c.o (__fixsfsi)
/opt/microchip/xc8/v3.10/avr/bin/../lib/gcc/avr/5.4.0/../../../../avr/lib/avrxmega2/libm.a(fixunssfsi.o)
                              /opt/microchip/xc8/v3.10/avr/bin/../lib/gcc/avr/5.4.0/../../../../avr/lib/avrxmega2/libm.a(fixsfsi.o) (__fixunssfsi)
/opt/microchip/xc8/v3.10/avr/bin/../lib/gcc/avr/5.4.0/../../../../avr/lib/avrxmega2/libm.a(floatsisf.o)
                              CMakeFiles/probe_5028_devkit_firmware_default_default_XC8_compile.dir/home/probe-5028/MPLABProjects/probe-5028-devkit-firmware/My_MCC_Config/mcc/main.c.o (__floatsisf)
/opt/microchip/xc8/v3.10/avr/bin/../lib/gcc/avr/5.4.0/../../../../avr/lib/avrxmega2/libm.a(fp_inf.o)
                              /opt/microchip/xc8/v3.10/avr/bin/../lib/gcc/avr/5.4.0/../../../../avr/lib/avrxmega2/libm.a(divsf3x.o) (__fp_inf)
/opt/microchip/xc8/v3.10/avr/bin/../lib/gcc/avr/5.4.0/../../../../avr/lib/avrxmega2/libm.a(fp_nan.o)
                              /opt/microchip/xc8/v3.10/avr/bin/../lib/gcc/avr/5.4.0/../../../../avr/lib/avrxmega2/libm.a(divsf3x.o) (__fp_nan)
/opt/microchip/xc8/v3.10/avr/bin/../lib/gcc/avr/5.4.0/../../../../avr/lib/avrxmega2/libm.a(fp_pscA.o)
                              /opt/microchip/xc8/v3.10/avr/bin/../lib/gcc/avr/5.4.0/../../../../avr/lib/avrxmega2/libm.a(divsf3x.o) (__fp_pscA)
/opt/microchip/xc8/v3.10/avr/bin/../lib/gcc/avr/5.4.0/../../../../avr/lib/avrxmega2/libm.a(fp_pscB.o)
                              /opt/microchip/xc8/v3.10/avr/bin/../lib/gcc/avr/5.4.0/../../../../avr/lib/avrxmega2/libm.a(divsf3x.o) (__fp_pscB)
/opt/microchip/xc8/v3.10/avr/bin/../lib/gcc/avr/5.4.0/../../../../avr/lib/avrxmega2/libm.a(fp_round.o)
                              /opt/microchip/xc8/v3.10/avr/bin/../lib/gcc/avr/5.4.0/../../../../avr/lib/avrxmega2/libm.a(divsf3.o) (__fp_round)
/opt/microchip/xc8/v3.10/avr/bin/../lib/gcc/avr/5.4.0/../../../../avr/lib/avrxmega2/libm.a(fp_split3.o)
                              /opt/microchip/xc8/v3.10/avr/bin/../lib/gcc/avr/5.4.0/../../../../avr/lib/avrxmega2/libm.a(divsf3x.o) (__fp_split3)
/opt/microchip/xc8/v3.10/avr/bin/../lib/gcc/avr/5.4.0/../../../../avr/lib/avrxmega2/libm.a(fp_zero.o)
                              /opt/microchip/xc8/v3.10/avr/bin/../lib/gcc/avr/5.4.0/../../../../avr/lib/avrxmega2/libm.a(fixunssfsi.o) (__fp_zero)
[...]
Memory Configuration

Name             Origin             Length             Attributes
text             0x0000000000000000 0x0000000000010000 xr
data             0x0000000000806000 0x0000000000002000 rw !x
eeprom           0x0000000000810000 0x0000000000000100 rw !x
fuse             0x0000000000820000 0x0000000000000010 rw !x
lock             0x0000000000830000 0x0000000000000400 rw !x
signature        0x0000000000840000 0x0000000000000400 rw !x
user_signatures  0x0000000000850000 0x0000000000000400 rw !x
bootrow          0x0000000000860000 0x0000000000000400 rw !x
*default*        0x0000000000000000 0xffffffffffffffff

Linker script and memory map

Address of section .data set to 0x806000
                0x0000000000008000                __RODATA_PM_OFFSET__ = 0x8000
LOAD /home/probe-5028/.mchp_packs/Microchip/AVR-Dx_DFP/2.7.321/xc8/avr/lib/avrxmega2/crtavr64dd32.o
                0x0000000000000001                __MPLAB_BUILD = 0x1
                0x0000000000000001                __MPLAB_DEBUG = 0x1
                0x0000000000000001                __DEBUG = 0x1
LOAD CMakeFiles/probe_5028_devkit_firmware_default_default_XC8_assemblePreprocess.dir/home/probe-5028/MPLABProjects/probe-5028-devkit-firmware/My_MCC_Config/mcc/mcc_generated_files/system/src/protected_io.S.o
LOAD CMakeFiles/probe_5028_devkit_firmware_default_default_XC8_compile.dir/home/probe-5028/MPLABProjects/probe-5028-devkit-firmware/My_MCC_Config/mcc/main.c.o
LOAD CMakeFiles/probe_5028_devkit_firmware_default_default_XC8_compile.dir/home/probe-5028/MPLABProjects/probe-5028-devkit-firmware/My_MCC_Config/mcc/mcc_generated_files/adc/src/adc0.c.o
LOAD CMakeFiles/probe_5028_devkit_firmware_default_default_XC8_compile.dir/home/probe-5028/MPLABProjects/probe-5028-devkit-firmware/My_MCC_Config/mcc/mcc_generated_files/dac/src/dac0.c.o
LOAD CMakeFiles/probe_5028_devkit_firmware_default_default_XC8_compile.dir/home/probe-5028/MPLABProjects/probe-5028-devkit-firmware/My_MCC_Config/mcc/mcc_generated_files/nvm/src/nvm.c.o
LOAD CMakeFiles/probe_5028_devkit_firmware_default_default_XC8_compile.dir/home/probe-5028/MPLABProjects/probe-5028-devkit-firmware/My_MCC_Config/mcc/mcc_generated_files/system/src/clock.c.o
LOAD CMakeFiles/probe_5028_devkit_firmware_default_default_XC8_compile.dir/home/probe-5028/MPLABProjects/probe-5028-devkit-firmware/My_MCC_Config/mcc/mcc_generated_files/system/src/config_bits.c.o
LOAD CMakeFiles/probe_5028_devkit_firmware_default_default_XC8_compile.dir/home/probe-5028/MPLABProjects/probe-5028-devkit-firmware/My_MCC_Config/mcc/mcc_generated_files/system/src/interrupt.c.o
LOAD CMakeFiles/probe_5028_devkit_firmware_default_default_XC8_compile.dir/home/probe-5028/MPLABProjects/probe-5028-devkit-firmware/My_MCC_Config/mcc/mcc_generated_files/system/src/pins.c.o
LOAD CMakeFiles/probe_5028_devkit_firmware_default_default_XC8_compile.dir/home/probe-5028/MPLABProjects/probe-5028-devkit-firmware/My_MCC_Config/mcc/mcc_generated_files/system/src/system.c.o
LOAD CMakeFiles/probe_5028_devkit_firmware_default_default_XC8_compile.dir/home/probe-5028/MPLABProjects/probe-5028-devkit-firmware/My_MCC_Config/mcc/mcc_generated_files/timer/src/tca0.c.o
LOAD CMakeFiles/probe_5028_devkit_firmware_default_default_XC8_compile.dir/home/probe-5028/MPLABProjects/probe-5028-devkit-firmware/My_MCC_Config/mcc/mcc_generated_files/uart/src/usart0.c.o
LOAD CMakeFiles/probe_5028_devkit_firmware_default_default_XC8_compile.dir/home/probe-5028/MPLABProjects/probe-5028-devkit-firmware/My_MCC_Config/mcc/mcc_generated_files/vref/src/vref.c.o
START GROUP
LOAD /opt/microchip/xc8/v3.10/avr/bin/../lib/gcc/avr/5.4.0/avrxmega2/libgcc.a
LOAD /opt/microchip/xc8/v3.10/avr/bin/../lib/gcc/avr/5.4.0/../../../../avr/lib/avrxmega2/libm.a
LOAD /opt/microchip/xc8/v3.10/avr/bin/../lib/gcc/avr/5.4.0/../../../../avr/lib/avrxmega2/libc.a
LOAD /home/probe-5028/.mchp_packs/Microchip/AVR-Dx_DFP/2.7.321/xc8/avr/lib/avrxmega2/libavr64dd32.a
END GROUP
                [0x0000000000000000]                __TEXT_REGION_ORIGIN__ = DEFINED (__TEXT_REGION_ORIGIN__)?__TEXT_REGION_ORIGIN__:0x0
                [0x0000000000806000]                __DATA_REGION_ORIGIN__ = DEFINED (__DATA_REGION_ORIGIN__)?__DATA_REGION_ORIGIN__:0x802000
                [0x0000000000010000]                __TEXT_REGION_LENGTH__ = DEFINED (__TEXT_REGION_LENGTH__)?__TEXT_REGION_LENGTH__:0x100000
                [0x0000000000002000]                __DATA_REGION_LENGTH__ = DEFINED (__DATA_REGION_LENGTH__)?__DATA_REGION_LENGTH__:0xffa0
                [0x0000000000000100]                __EEPROM_REGION_LENGTH__ = DEFINED (__EEPROM_REGION_LENGTH__)?__EEPROM_REGION_LENGTH__:0x10000
                [0x0000000000000010]                __FUSE_REGION_LENGTH__ = DEFINED (__FUSE_REGION_LENGTH__)?__FUSE_REGION_LENGTH__:0x400
                0x0000000000000400                __LOCK_REGION_LENGTH__ = DEFINED (__LOCK_REGION_LENGTH__)?__LOCK_REGION_LENGTH__:0x400
                0x0000000000000400                __SIGNATURE_REGION_LENGTH__ = DEFINED (__SIGNATURE_REGION_LENGTH__)?__SIGNATURE_REGION_LENGTH__:0x400
                0x0000000000000400                __USER_SIGNATURE_REGION_LENGTH__ = DEFINED (__USER_SIGNATURE_REGION_LENGTH__)?__USER_SIGNATURE_REGION_LENGTH__:0x400
                0x0000000000000400                __BOOTROW_REGION_LENGTH__ = DEFINED (__BOOTROW_REGION_LENGTH__)?__BOOTROW_REGION_LENGTH__:0x400

.hash
 *(.hash)

.dynsym
 *(.dynsym)

.dynstr
 *(.dynstr)

.gnu.version
 *(.gnu.version)

.gnu.version_d
 *(.gnu.version_d)

.gnu.version_r
 *(.gnu.version_r)

.rel.init
 *(.rel.init)

.rela.init
 *(.rela.init)

.rel.text
 *(.rel.text)
 *(.rel.text.*)
 *(.rel.gnu.linkonce.t*)

.rela.text
 *(.rela.text)
 *(.rela.text.*)
 *(.rela.gnu.linkonce.t*)

.rel.fini
 *(.rel.fini)

.rela.fini
 *(.rela.fini)

.rel.rodata
 *(.rel.rodata)
 *(.rel.rodata.*)
 *(.rel.gnu.linkonce.r*)

.rela.rodata
 *(.rela.rodata)
 *(.rela.rodata.*)
 *(.rela.gnu.linkonce.r*)

.rel.data
 *(.rel.data)
 *(.rel.data.*)
 *(.rel.gnu.linkonce.d*)

.rela.data
 *(.rela.data)
 *(.rela.data.*)
 *(.rela.gnu.linkonce.d*)

.rel.ctors
 *(.rel.ctors)

.rela.ctors
 *(.rela.ctors)

.rel.dtors
 *(.rel.dtors)

.rela.dtors
 *(.rela.dtors)

.rel.got
 *(.rel.got)

.rela.got
 *(.rela.got)

.rel.bss
 *(.rel.bss)

.rela.bss
 *(.rela.bss)

.rel.plt
 *(.rel.plt)

.rela.plt
 *(.rela.plt)

.text           0x0000000000000000      0x102
 *(.vectors)
 .vectors       0x0000000000000000       0x90 /home/probe-5028/.mchp_packs/Microchip/AVR-Dx_DFP/2.7.321/xc8/avr/lib/avrxmega2/crtavr64dd32.o
                0x0000000000000000                __vectors
                0x0000000000000000                __vector_default
 *(.vectors)
 *(.progmem.gcc*)
 *(.dinit)
 .dinit         0x0000000000000090       0x1d data_init
                0x00000000000000ae                . = ALIGN (0x2)
 *fill*         0x00000000000000ad        0x1 
                0x00000000000000ae                __trampolines_start = .
 *(.trampolines)
 .trampolines   0x00000000000000ae        0x0 linker stubs
 *(.trampolines*)
                0x00000000000000ae                __trampolines_end = .
 *libprintf_flt.a:*(.progmem.data)
 *libc.a:*(.progmem.data)
                0x00000000000000ae                . = ALIGN (0x2)
 *(.jumptables)
 *(.jumptables*)
 *(.lowtext)
 *(.lowtext*)
                0x00000000000000ae                __ctors_start = .
 *(.ctors)
                0x00000000000000ae                __ctors_end = .
                0x00000000000000ae                __dtors_start = .
 *(.dtors)
                0x00000000000000ae                __dtors_end = .
 SORT(*)(.ctors)
 SORT(*)(.dtors)
 *(.init0)
 .init0         0x00000000000000ae        0x0 /home/probe-5028/.mchp_packs/Microchip/AVR-Dx_DFP/2.7.321/xc8/avr/lib/avrxmega2/crtavr64dd32.o
                0x00000000000000ae                __init
 *(.init0)
 *(.init1)
 *(.init1)
 *(.init2)
 .init2         0x00000000000000ae        0xc /home/probe-5028/.mchp_packs/Microchip/AVR-Dx_DFP/2.7.321/xc8/avr/lib/avrxmega2/crtavr64dd32.o
 *(.init2)
 *(.init3)
 *(.init3)
 *(.init4)
 .init4         0x00000000000000ba       0x3c /opt/microchip/xc8/v3.10/avr/bin/../lib/gcc/avr/5.4.0/avrxmega2/libgcc.a(_copy_data.o)
                0x00000000000000ba                __do_copy_data
                0x00000000000000e8                __do_clear_bss
 *(.init4)
 *(.init5)
 *(.init5)
 *(.init6)
 *(.init6)
 *(.init7)
 *(.init7)
 *(.init8)
 *(.init8)
 *(.init9)
 .init9         0x00000000000000f6        0x8 /home/probe-5028/.mchp_packs/Microchip/AVR-Dx_DFP/2.7.321/xc8/avr/lib/avrxmega2/crtavr64dd32.o
 *(.init9)
                0x00000000000000fe                . = ALIGN (0x2)
 *(.fini9)
 .fini9         0x00000000000000fe        0x0 /opt/microchip/xc8/v3.10/avr/bin/../lib/gcc/avr/5.4.0/avrxmega2/libgcc.a(_exit.o)
                0x00000000000000fe                _exit
 *(.fini9)
 *(.fini8)
 *(.fini8)
 *(.fini7)
 *(.fini7)
 *(.fini6)
 *(.fini6)
 *(.fini5)
 *(.fini5)
 *(.fini4)
 *(.fini4)
 *(.fini3)
 *(.fini3)
 *(.fini2)
 *(.fini2)
 *(.fini1)
 *(.fini1)
 *(.fini0)
 .fini0         0x00000000000000fe        0x4 /opt/microchip/xc8/v3.10/avr/bin/../lib/gcc/avr/5.4.0/avrxmega2/libgcc.a(_exit.o)
 *(.fini0)
                0x0000000000000102                _etext = .

.data           0x0000000000806000        0x0 load address 0x0000000000000102
                [!provide]                        PROVIDE (__data_start, .)
 *(.gnu.linkonce.d*)
 *(.gnu.linkonce.r*)
                0x0000000000806000                . = ALIGN (0x2)
                0x0000000000806000                _edata = .
                [!provide]                        PROVIDE (__data_end, .)

.bss            0x0000000000806000        0xe
                [!provide]                        PROVIDE (__bss_start, .)
 *(COMMON)
 COMMON         0x0000000000806000        0xc CMakeFiles/probe_5028_devkit_firmware_default_default_XC8_compile.dir/home/probe-5028/MPLABProjects/probe-5028-devkit-firmware/My_MCC_Config/mcc/main.c.o
                0x0000000000806000                readings
 COMMON         0x000000000080600c        0x2 /opt/microchip/xc8/v3.10/avr/bin/../lib/gcc/avr/5.4.0/../../../../avr/lib/avrxmega2/libc.a(errno.o)
                0x000000000080600c                __errno_val
                [!provide]                        PROVIDE (__bss_end, .)
                0x0000000000000102                __data_load_start = LOADADDR (.data)
                0x0000000000000102                __data_load_end = (__data_load_start + SIZEOF (.data))

.noinit         0x000000000080600e        0x0
                [!provide]                        PROVIDE (__noinit_start, .)
 *(.noinit*)
                [!provide]                        PROVIDE (__noinit_end, .)
                0x000000000080600e                _end = .

.eeprom         0x0000000000810000        0x0
 *(.eeprom*)
                0x0000000000810000                __eeprom_end = .

.fuse           0x0000000000820000        0x9
 *(.fuse)
 .fuse          0x0000000000820000        0x9 CMakeFiles/probe_5028_devkit_firmware_default_default_XC8_compile.dir/home/probe-5028/MPLABProjects/probe-5028-devkit-firmware/My_MCC_Config/mcc/mcc_generated_files/system/src/config_bits.c.o
                0x0000000000820000                __fuse
 *(.lfuse)
 *(.hfuse)
 *(.efuse)

.lock
 *(.lock*)

.signature
 *(.signature*)

.user_signatures
 *(.user_signatures*)

.bootrow
 *(.bootrow*)

.stab
 *(.stab)

.stabstr
 *(.stabstr)

.stab.excl
 *(.stab.excl)

.stab.exclstr
 *(.stab.exclstr)

.stab.index
 *(.stab.index)

.stab.indexstr
 *(.stab.indexstr)

.comment        0x0000000000000000       0x5b
 *(.comment)
 .comment       0x0000000000000000       0x2f CMakeFiles/probe_5028_devkit_firmware_default_default_XC8_compile.dir/home/probe-5028/MPLABProjects/probe-5028-devkit-firmware/My_MCC_Config/mcc/main.c.o
                                         0x30 (size before relaxing)
 .comment       0x000000000000002f       0x30 CMakeFiles/probe_5028_devkit_firmware_default_default_XC8_compile.dir/home/probe-5028/MPLABProjects/probe-5028-devkit-firmware/My_MCC_Config/mcc/mcc_generated_files/adc/src/adc0.c.o
 .comment       0x000000000000002f       0x30 CMakeFiles/probe_5028_devkit_firmware_default_default_XC8_compile.dir/home/probe-5028/MPLABProjects/probe-5028-devkit-firmware/My_MCC_Config/mcc/mcc_generated_files/dac/src/dac0.c.o
 .comment       0x000000000000002f       0x30 CMakeFiles/probe_5028_devkit_firmware_default_default_XC8_compile.dir/home/probe-5028/MPLABProjects/probe-5028-devkit-firmware/My_MCC_Config/mcc/mcc_generated_files/nvm/src/nvm.c.o
 .comment       0x000000000000002f       0x30 CMakeFiles/probe_5028_devkit_firmware_default_default_XC8_compile.dir/home/probe-5028/MPLABProjects/probe-5028-devkit-firmware/My_MCC_Config/mcc/mcc_generated_files/system/src/clock.c.o
 .comment       0x000000000000002f       0x30 CMakeFiles/probe_5028_devkit_firmware_default_default_XC8_compile.dir/home/probe-5028/MPLABProjects/probe-5028-devkit-firmware/My_MCC_Config/mcc/mcc_generated_files/system/src/config_bits.c.o
 .comment       0x000000000000002f       0x30 CMakeFiles/probe_5028_devkit_firmware_default_default_XC8_compile.dir/home/probe-5028/MPLABProjects/probe-5028-devkit-firmware/My_MCC_Config/mcc/mcc_generated_files/system/src/interrupt.c.o
 .comment       0x000000000000002f       0x30 CMakeFiles/probe_5028_devkit_firmware_default_default_XC8_compile.dir/home/probe-5028/MPLABProjects/probe-5028-devkit-firmware/My_MCC_Config/mcc/mcc_generated_files/system/src/pins.c.o
 .comment       0x000000000000002f       0x30 CMakeFiles/probe_5028_devkit_firmware_default_default_XC8_compile.dir/home/probe-5028/MPLABProjects/probe-5028-devkit-firmware/My_MCC_Config/mcc/mcc_generated_files/system/src/system.c.o
 .comment       0x000000000000002f       0x30 CMakeFiles/probe_5028_devkit_firmware_default_default_XC8_compile.dir/home/probe-5028/MPLABProjects/probe-5028-devkit-firmware/My_MCC_Config/mcc/mcc_generated_files/timer/src/tca0.c.o
 .comment       0x000000000000002f       0x30 CMakeFiles/probe_5028_devkit_firmware_default_default_XC8_compile.dir/home/probe-5028/MPLABProjects/probe-5028-devkit-firmware/My_MCC_Config/mcc/mcc_generated_files/uart/src/usart0.c.o
 .comment       0x000000000000002f       0x30 CMakeFiles/probe_5028_devkit_firmware_default_default_XC8_compile.dir/home/probe-5028/MPLABProjects/probe-5028-devkit-firmware/My_MCC_Config/mcc/mcc_generated_files/vref/src/vref.c.o
 .comment       0x000000000000002f       0x2c /opt/microchip/xc8/v3.10/avr/bin/../lib/gcc/avr/5.4.0/../../../../avr/lib/avrxmega2/libc.a(exit.o)
                                         0x2d (size before relaxing)
 .comment       0x000000000000005b       0x2d /opt/microchip/xc8/v3.10/avr/bin/../lib/gcc/avr/5.4.0/../../../../avr/lib/avrxmega2/libc.a(__sio_printf_dfoux.o)
 .comment       0x000000000000005b       0x2d /opt/microchip/xc8/v3.10/avr/bin/../lib/gcc/avr/5.4.0/../../../../avr/lib/avrxmega2/libc.a(__fmt_d.o)
 .comment       0x000000000000005b       0x2d /opt/microchip/xc8/v3.10/avr/bin/../lib/gcc/avr/5.4.0/../../../../avr/lib/avrxmega2/libc.a(__fmt_fp.o)
 .comment       0x000000000000005b       0x2d /opt/microchip/xc8/v3.10/avr/bin/../lib/gcc/avr/5.4.0/../../../../avr/lib/avrxmega2/libc.a(__fmt_o.o)
 .comment       0x000000000000005b       0x2d /opt/microchip/xc8/v3.10/avr/bin/../lib/gcc/avr/5.4.0/../../../../avr/lib/avrxmega2/libc.a(__fmt_s.o)
 .comment       0x000000000000005b       0x2d /opt/microchip/xc8/v3.10/avr/bin/../lib/gcc/avr/5.4.0/../../../../avr/lib/avrxmega2/libc.a(__fmt_u.o)
 .comment       0x000000000000005b       0x2d /opt/microchip/xc8/v3.10/avr/bin/../lib/gcc/avr/5.4.0/../../../../avr/lib/avrxmega2/libc.a(__fmt_x.o)
 .comment       0x000000000000005b       0x2d /opt/microchip/xc8/v3.10/avr/bin/../lib/gcc/avr/5.4.0/../../../../avr/lib/avrxmega2/libc.a(__pop_int.o)
 .comment       0x000000000000005b       0x2d /opt/microchip/xc8/v3.10/avr/bin/../lib/gcc/avr/5.4.0/../../../../avr/lib/avrxmega2/libc.a(__printf_core.o)
 .comment       0x000000000000005b       0x2d /opt/microchip/xc8/v3.10/avr/bin/../lib/gcc/avr/5.4.0/../../../../avr/lib/avrxmega2/libc.a(fputc.o)
 .comment       0x000000000000005b       0x2d /opt/microchip/xc8/v3.10/avr/bin/../lib/gcc/avr/5.4.0/../../../../avr/lib/avrxmega2/libc.a(puts.o)
 .comment       0x000000000000005b       0x2d /opt/microchip/xc8/v3.10/avr/bin/../lib/gcc/avr/5.4.0/../../../../avr/lib/avrxmega2/libc.a(stdout.o)
 .comment       0x000000000000005b       0x2d /opt/microchip/xc8/v3.10/avr/bin/../lib/gcc/avr/5.4.0/../../../../avr/lib/avrxmega2/libc.a(__pop_float.o)
 .comment       0x000000000000005b       0x2d /opt/microchip/xc8/v3.10/avr/bin/../lib/gcc/avr/5.4.0/../../../../avr/lib/avrxmega2/libc.a(memset.o)
 .comment       0x000000000000005b       0x2d /opt/microchip/xc8/v3.10/avr/bin/../lib/gcc/avr/5.4.0/../../../../avr/lib/avrxmega2/libc.a(strcpy.o)
 .comment       0x000000000000005b       0x2d /opt/microchip/xc8/v3.10/avr/bin/../lib/gcc/avr/5.4.0/../../../../avr/lib/avrxmega2/libc.a(strlen.o)
 .comment       0x000000000000005b       0x2d /opt/microchip/xc8/v3.10/avr/bin/../lib/gcc/avr/5.4.0/../../../../avr/lib/avrxmega2/libc.a(tolower.o)
 .comment       0x000000000000005b       0x2d /opt/microchip/xc8/v3.10/avr/bin/../lib/gcc/avr/5.4.0/../../../../avr/lib/avrxmega2/libc.a(toupper.o)
 .comment       0x000000000000005b       0x2d /opt/microchip/xc8/v3.10/avr/bin/../lib/gcc/avr/5.4.0/../../../../avr/lib/avrxmega2/libc.a(errno.o)
 .comment       0x000000000000005b       0x2d /opt/microchip/xc8/v3.10/avr/bin/../lib/gcc/avr/5.4.0/../../../../avr/lib/avrxmega2/libc.a(_Exit.o)
 .comment       0x000000000000005b       0x2d /opt/microchip/xc8/v3.10/avr/bin/../lib/gcc/avr/5.4.0/../../../../avr/lib/avrxmega2/libc.a(__int_vfprintf.o)
 .comment       0x000000000000005b       0x2d /opt/microchip/xc8/v3.10/avr/bin/../lib/gcc/avr/5.4.0/../../../../avr/lib/avrxmega2/libc.a(fputs.o)
 .comment       0x000000000000005b       0x2d /opt/microchip/xc8/v3.10/avr/bin/../lib/gcc/avr/5.4.0/../../../../avr/lib/avrxmega2/libm.a(floorf.o)

.stack.descriptors.hdr
                0x0000000000000000      0x2ca
 .stack.descriptors.hdr
                0x0000000000000000        0xe /opt/microchip/xc8/v3.10/avr/bin/../lib/gcc/avr/5.4.0/avrxmega2/libgcc.a(_divmodsi4.o)
 .stack.descriptors.hdr
                0x000000000000000e        0xe /opt/microchip/xc8/v3.10/avr/bin/../lib/gcc/avr/5.4.0/avrxmega2/libgcc.a(_negsi2.o)
 .stack.descriptors.hdr
                0x000000000000001c        0xe /opt/microchip/xc8/v3.10/avr/bin/../lib/gcc/avr/5.4.0/avrxmega2/libgcc.a(_usmulhisi3.o)
 .stack.descriptors.hdr
                0x000000000000002a        0xe /opt/microchip/xc8/v3.10/avr/bin/../lib/gcc/avr/5.4.0/avrxmega2/libgcc.a(_muluhisi3.o)
 .stack.descriptors.hdr
                0x0000000000000038        0xe /opt/microchip/xc8/v3.10/avr/bin/../lib/gcc/avr/5.4.0/avrxmega2/libgcc.a(_udivmodsi4.o)
 .stack.descriptors.hdr
                0x0000000000000046        0xe /opt/microchip/xc8/v3.10/avr/bin/../lib/gcc/avr/5.4.0/avrxmega2/libgcc.a(_umulhisi3.o)
 .stack.descriptors.hdr
                0x0000000000000054        0xe /opt/microchip/xc8/v3.10/avr/bin/../lib/gcc/avr/5.4.0/../../../../avr/lib/avrxmega2/libm.a(divsf3.o)
 .stack.descriptors.hdr
                0x0000000000000062        0xe /opt/microchip/xc8/v3.10/avr/bin/../lib/gcc/avr/5.4.0/../../../../avr/lib/avrxmega2/libm.a(divsf3x.o)
 .stack.descriptors.hdr
                0x0000000000000070        0xe /opt/microchip/xc8/v3.10/avr/bin/../lib/gcc/avr/5.4.0/../../../../avr/lib/avrxmega2/libm.a(fixsfsi.o)
 .stack.descriptors.hdr
                0x000000000000007e        0xe /opt/microchip/xc8/v3.10/avr/bin/../lib/gcc/avr/5.4.0/../../../../avr/lib/avrxmega2/libm.a(fixunssfsi.o)
 .stack.descriptors.hdr
                0x000000000000008c        0xe /opt/microchip/xc8/v3.10/avr/bin/../lib/gcc/avr/5.4.0/../../../../avr/lib/avrxmega2/libm.a(fp_inf.o)
 .stack.descriptors.hdr
                0x000000000000009a        0xe /opt/microchip/xc8/v3.10/avr/bin/../lib/gcc/avr/5.4.0/../../../../avr/lib/avrxmega2/libm.a(fp_nan.o)
 .stack.descriptors.hdr
                0x00000000000000a8        0xe /opt/microchip/xc8/v3.10/avr/bin/../lib/gcc/avr/5.4.0/../../../../avr/lib/avrxmega2/libm.a(fp_pscA.o)
 .stack.descriptors.hdr
                0x00000000000000b6        0xe /opt/microchip/xc8/v3.10/avr/bin/../lib/gcc/avr/5.4.0/../../../../avr/lib/avrxmega2/libm.a(fp_pscB.o)
 .stack.descriptors.hdr
                0x00000000000000c4        0xe /opt/microchip/xc8/v3.10/avr/bin/../lib/gcc/avr/5.4.0/../../../../avr/lib/avrxmega2/libm.a(fp_round.o)
 .stack.descriptors.hdr
                0x00000000000000d2        0xe /opt/microchip/xc8/v3.10/avr/bin/../lib/gcc/avr/5.4.0/../../../../avr/lib/avrxmega2/libm.a(fp_split3.o)
 .stack.descriptors.hdr
                0x00000000000000e0        0xe /opt/microchip/xc8/v3.10/avr/bin/../lib/gcc/avr/5.4.0/../../../../avr/lib/avrxmega2/libm.a(fp_zero.o)
 .stack.descriptors.hdr
                0x00000000000000ee        0xe /opt/microchip/xc8/v3.10/avr/bin/../lib/gcc/avr/5.4.0/../../../../avr/lib/avrxmega2/libm.a(mulsf3.o)
 .stack.descriptors.hdr
                0x00000000000000fc        0xe /opt/microchip/xc8/v3.10/avr/bin/../lib/gcc/avr/5.4.0/../../../../avr/lib/avrxmega2/libm.a(mulsf3x.o)
 .stack.descriptors.hdr
                0x000000000000010a        0xe /opt/microchip/xc8/v3.10/avr/bin/../lib/gcc/avr/5.4.0/../../../../avr/lib/avrxmega2/libc.a(exit.o)
 .stack.descriptors.hdr
                0x0000000000000118        0xe /opt/microchip/xc8/v3.10/avr/bin/../lib/gcc/avr/5.4.0/../../../../avr/lib/avrxmega2/libc.a(__sio_printf_dfoux.o)
 .stack.descriptors.hdr
                0x0000000000000126        0xe /opt/microchip/xc8/v3.10/avr/bin/../lib/gcc/avr/5.4.0/../../../../avr/lib/avrxmega2/libc.a(__fmt_d.o)
 .stack.descriptors.hdr
                0x0000000000000134        0xe /opt/microchip/xc8/v3.10/avr/bin/../lib/gcc/avr/5.4.0/../../../../avr/lib/avrxmega2/libc.a(__fmt_fp.o)
 .stack.descriptors.hdr
                0x0000000000000142        0xe /opt/microchip/xc8/v3.10/avr/bin/../lib/gcc/avr/5.4.0/../../../../avr/lib/avrxmega2/libc.a(__fmt_o.o)
 .stack.descriptors.hdr
                0x0000000000000150        0xe /opt/microchip/xc8/v3.10/avr/bin/../lib/gcc/avr/5.4.0/../../../../avr/lib/avrxmega2/libc.a(__fmt_s.o)
 .stack.descriptors.hdr
                0x000000000000015e        0xe /opt/microchip/xc8/v3.10/avr/bin/../lib/gcc/avr/5.4.0/../../../../avr/lib/avrxmega2/libc.a(__fmt_u.o)
 .stack.descriptors.hdr
                0x000000000000016c        0xe /opt/microchip/xc8/v3.10/avr/bin/../lib/gcc/avr/5.4.0/../../../../avr/lib/avrxmega2/libc.a(__fmt_x.o)
 .stack.descriptors.hdr
                0x000000000000017a        0xe /opt/microchip/xc8/v3.10/avr/bin/../lib/gcc/avr/5.4.0/../../../../avr/lib/avrxmega2/libc.a(__pop_int.o)
 .stack.descriptors.hdr
                0x0000000000000188        0xe /opt/microchip/xc8/v3.10/avr/bin/../lib/gcc/avr/5.4.0/../../../../avr/lib/avrxmega2/libc.a(__printf_core.o)
 .stack.descriptors.hdr
                0x0000000000000196        0xe /opt/microchip/xc8/v3.10/avr/bin/../lib/gcc/avr/5.4.0/../../../../avr/lib/avrxmega2/libc.a(fputc.o)
 .stack.descriptors.hdr
                0x00000000000001a4        0xe /opt/microchip/xc8/v3.10/avr/bin/../lib/gcc/avr/5.4.0/../../../../avr/lib/avrxmega2/libc.a(puts.o)
 .stack.descriptors.hdr
                0x00000000000001b2        0xe /opt/microchip/xc8/v3.10/avr/bin/../lib/gcc/avr/5.4.0/../../../../avr/lib/avrxmega2/libc.a(stdout.o)
 .stack.descriptors.hdr
                0x00000000000001c0        0xe /opt/microchip/xc8/v3.10/avr/bin/../lib/gcc/avr/5.4.0/../../../../avr/lib/avrxmega2/libc.a(__pop_float.o)
 .stack.descriptors.hdr
                0x00000000000001ce        0xe /opt/microchip/xc8/v3.10/avr/bin/../lib/gcc/avr/5.4.0/../../../../avr/lib/avrxmega2/libc.a(memset.o)
 .stack.descriptors.hdr
                0x00000000000001dc        0xe /opt/microchip/xc8/v3.10/avr/bin/../lib/gcc/avr/5.4.0/../../../../avr/lib/avrxmega2/libc.a(strcpy.o)
 .stack.descriptors.hdr
                0x00000000000001ea        0xe /opt/microchip/xc8/v3.10/avr/bin/../lib/gcc/avr/5.4.0/../../../../avr/lib/avrxmega2/libc.a(strlen.o)
 .stack.descriptors.hdr
                0x00000000000001f8        0xe /opt/microchip/xc8/v3.10/avr/bin/../lib/gcc/avr/5.4.0/../../../../avr/lib/avrxmega2/libc.a(tolower.o)
 .stack.descriptors.hdr
                0x0000000000000206        0xe /opt/microchip/xc8/v3.10/avr/bin/../lib/gcc/avr/5.4.0/../../../../avr/lib/avrxmega2/libc.a(toupper.o)
 .stack.descriptors.hdr
                0x0000000000000214        0xe /opt/microchip/xc8/v3.10/avr/bin/../lib/gcc/avr/5.4.0/../../../../avr/lib/avrxmega2/libc.a(errno.o)
 .stack.descriptors.hdr
                0x0000000000000222        0xe /opt/microchip/xc8/v3.10/avr/bin/../lib/gcc/avr/5.4.0/../../../../avr/lib/avrxmega2/libc.a(_Exit.o)
 .stack.descriptors.hdr
                0x0000000000000230        0xe /opt/microchip/xc8/v3.10/avr/bin/../lib/gcc/avr/5.4.0/../../../../avr/lib/avrxmega2/libc.a(__int_vfprintf.o)
 .stack.descriptors.hdr
                0x000000000000023e        0xe /opt/microchip/xc8/v3.10/avr/bin/../lib/gcc/avr/5.4.0/../../../../avr/lib/avrxmega2/libc.a(fputs.o)
 .stack.descriptors.hdr
                0x000000000000024c        0xe /opt/microchip/xc8/v3.10/avr/bin/../lib/gcc/avr/5.4.0/avrxmega2/libgcc.a(_divmodhi4.o)
 .stack.descriptors.hdr
                0x000000000000025a        0xe /opt/microchip/xc8/v3.10/avr/bin/../lib/gcc/avr/5.4.0/avrxmega2/libgcc.a(_exit.o)
 .stack.descriptors.hdr
                0x0000000000000268        0xe /opt/microchip/xc8/v3.10/avr/bin/../lib/gcc/avr/5.4.0/avrxmega2/libgcc.a(_udivmodhi4.o)
 .stack.descriptors.hdr
                0x0000000000000276        0xe /opt/microchip/xc8/v3.10/avr/bin/../lib/gcc/avr/5.4.0/../../../../avr/lib/avrxmega2/libm.a(addsf3.o)
 .stack.descriptors.hdr
                0x0000000000000284        0xe /opt/microchip/xc8/v3.10/avr/bin/../lib/gcc/avr/5.4.0/../../../../avr/lib/avrxmega2/libm.a(addsf3x.o)
 .stack.descriptors.hdr
                0x0000000000000292        0xe /opt/microchip/xc8/v3.10/avr/bin/../lib/gcc/avr/5.4.0/../../../../avr/lib/avrxmega2/libm.a(cmpsf2.o)
 .stack.descriptors.hdr
                0x00000000000002a0        0xe /opt/microchip/xc8/v3.10/avr/bin/../lib/gcc/avr/5.4.0/../../../../avr/lib/avrxmega2/libm.a(floorf.o)
 .stack.descriptors.hdr
                0x00000000000002ae        0xe /opt/microchip/xc8/v3.10/avr/bin/../lib/gcc/avr/5.4.0/../../../../avr/lib/avrxmega2/libm.a(fp_cmp.o)
 .stack.descriptors.hdr
                0x00000000000002bc        0xe /opt/microchip/xc8/v3.10/avr/bin/../lib/gcc/avr/5.4.0/../../../../avr/lib/avrxmega2/libm.a(gesf2.o)

.note.GNU-stack
                0x0000000000000000        0x0
 .note.GNU-stack
                0x0000000000000000        0x0 /opt/microchip/xc8/v3.10/avr/bin/../lib/gcc/avr/5.4.0/../../../../avr/lib/avrxmega2/libm.a(divsf3.o)
 .note.GNU-stack
                0x0000000000000000        0x0 /opt/microchip/xc8/v3.10/avr/bin/../lib/gcc/avr/5.4.0/../../../../avr/lib/avrxmega2/libm.a(divsf3x.o)
 .note.GNU-stack
                0x0000000000000000        0x0 /opt/microchip/xc8/v3.10/avr/bin/../lib/gcc/avr/5.4.0/../../../../avr/lib/avrxmega2/libm.a(fixsfsi.o)
 .note.GNU-stack
                0x0000000000000000        0x0 /opt/microchip/xc8/v3.10/avr/bin/../lib/gcc/avr/5.4.0/../../../../avr/lib/avrxmega2/libm.a(fixunssfsi.o)
 .note.GNU-stack
                0x0000000000000000        0x0 /opt/microchip/xc8/v3.10/avr/bin/../lib/gcc/avr/5.4.0/../../../../avr/lib/avrxmega2/libm.a(fp_inf.o)
 .note.GNU-stack
                0x0000000000000000        0x0 /opt/microchip/xc8/v3.10/avr/bin/../lib/gcc/avr/5.4.0/../../../../avr/lib/avrxmega2/libm.a(fp_nan.o)
 .note.GNU-stack
                0x0000000000000000        0x0 /opt/microchip/xc8/v3.10/avr/bin/../lib/gcc/avr/5.4.0/../../../../avr/lib/avrxmega2/libm.a(fp_pscA.o)
 .note.GNU-stack
                0x0000000000000000        0x0 /opt/microchip/xc8/v3.10/avr/bin/../lib/gcc/avr/5.4.0/../../../../avr/lib/avrxmega2/libm.a(fp_pscB.o)
 .note.GNU-stack
                0x0000000000000000        0x0 /opt/microchip/xc8/v3.10/avr/bin/../lib/gcc/avr/5.4.0/../../../../avr/lib/avrxmega2/libm.a(fp_round.o)
 .note.GNU-stack
                0x0000000000000000        0x0 /opt/microchip/xc8/v3.10/avr/bin/../lib/gcc/avr/5.4.0/../../../../avr/lib/avrxmega2/libm.a(fp_split3.o)
 .note.GNU-stack
                0x0000000000000000        0x0 /opt/microchip/xc8/v3.10/avr/bin/../lib/gcc/avr/5.4.0/../../../../avr/lib/avrxmega2/libm.a(fp_zero.o)
 .note.GNU-stack
                0x0000000000000000        0x0 /opt/microchip/xc8/v3.10/avr/bin/../lib/gcc/avr/5.4.0/../../../../avr/lib/avrxmega2/libm.a(mulsf3.o)
 .note.GNU-stack
                0x0000000000000000        0x0 /opt/microchip/xc8/v3.10/avr/bin/../lib/gcc/avr/5.4.0/../../../../avr/lib/avrxmega2/libm.a(mulsf3x.o)
 .note.GNU-stack
                0x0000000000000000        0x0 /opt/microchip/xc8/v3.10/avr/bin/../lib/gcc/avr/5.4.0/../../../../avr/lib/avrxmega2/libc.a(exit.o)
 .note.GNU-stack
                0x0000000000000000        0x0 /opt/microchip/xc8/v3.10/avr/bin/../lib/gcc/avr/5.4.0/../../../../avr/lib/avrxmega2/libc.a(__sio_printf_dfoux.o)
 .note.GNU-stack
                0x0000000000000000        0x0 /opt/microchip/xc8/v3.10/avr/bin/../lib/gcc/avr/5.4.0/../../../../avr/lib/avrxmega2/libc.a(__fmt_d.o)
 .note.GNU-stack
                0x0000000000000000        0x0 /opt/microchip/xc8/v3.10/avr/bin/../lib/gcc/avr/5.4.0/../../../../avr/lib/avrxmega2/libc.a(__fmt_fp.o)
 .note.GNU-stack
                0x0000000000000000        0x0 /opt/microchip/xc8/v3.10/avr/bin/../lib/gcc/avr/5.4.0/../../../../avr/lib/avrxmega2/libc.a(__fmt_o.o)
 .note.GNU-stack
                0x0000000000000000        0x0 /opt/microchip/xc8/v3.10/avr/bin/../lib/gcc/avr/5.4.0/../../../../avr/lib/avrxmega2/libc.a(__fmt_s.o)
 .note.GNU-stack
                0x0000000000000000        0x0 /opt/microchip/xc8/v3.10/avr/bin/../lib/gcc/avr/5.4.0/../../../../avr/lib/avrxmega2/libc.a(__fmt_u.o)
 .note.GNU-stack
                0x0000000000000000        0x0 /opt/microchip/xc8/v3.10/avr/bin/../lib/gcc/avr/5.4.0/../../../../avr/lib/avrxmega2/libc.a(__fmt_x.o)
 .note.GNU-stack
                0x0000000000000000        0x0 /opt/microchip/xc8/v3.10/avr/bin/../lib/gcc/avr/5.4.0/../../../../avr/lib/avrxmega2/libc.a(__pop_int.o)
 .note.GNU-stack
                0x0000000000000000        0x0 /opt/microchip/xc8/v3.10/avr/bin/../lib/gcc/avr/5.4.0/../../../../avr/lib/avrxmega2/libc.a(__printf_core.o)
 .note.GNU-stack
                0x0000000000000000        0x0 /opt/microchip/xc8/v3.10/avr/bin/../lib/gcc/avr/5.4.0/../../../../avr/lib/avrxmega2/libc.a(fputc.o)
 .note.GNU-stack
                0x0000000000000000        0x0 /opt/microchip/xc8/v3.10/avr/bin/../lib/gcc/avr/5.4.0/../../../../avr/lib/avrxmega2/libc.a(puts.o)
 .note.GNU-stack
                0x0000000000000000        0x0 /opt/microchip/xc8/v3.10/avr/bin/../lib/gcc/avr/5.4.0/../../../../avr/lib/avrxmega2/libc.a(stdout.o)
 .note.GNU-stack
                0x0000000000000000        0x0 /opt/microchip/xc8/v3.10/avr/bin/../lib/gcc/avr/5.4.0/../../../../avr/lib/avrxmega2/libc.a(__pop_float.o)
 .note.GNU-stack
                0x0000000000000000        0x0 /opt/microchip/xc8/v3.10/avr/bin/../lib/gcc/avr/5.4.0/../../../../avr/lib/avrxmega2/libc.a(memset.o)
 .note.GNU-stack
                0x0000000000000000        0x0 /opt/microchip/xc8/v3.10/avr/bin/../lib/gcc/avr/5.4.0/../../../../avr/lib/avrxmega2/libc.a(strcpy.o)
 .note.GNU-stack
                0x0000000000000000        0x0 /opt/microchip/xc8/v3.10/avr/bin/../lib/gcc/avr/5.4.0/../../../../avr/lib/avrxmega2/libc.a(strlen.o)
 .note.GNU-stack
                0x0000000000000000        0x0 /opt/microchip/xc8/v3.10/avr/bin/../lib/gcc/avr/5.4.0/../../../../avr/lib/avrxmega2/libc.a(tolower.o)
 .note.GNU-stack
                0x0000000000000000        0x0 /opt/microchip/xc8/v3.10/avr/bin/../lib/gcc/avr/5.4.0/../../../../avr/lib/avrxmega2/libc.a(toupper.o)
 .note.GNU-stack
                0x0000000000000000        0x0 /opt/microchip/xc8/v3.10/avr/bin/../lib/gcc/avr/5.4.0/../../../../avr/lib/avrxmega2/libc.a(errno.o)
 .note.GNU-stack
                0x0000000000000000        0x0 /opt/microchip/xc8/v3.10/avr/bin/../lib/gcc/avr/5.4.0/../../../../avr/lib/avrxmega2/libc.a(_Exit.o)
 .note.GNU-stack
                0x0000000000000000        0x0 /opt/microchip/xc8/v3.10/avr/bin/../lib/gcc/avr/5.4.0/../../../../avr/lib/avrxmega2/libc.a(__int_vfprintf.o)
 .note.GNU-stack
                0x0000000000000000        0x0 /opt/microchip/xc8/v3.10/avr/bin/../lib/gcc/avr/5.4.0/../../../../avr/lib/avrxmega2/libc.a(fputs.o)
 .note.GNU-stack
                0x0000000000000000        0x0 /opt/microchip/xc8/v3.10/avr/bin/../lib/gcc/avr/5.4.0/../../../../avr/lib/avrxmega2/libm.a(addsf3.o)
 .note.GNU-stack
                0x0000000000000000        0x0 /opt/microchip/xc8/v3.10/avr/bin/../lib/gcc/avr/5.4.0/../../../../avr/lib/avrxmega2/libm.a(addsf3x.o)
 .note.GNU-stack
                0x0000000000000000        0x0 /opt/microchip/xc8/v3.10/avr/bin/../lib/gcc/avr/5.4.0/../../../../avr/lib/avrxmega2/libm.a(cmpsf2.o)
 .note.GNU-stack
                0x0000000000000000        0x0 /opt/microchip/xc8/v3.10/avr/bin/../lib/gcc/avr/5.4.0/../../../../avr/lib/avrxmega2/libm.a(floorf.o)
 .note.GNU-stack
                0x0000000000000000        0x0 /opt/microchip/xc8/v3.10/avr/bin/../lib/gcc/avr/5.4.0/../../../../avr/lib/avrxmega2/libm.a(fp_cmp.o)
 .note.GNU-stack
                0x0000000000000000        0x0 /opt/microchip/xc8/v3.10/avr/bin/../lib/gcc/avr/5.4.0/../../../../avr/lib/avrxmega2/libm.a(gesf2.o)

.note.gnu.build-id
 *(.note.gnu.build-id)

.debug
 *(.debug)

.line
 *(.line)

.debug_srcinfo
 *(.debug_srcinfo)

.debug_sfnames
 *(.debug_sfnames)

.debug_aranges  0x0000000000000000      0x570
 *(.debug_aranges)
 .debug_aranges
                0x0000000000000000       0x20 CMakeFiles/probe_5028_devkit_firmware_default_default_XC8_assemblePreprocess.dir/home/probe-5028/MPLABProjects/probe-5028-devkit-firmware/My_MCC_Config/mcc/mcc_generated_files/system/src/protected_io.S.o
 .debug_aranges
                0x0000000000000020       0x48 CMakeFiles/probe_5028_devkit_firmware_default_default_XC8_compile.dir/home/probe-5028/MPLABProjects/probe-5028-devkit-firmware/My_MCC_Config/mcc/main.c.o
 .debug_aranges
                0x0000000000000068      0x120 CMakeFiles/probe_5028_devkit_firmware_default_default_XC8_compile.dir/home/probe-5028/MPLABProjects/probe-5028-devkit-firmware/My_MCC_Config/mcc/mcc_generated_files/adc/src/adc0.c.o
 .debug_aranges
                0x0000000000000188       0x40 CMakeFiles/probe_5028_devkit_firmware_default_default_XC8_compile.dir/home/probe-5028/MPLABProjects/probe-5028-devkit-firmware/My_MCC_Config/mcc/mcc_generated_files/dac/src/dac0.c.o
 .debug_aranges
                0x00000000000001c8       0x80 CMakeFiles/probe_5028_devkit_firmware_default_default_XC8_compile.dir/home/probe-5028/MPLABProjects/probe-5028-devkit-firmware/My_MCC_Config/mcc/mcc_generated_files/nvm/src/nvm.c.o
 .debug_aranges
                0x0000000000000248       0x30 CMakeFiles/probe_5028_devkit_firmware_default_default_XC8_compile.dir/home/probe-5028/MPLABProjects/probe-5028-devkit-firmware/My_MCC_Config/mcc/mcc_generated_files/system/src/clock.c.o
 .debug_aranges
                0x0000000000000278       0x18 CMakeFiles/probe_5028_devkit_firmware_default_default_XC8_compile.dir/home/probe-5028/MPLABProjects/probe-5028-devkit-firmware/My_MCC_Config/mcc/mcc_generated_files/system/src/config_bits.c.o
 .debug_aranges
                0x0000000000000290       0x20 CMakeFiles/probe_5028_devkit_firmware_default_default_XC8_compile.dir/home/probe-5028/MPLABProjects/probe-5028-devkit-firmware/My_MCC_Config/mcc/mcc_generated_files/system/src/interrupt.c.o
 .debug_aranges
                0x00000000000002b0       0xb0 CMakeFiles/probe_5028_devkit_firmware_default_default_XC8_compile.dir/home/probe-5028/MPLABProjects/probe-5028-devkit-firmware/My_MCC_Config/mcc/mcc_generated_files/system/src/pins.c.o
 .debug_aranges
                0x0000000000000360       0x20 CMakeFiles/probe_5028_devkit_firmware_default_default_XC8_compile.dir/home/probe-5028/MPLABProjects/probe-5028-devkit-firmware/My_MCC_Config/mcc/mcc_generated_files/system/src/system.c.o
 .debug_aranges
                0x0000000000000380       0xf0 CMakeFiles/probe_5028_devkit_firmware_default_default_XC8_compile.dir/home/probe-5028/MPLABProjects/probe-5028-devkit-firmware/My_MCC_Config/mcc/mcc_generated_files/timer/src/tca0.c.o
 .debug_aranges
                0x0000000000000470       0xe0 CMakeFiles/probe_5028_devkit_firmware_default_default_XC8_compile.dir/home/probe-5028/MPLABProjects/probe-5028-devkit-firmware/My_MCC_Config/mcc/mcc_generated_files/uart/src/usart0.c.o
 .debug_aranges
                0x0000000000000550       0x20 CMakeFiles/probe_5028_devkit_firmware_default_default_XC8_compile.dir/home/probe-5028/MPLABProjects/probe-5028-devkit-firmware/My_MCC_Config/mcc/mcc_generated_files/vref/src/vref.c.o

.debug_pubnames
 *(.debug_pubnames)

.debug_info     0x0000000000000000     0xaa9d
 *(.debug_info .gnu.linkonce.wi.*)
 .debug_info    0x0000000000000000     0x22a4 /home/probe-5028/.mchp_packs/Microchip/AVR-Dx_DFP/2.7.321/xc8/avr/lib/avrxmega2/crtavr64dd32.o
 .debug_info    0x00000000000022a4      0x104 CMakeFiles/probe_5028_devkit_firmware_default_default_XC8_assemblePreprocess.dir/home/probe-5028/MPLABProjects/probe-5028-devkit-firmware/My_MCC_Config/mcc/mcc_generated_files/system/src/protected_io.S.o
 .debug_info    0x00000000000023a8      0x9d9 CMakeFiles/probe_5028_devkit_firmware_default_default_XC8_compile.dir/home/probe-5028/MPLABProjects/probe-5028-devkit-firmware/My_MCC_Config/mcc/main.c.o
 .debug_info    0x0000000000002d81     0x1ac0 CMakeFiles/probe_5028_devkit_firmware_default_default_XC8_compile.dir/home/probe-5028/MPLABProjects/probe-5028-devkit-firmware/My_MCC_Config/mcc/mcc_generated_files/adc/src/adc0.c.o
 .debug_info    0x0000000000004841      0x430 CMakeFiles/probe_5028_devkit_firmware_default_default_XC8_compile.dir/home/probe-5028/MPLABProjects/probe-5028-devkit-firmware/My_MCC_Config/mcc/mcc_generated_files/dac/src/dac0.c.o
 .debug_info    0x0000000000004c71      0xd9f CMakeFiles/probe_5028_devkit_firmware_default_default_XC8_compile.dir/home/probe-5028/MPLABProjects/probe-5028-devkit-firmware/My_MCC_Config/mcc/mcc_generated_files/nvm/src/nvm.c.o
 .debug_info    0x0000000000005a10      0xeea CMakeFiles/probe_5028_devkit_firmware_default_default_XC8_compile.dir/home/probe-5028/MPLABProjects/probe-5028-devkit-firmware/My_MCC_Config/mcc/mcc_generated_files/system/src/clock.c.o
 .debug_info    0x00000000000068fa      0x8d6 CMakeFiles/probe_5028_devkit_firmware_default_default_XC8_compile.dir/home/probe-5028/MPLABProjects/probe-5028-devkit-firmware/My_MCC_Config/mcc/mcc_generated_files/system/src/config_bits.c.o
 .debug_info    0x00000000000071d0      0x3e2 CMakeFiles/probe_5028_devkit_firmware_default_default_XC8_compile.dir/home/probe-5028/MPLABProjects/probe-5028-devkit-firmware/My_MCC_Config/mcc/mcc_generated_files/system/src/interrupt.c.o
 .debug_info    0x00000000000075b2      0xbaf CMakeFiles/probe_5028_devkit_firmware_default_default_XC8_compile.dir/home/probe-5028/MPLABProjects/probe-5028-devkit-firmware/My_MCC_Config/mcc/mcc_generated_files/system/src/pins.c.o
 .debug_info    0x0000000000008161      0x369 CMakeFiles/probe_5028_devkit_firmware_default_default_XC8_compile.dir/home/probe-5028/MPLABProjects/probe-5028-devkit-firmware/My_MCC_Config/mcc/mcc_generated_files/system/src/system.c.o
 .debug_info    0x00000000000084ca     0x1327 CMakeFiles/probe_5028_devkit_firmware_default_default_XC8_compile.dir/home/probe-5028/MPLABProjects/probe-5028-devkit-firmware/My_MCC_Config/mcc/mcc_generated_files/timer/src/tca0.c.o
 .debug_info    0x00000000000097f1      0xf5e CMakeFiles/probe_5028_devkit_firmware_default_default_XC8_compile.dir/home/probe-5028/MPLABProjects/probe-5028-devkit-firmware/My_MCC_Config/mcc/mcc_generated_files/uart/src/usart0.c.o
 .debug_info    0x000000000000a74f      0x34e CMakeFiles/probe_5028_devkit_firmware_default_default_XC8_compile.dir/home/probe-5028/MPLABProjects/probe-5028-devkit-firmware/My_MCC_Config/mcc/mcc_generated_files/vref/src/vref.c.o

.debug_abbrev   0x0000000000000000     0x31a3
 *(.debug_abbrev)
 .debug_abbrev  0x0000000000000000     0x20ce /home/probe-5028/.mchp_packs/Microchip/AVR-Dx_DFP/2.7.321/xc8/avr/lib/avrxmega2/crtavr64dd32.o
 .debug_abbrev  0x00000000000020ce       0x14 CMakeFiles/probe_5028_devkit_firmware_default_default_XC8_assemblePreprocess.dir/home/probe-5028/MPLABProjects/probe-5028-devkit-firmware/My_MCC_Config/mcc/mcc_generated_files/system/src/protected_io.S.o
 .debug_abbrev  0x00000000000020e2      0x208 CMakeFiles/probe_5028_devkit_firmware_default_default_XC8_compile.dir/home/probe-5028/MPLABProjects/probe-5028-devkit-firmware/My_MCC_Config/mcc/main.c.o
 .debug_abbrev  0x00000000000022ea      0x1b8 CMakeFiles/probe_5028_devkit_firmware_default_default_XC8_compile.dir/home/probe-5028/MPLABProjects/probe-5028-devkit-firmware/My_MCC_Config/mcc/mcc_generated_files/adc/src/adc0.c.o
 .debug_abbrev  0x00000000000024a2      0x102 CMakeFiles/probe_5028_devkit_firmware_default_default_XC8_compile.dir/home/probe-5028/MPLABProjects/probe-5028-devkit-firmware/My_MCC_Config/mcc/mcc_generated_files/dac/src/dac0.c.o
 .debug_abbrev  0x00000000000025a4      0x22f CMakeFiles/probe_5028_devkit_firmware_default_default_XC8_compile.dir/home/probe-5028/MPLABProjects/probe-5028-devkit-firmware/My_MCC_Config/mcc/mcc_generated_files/nvm/src/nvm.c.o
 .debug_abbrev  0x00000000000027d3      0x133 CMakeFiles/probe_5028_devkit_firmware_default_default_XC8_compile.dir/home/probe-5028/MPLABProjects/probe-5028-devkit-firmware/My_MCC_Config/mcc/mcc_generated_files/system/src/clock.c.o
 .debug_abbrev  0x0000000000002906       0x95 CMakeFiles/probe_5028_devkit_firmware_default_default_XC8_compile.dir/home/probe-5028/MPLABProjects/probe-5028-devkit-firmware/My_MCC_Config/mcc/mcc_generated_files/system/src/config_bits.c.o
 .debug_abbrev  0x000000000000299b       0xf8 CMakeFiles/probe_5028_devkit_firmware_default_default_XC8_compile.dir/home/probe-5028/MPLABProjects/probe-5028-devkit-firmware/My_MCC_Config/mcc/mcc_generated_files/system/src/interrupt.c.o
 .debug_abbrev  0x0000000000002a93      0x148 CMakeFiles/probe_5028_devkit_firmware_default_default_XC8_compile.dir/home/probe-5028/MPLABProjects/probe-5028-devkit-firmware/My_MCC_Config/mcc/mcc_generated_files/system/src/pins.c.o
 .debug_abbrev  0x0000000000002bdb       0x56 CMakeFiles/probe_5028_devkit_firmware_default_default_XC8_compile.dir/home/probe-5028/MPLABProjects/probe-5028-devkit-firmware/My_MCC_Config/mcc/mcc_generated_files/system/src/system.c.o
 .debug_abbrev  0x0000000000002c31      0x1e8 CMakeFiles/probe_5028_devkit_firmware_default_default_XC8_compile.dir/home/probe-5028/MPLABProjects/probe-5028-devkit-firmware/My_MCC_Config/mcc/mcc_generated_files/timer/src/tca0.c.o
 .debug_abbrev  0x0000000000002e19      0x300 CMakeFiles/probe_5028_devkit_firmware_default_default_XC8_compile.dir/home/probe-5028/MPLABProjects/probe-5028-devkit-firmware/My_MCC_Config/mcc/mcc_generated_files/uart/src/usart0.c.o
 .debug_abbrev  0x0000000000003119       0x8a CMakeFiles/probe_5028_devkit_firmware_default_default_XC8_compile.dir/home/probe-5028/MPLABProjects/probe-5028-devkit-firmware/My_MCC_Config/mcc/mcc_generated_files/vref/src/vref.c.o

.debug_line     0x0000000000000000     0x2ed9
 *(.debug_line .debug_line.* .debug_line_end)
 .debug_line    0x0000000000000000      0x16f /home/probe-5028/.mchp_packs/Microchip/AVR-Dx_DFP/2.7.321/xc8/avr/lib/avrxmega2/crtavr64dd32.o
 .debug_line    0x000000000000016f       0xb9 CMakeFiles/probe_5028_devkit_firmware_default_default_XC8_assemblePreprocess.dir/home/probe-5028/MPLABProjects/probe-5028-devkit-firmware/My_MCC_Config/mcc/mcc_generated_files/system/src/protected_io.S.o
 .debug_line    0x0000000000000228      0x52d CMakeFiles/probe_5028_devkit_firmware_default_default_XC8_compile.dir/home/probe-5028/MPLABProjects/probe-5028-devkit-firmware/My_MCC_Config/mcc/main.c.o
 .debug_line    0x0000000000000755      0x5cf CMakeFiles/probe_5028_devkit_firmware_default_default_XC8_compile.dir/home/probe-5028/MPLABProjects/probe-5028-devkit-firmware/My_MCC_Config/mcc/mcc_generated_files/adc/src/adc0.c.o
 .debug_line    0x0000000000000d24      0x21d CMakeFiles/probe_5028_devkit_firmware_default_default_XC8_compile.dir/home/probe-5028/MPLABProjects/probe-5028-devkit-firmware/My_MCC_Config/mcc/mcc_generated_files/dac/src/dac0.c.o
 .debug_line    0x0000000000000f41      0x48b CMakeFiles/probe_5028_devkit_firmware_default_default_XC8_compile.dir/home/probe-5028/MPLABProjects/probe-5028-devkit-firmware/My_MCC_Config/mcc/mcc_generated_files/nvm/src/nvm.c.o
 .debug_line    0x00000000000013cc      0x296 CMakeFiles/probe_5028_devkit_firmware_default_default_XC8_compile.dir/home/probe-5028/MPLABProjects/probe-5028-devkit-firmware/My_MCC_Config/mcc/mcc_generated_files/system/src/clock.c.o
 .debug_line    0x0000000000001662      0x131 CMakeFiles/probe_5028_devkit_firmware_default_default_XC8_compile.dir/home/probe-5028/MPLABProjects/probe-5028-devkit-firmware/My_MCC_Config/mcc/mcc_generated_files/system/src/config_bits.c.o
 .debug_line    0x0000000000001793      0x262 CMakeFiles/probe_5028_devkit_firmware_default_default_XC8_compile.dir/home/probe-5028/MPLABProjects/probe-5028-devkit-firmware/My_MCC_Config/mcc/mcc_generated_files/system/src/interrupt.c.o
 .debug_line    0x00000000000019f5      0x471 CMakeFiles/probe_5028_devkit_firmware_default_default_XC8_compile.dir/home/probe-5028/MPLABProjects/probe-5028-devkit-firmware/My_MCC_Config/mcc/mcc_generated_files/system/src/pins.c.o
 .debug_line    0x0000000000001e66      0x472 CMakeFiles/probe_5028_devkit_firmware_default_default_XC8_compile.dir/home/probe-5028/MPLABProjects/probe-5028-devkit-firmware/My_MCC_Config/mcc/mcc_generated_files/system/src/system.c.o
 .debug_line    0x00000000000022d8      0x53e CMakeFiles/probe_5028_devkit_firmware_default_default_XC8_compile.dir/home/probe-5028/MPLABProjects/probe-5028-devkit-firmware/My_MCC_Config/mcc/mcc_generated_files/timer/src/tca0.c.o
 .debug_line    0x0000000000002816      0x573 CMakeFiles/probe_5028_devkit_firmware_default_default_XC8_compile.dir/home/probe-5028/MPLABProjects/probe-5028-devkit-firmware/My_MCC_Config/mcc/mcc_generated_files/uart/src/usart0.c.o
 .debug_line    0x0000000000002d89      0x150 CMakeFiles/probe_5028_devkit_firmware_default_default_XC8_compile.dir/home/probe-5028/MPLABProjects/probe-5028-devkit-firmware/My_MCC_Config/mcc/mcc_generated_files/vref/src/vref.c.o

.debug_frame    0x0000000000000000      0xc8c
 *(.debug_frame)
 .debug_frame   0x0000000000000000       0xc4 CMakeFiles/probe_5028_devkit_firmware_default_default_XC8_compile.dir/home/probe-5028/MPLABProjects/probe-5028-devkit-firmware/My_MCC_Config/mcc/main.c.o
 .debug_frame   0x00000000000000c4      0x2b4 CMakeFiles/probe_5028_devkit_firmware_default_default_XC8_compile.dir/home/probe-5028/MPLABProjects/probe-5028-devkit-firmware/My_MCC_Config/mcc/mcc_generated_files/adc/src/adc0.c.o
 .debug_frame   0x0000000000000378       0x64 CMakeFiles/probe_5028_devkit_firmware_default_default_XC8_compile.dir/home/probe-5028/MPLABProjects/probe-5028-devkit-firmware/My_MCC_Config/mcc/mcc_generated_files/dac/src/dac0.c.o
 .debug_frame   0x00000000000003dc      0x148 CMakeFiles/probe_5028_devkit_firmware_default_default_XC8_compile.dir/home/probe-5028/MPLABProjects/probe-5028-devkit-firmware/My_MCC_Config/mcc/mcc_generated_files/nvm/src/nvm.c.o
 .debug_frame   0x0000000000000524       0x44 CMakeFiles/probe_5028_devkit_firmware_default_default_XC8_compile.dir/home/probe-5028/MPLABProjects/probe-5028-devkit-firmware/My_MCC_Config/mcc/mcc_generated_files/system/src/clock.c.o
 .debug_frame   0x0000000000000568       0x24 CMakeFiles/probe_5028_devkit_firmware_default_default_XC8_compile.dir/home/probe-5028/MPLABProjects/probe-5028-devkit-firmware/My_MCC_Config/mcc/mcc_generated_files/system/src/interrupt.c.o
 .debug_frame   0x000000000000058c      0x228 CMakeFiles/probe_5028_devkit_firmware_default_default_XC8_compile.dir/home/probe-5028/MPLABProjects/probe-5028-devkit-firmware/My_MCC_Config/mcc/mcc_generated_files/system/src/pins.c.o
 .debug_frame   0x00000000000007b4       0x24 CMakeFiles/probe_5028_devkit_firmware_default_default_XC8_compile.dir/home/probe-5028/MPLABProjects/probe-5028-devkit-firmware/My_MCC_Config/mcc/mcc_generated_files/system/src/system.c.o
 .debug_frame   0x00000000000007d8      0x2e4 CMakeFiles/probe_5028_devkit_firmware_default_default_XC8_compile.dir/home/probe-5028/MPLABProjects/probe-5028-devkit-firmware/My_MCC_Config/mcc/mcc_generated_files/timer/src/tca0.c.o
 .debug_frame   0x0000000000000abc      0x1ac CMakeFiles/probe_5028_devkit_firmware_default_default_XC8_compile.dir/home/probe-5028/MPLABProjects/probe-5028-devkit-firmware/My_MCC_Config/mcc/mcc_generated_files/uart/src/usart0.c.o
 .debug_frame   0x0000000000000c68       0x24 CMakeFiles/probe_5028_devkit_firmware_default_default_XC8_compile.dir/home/probe-5028/MPLABProjects/probe-5028-devkit-firmware/My_MCC_Config/mcc/mcc_generated_files/vref/src/vref.c.o

.debug_str      0x0000000000000000     0x1158
 *(.debug_str)
 .debug_str     0x0000000000000000      0xefb /home/probe-5028/.mchp_packs/Microchip/AVR-Dx_DFP/2.7.321/xc8/avr/lib/avrxmega2/crtavr64dd32.o
 .debug_str     0x0000000000000efb       0xc6 CMakeFiles/probe_5028_devkit_firmware_default_default_XC8_compile.dir/home/probe-5028/MPLABProjects/probe-5028-devkit-firmware/My_MCC_Config/mcc/main.c.o
 .debug_str     0x0000000000000fc1        0x9 CMakeFiles/probe_5028_devkit_firmware_default_default_XC8_compile.dir/home/probe-5028/MPLABProjects/probe-5028-devkit-firmware/My_MCC_Config/mcc/mcc_generated_files/adc/src/adc0.c.o
 .debug_str     0x0000000000000fca        0x0 CMakeFiles/probe_5028_devkit_firmware_default_default_XC8_compile.dir/home/probe-5028/MPLABProjects/probe-5028-devkit-firmware/My_MCC_Config/mcc/mcc_generated_files/dac/src/dac0.c.o
 .debug_str     0x0000000000000fca       0x1b CMakeFiles/probe_5028_devkit_firmware_default_default_XC8_compile.dir/home/probe-5028/MPLABProjects/probe-5028-devkit-firmware/My_MCC_Config/mcc/mcc_generated_files/nvm/src/nvm.c.o
 .debug_str     0x0000000000000fe5       0x13 CMakeFiles/probe_5028_devkit_firmware_default_default_XC8_compile.dir/home/probe-5028/MPLABProjects/probe-5028-devkit-firmware/My_MCC_Config/mcc/mcc_generated_files/system/src/clock.c.o
 .debug_str     0x0000000000000ff8        0x0 CMakeFiles/probe_5028_devkit_firmware_default_default_XC8_compile.dir/home/probe-5028/MPLABProjects/probe-5028-devkit-firmware/My_MCC_Config/mcc/mcc_generated_files/system/src/config_bits.c.o
 .debug_str     0x0000000000000ff8       0x13 CMakeFiles/probe_5028_devkit_firmware_default_default_XC8_compile.dir/home/probe-5028/MPLABProjects/probe-5028-devkit-firmware/My_MCC_Config/mcc/mcc_generated_files/system/src/interrupt.c.o
 .debug_str     0x000000000000100b       0x30 CMakeFiles/probe_5028_devkit_firmware_default_default_XC8_compile.dir/home/probe-5028/MPLABProjects/probe-5028-devkit-firmware/My_MCC_Config/mcc/mcc_generated_files/system/src/pins.c.o
 .debug_str     0x000000000000103b       0x9b CMakeFiles/probe_5028_devkit_firmware_default_default_XC8_compile.dir/home/probe-5028/MPLABProjects/probe-5028-devkit-firmware/My_MCC_Config/mcc/mcc_generated_files/system/src/system.c.o
 .debug_str     0x00000000000010d6       0x72 CMakeFiles/probe_5028_devkit_firmware_default_default_XC8_compile.dir/home/probe-5028/MPLABProjects/probe-5028-devkit-firmware/My_MCC_Config/mcc/mcc_generated_files/timer/src/tca0.c.o
 .debug_str     0x0000000000001148       0x10 CMakeFiles/probe_5028_devkit_firmware_default_default_XC8_compile.dir/home/probe-5028/MPLABProjects/probe-5028-devkit-firmware/My_MCC_Config/mcc/mcc_generated_files/uart/src/usart0.c.o
 .debug_str     0x0000000000001158        0x0 CMakeFiles/probe_5028_devkit_firmware_default_default_XC8_compile.dir/home/probe-5028/MPLABProjects/probe-5028-devkit-firmware/My_MCC_Config/mcc/mcc_generated_files/vref/src/vref.c.o

.debug_loc      0x0000000000000000      0xd08
 *(.debug_loc)
 .debug_loc     0x0000000000000000      0x473 CMakeFiles/probe_5028_devkit_firmware_default_default_XC8_compile.dir/home/probe-5028/MPLABProjects/probe-5028-devkit-firmware/My_MCC_Config/mcc/main.c.o
 .debug_loc     0x0000000000000473       0x6f CMakeFiles/probe_5028_devkit_firmware_default_default_XC8_compile.dir/home/probe-5028/MPLABProjects/probe-5028-devkit-firmware/My_MCC_Config/mcc/mcc_generated_files/adc/src/adc0.c.o
 .debug_loc     0x00000000000004e2       0x28 CMakeFiles/probe_5028_devkit_firmware_default_default_XC8_compile.dir/home/probe-5028/MPLABProjects/probe-5028-devkit-firmware/My_MCC_Config/mcc/mcc_generated_files/dac/src/dac0.c.o
 .debug_loc     0x000000000000050a      0x49f CMakeFiles/probe_5028_devkit_firmware_default_default_XC8_compile.dir/home/probe-5028/MPLABProjects/probe-5028-devkit-firmware/My_MCC_Config/mcc/mcc_generated_files/nvm/src/nvm.c.o
 .debug_loc     0x00000000000009a9      0x23b CMakeFiles/probe_5028_devkit_firmware_default_default_XC8_compile.dir/home/probe-5028/MPLABProjects/probe-5028-devkit-firmware/My_MCC_Config/mcc/mcc_generated_files/system/src/clock.c.o
 .debug_loc     0x0000000000000be4       0x2a CMakeFiles/probe_5028_devkit_firmware_default_default_XC8_compile.dir/home/probe-5028/MPLABProjects/probe-5028-devkit-firmware/My_MCC_Config/mcc/mcc_generated_files/system/src/interrupt.c.o
 .debug_loc     0x0000000000000c0e       0x34 CMakeFiles/probe_5028_devkit_firmware_default_default_XC8_compile.dir/home/probe-5028/MPLABProjects/probe-5028-devkit-firmware/My_MCC_Config/mcc/mcc_generated_files/timer/src/tca0.c.o
 .debug_loc     0x0000000000000c42       0xc6 CMakeFiles/probe_5028_devkit_firmware_default_default_XC8_compile.dir/home/probe-5028/MPLABProjects/probe-5028-devkit-firmware/My_MCC_Config/mcc/mcc_generated_files/uart/src/usart0.c.o

.debug_macinfo
 *(.debug_macinfo)

.debug_weaknames
 *(.debug_weaknames)

.debug_funcnames
 *(.debug_funcnames)

.debug_typenames
 *(.debug_typenames)

.debug_varnames
 *(.debug_varnames)

.debug_pubtypes
 *(.debug_pubtypes)

.debug_ranges   0x0000000000000000      0x4a0
 *(.debug_ranges)
 .debug_ranges  0x0000000000000000       0x50 CMakeFiles/probe_5028_devkit_firmware_default_default_XC8_compile.dir/home/probe-5028/MPLABProjects/probe-5028-devkit-firmware/My_MCC_Config/mcc/main.c.o
 .debug_ranges  0x0000000000000050      0x110 CMakeFiles/probe_5028_devkit_firmware_default_default_XC8_compile.dir/home/probe-5028/MPLABProjects/probe-5028-devkit-firmware/My_MCC_Config/mcc/mcc_generated_files/adc/src/adc0.c.o
 .debug_ranges  0x0000000000000160       0x30 CMakeFiles/probe_5028_devkit_firmware_default_default_XC8_compile.dir/home/probe-5028/MPLABProjects/probe-5028-devkit-firmware/My_MCC_Config/mcc/mcc_generated_files/dac/src/dac0.c.o
 .debug_ranges  0x0000000000000190       0x70 CMakeFiles/probe_5028_devkit_firmware_default_default_XC8_compile.dir/home/probe-5028/MPLABProjects/probe-5028-devkit-firmware/My_MCC_Config/mcc/mcc_generated_files/nvm/src/nvm.c.o
 .debug_ranges  0x0000000000000200       0x20 CMakeFiles/probe_5028_devkit_firmware_default_default_XC8_compile.dir/home/probe-5028/MPLABProjects/probe-5028-devkit-firmware/My_MCC_Config/mcc/mcc_generated_files/system/src/clock.c.o
 .debug_ranges  0x0000000000000220       0x10 CMakeFiles/probe_5028_devkit_firmware_default_default_XC8_compile.dir/home/probe-5028/MPLABProjects/probe-5028-devkit-firmware/My_MCC_Config/mcc/mcc_generated_files/system/src/interrupt.c.o
 .debug_ranges  0x0000000000000230       0xa0 CMakeFiles/probe_5028_devkit_firmware_default_default_XC8_compile.dir/home/probe-5028/MPLABProjects/probe-5028-devkit-firmware/My_MCC_Config/mcc/mcc_generated_files/system/src/pins.c.o
 .debug_ranges  0x00000000000002d0       0x10 CMakeFiles/probe_5028_devkit_firmware_default_default_XC8_compile.dir/home/probe-5028/MPLABProjects/probe-5028-devkit-firmware/My_MCC_Config/mcc/mcc_generated_files/system/src/system.c.o
 .debug_ranges  0x00000000000002e0       0xe0 CMakeFiles/probe_5028_devkit_firmware_default_default_XC8_compile.dir/home/probe-5028/MPLABProjects/probe-5028-devkit-firmware/My_MCC_Config/mcc/mcc_generated_files/timer/src/tca0.c.o
 .debug_ranges  0x00000000000003c0       0xd0 CMakeFiles/probe_5028_devkit_firmware_default_default_XC8_compile.dir/home/probe-5028/MPLABProjects/probe-5028-devkit-firmware/My_MCC_Config/mcc/mcc_generated_files/uart/src/usart0.c.o
 .debug_ranges  0x0000000000000490       0x10 CMakeFiles/probe_5028_devkit_firmware_default_default_XC8_compile.dir/home/probe-5028/MPLABProjects/probe-5028-devkit-firmware/My_MCC_Config/mcc/mcc_generated_files/vref/src/vref.c.o

.debug_macro
 *(.debug_macro)
OUTPUT(/home/probe-5028/MPLABProjects/probe-5028-devkit-firmware/out/probe-5028-devkit-firmware/default.elf elf32-avr)
LOAD linker stubs
LOAD data_init

.note.gnu.avr.deviceinfo
                0x0000000000000000       0x3c
 .note.gnu.avr.deviceinfo
                0x0000000000000000       0x3c /home/probe-5028/.mchp_packs/Microchip/AVR-Dx_DFP/2.7.321/xc8/avr/lib/avrxmega2/crtavr64dd32.o

.bss.ADC0_ThresholdCallback
                0x00000000008060c4        0x2
 .bss.ADC0_ThresholdCallback
                0x00000000008060c4        0x2 CMakeFiles/probe_5028_devkit_firmware_default_default_XC8_compile.dir/home/probe-5028/MPLABProjects/probe-5028-devkit-firmware/My_MCC_Config/mcc/mcc_generated_files/adc/src/adc0.c.o

.bss.ADC0_ConversionDoneCallback
                0x00000000008060c6        0x2
 .bss.ADC0_ConversionDoneCallback
                0x00000000008060c6        0x2 CMakeFiles/probe_5028_devkit_firmware_default_default_XC8_compile.dir/home/probe-5028/MPLABProjects/probe-5028-devkit-firmware/My_MCC_Config/mcc/mcc_generated_files/adc/src/adc0.c.o

.bss.IO_PF5_InterruptHandler
                0x00000000008060c8        0x2
 .bss.IO_PF5_InterruptHandler
                0x00000000008060c8        0x2 CMakeFiles/probe_5028_devkit_firmware_default_default_XC8_compile.dir/home/probe-5028/MPLABProjects/probe-5028-devkit-firmware/My_MCC_Config/mcc/mcc_generated_files/system/src/pins.c.o

.bss.IO_PF6_InterruptHandler
                0x00000000008060ca        0x2
 .bss.IO_PF6_InterruptHandler
                0x00000000008060ca        0x2 CMakeFiles/probe_5028_devkit_firmware_default_default_XC8_compile.dir/home/probe-5028/MPLABProjects/probe-5028-devkit-firmware/My_MCC_Config/mcc/mcc_generated_files/system/src/pins.c.o

.bss.IO_PF4_InterruptHandler
                0x00000000008060cc        0x2
 .bss.IO_PF4_InterruptHandler
                0x00000000008060cc        0x2 CMakeFiles/probe_5028_devkit_firmware_default_default_XC8_compile.dir/home/probe-5028/MPLABProjects/probe-5028-devkit-firmware/My_MCC_Config/mcc/mcc_generated_files/system/src/pins.c.o

.bss.IO_PD6_InterruptHandler
                0x00000000008060ce        0x2
 .bss.IO_PD6_InterruptHandler
                0x00000000008060ce        0x2 CMakeFiles/probe_5028_devkit_firmware_default_default_XC8_compile.dir/home/probe-5028/MPLABProjects/probe-5028-devkit-firmware/My_MCC_Config/mcc/mcc_generated_files/system/src/pins.c.o

.bss.IO_PA7_InterruptHandler
                0x00000000008060d0        0x2
 .bss.IO_PA7_InterruptHandler
                0x00000000008060d0        0x2 CMakeFiles/probe_5028_devkit_firmware_default_default_XC8_compile.dir/home/probe-5028/MPLABProjects/probe-5028-devkit-firmware/My_MCC_Config/mcc/mcc_generated_files/system/src/pins.c.o

.bss.IO_PD4_InterruptHandler
                0x00000000008060d2        0x2
 .bss.IO_PD4_InterruptHandler
                0x00000000008060d2        0x2 CMakeFiles/probe_5028_devkit_firmware_default_default_XC8_compile.dir/home/probe-5028/MPLABProjects/probe-5028-devkit-firmware/My_MCC_Config/mcc/mcc_generated_files/system/src/pins.c.o

.bss.IO_PD5_InterruptHandler
                0x00000000008060d4        0x2
 .bss.IO_PD5_InterruptHandler
                0x00000000008060d4        0x2 CMakeFiles/probe_5028_devkit_firmware_default_default_XC8_compile.dir/home/probe-5028/MPLABProjects/probe-5028-devkit-firmware/My_MCC_Config/mcc/mcc_generated_files/system/src/pins.c.o

.bss.TCA0_OVFCallback
                0x00000000008060d6        0x2
 .bss.TCA0_OVFCallback
                0x00000000008060d6        0x2 CMakeFiles/probe_5028_devkit_firmware_default_default_XC8_compile.dir/home/probe-5028/MPLABProjects/probe-5028-devkit-firmware/My_MCC_Config/mcc/mcc_generated_files/timer/src/tca0.c.o

.bss.TCA0_CMP2Callback
                0x00000000008060d8        0x2
 .bss.TCA0_CMP2Callback
                0x00000000008060d8        0x2 CMakeFiles/probe_5028_devkit_firmware_default_default_XC8_compile.dir/home/probe-5028/MPLABProjects/probe-5028-devkit-firmware/My_MCC_Config/mcc/mcc_generated_files/timer/src/tca0.c.o

.bss.TCA0_CMP1Callback
                0x00000000008060da        0x2
 .bss.TCA0_CMP1Callback
                0x00000000008060da        0x2 CMakeFiles/probe_5028_devkit_firmware_default_default_XC8_compile.dir/home/probe-5028/MPLABProjects/probe-5028-devkit-firmware/My_MCC_Config/mcc/mcc_generated_files/timer/src/tca0.c.o

.bss.TCA0_CMP0Callback
                0x00000000008060dc        0x2
 .bss.TCA0_CMP0Callback
                0x00000000008060dc        0x2 CMakeFiles/probe_5028_devkit_firmware_default_default_XC8_compile.dir/home/probe-5028/MPLABProjects/probe-5028-devkit-firmware/My_MCC_Config/mcc/mcc_generated_files/timer/src/tca0.c.o

.bss.USART0_ParityErrorHandler
                0x00000000008060de        0x2
 .bss.USART0_ParityErrorHandler
                0x00000000008060de        0x2 CMakeFiles/probe_5028_devkit_firmware_default_default_XC8_compile.dir/home/probe-5028/MPLABProjects/probe-5028-devkit-firmware/My_MCC_Config/mcc/mcc_generated_files/uart/src/usart0.c.o

.bss.USART0_OverrunErrorHandler
                0x00000000008060e0        0x2
 .bss.USART0_OverrunErrorHandler
                0x00000000008060e0        0x2 CMakeFiles/probe_5028_devkit_firmware_default_default_XC8_compile.dir/home/probe-5028/MPLABProjects/probe-5028-devkit-firmware/My_MCC_Config/mcc/mcc_generated_files/uart/src/usart0.c.o

.bss.USART0_FramingErrorHandler
                0x00000000008060e2        0x2
 .bss.USART0_FramingErrorHandler
                0x00000000008060e2        0x2 CMakeFiles/probe_5028_devkit_firmware_default_default_XC8_compile.dir/home/probe-5028/MPLABProjects/probe-5028-devkit-firmware/My_MCC_Config/mcc/mcc_generated_files/uart/src/usart0.c.o

.bss.usart0RxLastError
                0x00000000008060e4        0x2
 .bss.usart0RxLastError
                0x00000000008060e4        0x2 CMakeFiles/probe_5028_devkit_firmware_default_default_XC8_compile.dir/home/probe-5028/MPLABProjects/probe-5028-devkit-firmware/My_MCC_Config/mcc/mcc_generated_files/uart/src/usart0.c.o

.bss.__stdout   0x00000000008060e8        0x2
 .bss.__stdout  0x00000000008060e8        0x2 /opt/microchip/xc8/v3.10/avr/bin/../lib/gcc/avr/5.4.0/../../../../avr/lib/avrxmega2/libc.a(stdout.o)

.text.__fmt_fp  0x0000000000000102      0x728
 .text.__fmt_fp
                0x0000000000000102      0x728 /opt/microchip/xc8/v3.10/avr/bin/../lib/gcc/avr/5.4.0/../../../../avr/lib/avrxmega2/libc.a(__fmt_fp.o)
                0x0000000000000102                __fmt_fp
                0x0000000000000102                __fmt_f_needed

.text.vfpfcnvrt
                0x000000000000082a      0x3fc
 .text.vfpfcnvrt
                0x000000000000082a      0x3fc /opt/microchip/xc8/v3.10/avr/bin/../lib/gcc/avr/5.4.0/../../../../avr/lib/avrxmega2/libc.a(__printf_core.o)
                0x000000000000082a                vfpfcnvrt

.text.__fmt_x   0x0000000000000c26      0x1dc
 .text.__fmt_x  0x0000000000000c26      0x1dc /opt/microchip/xc8/v3.10/avr/bin/../lib/gcc/avr/5.4.0/../../../../avr/lib/avrxmega2/libc.a(__fmt_x.o)
                0x0000000000000c26                __fmt_x
                0x0000000000000c26                __fmt_x_needed

.text.main      0x0000000000000e02      0x1ba
 .text.main     0x0000000000000e02      0x1ba CMakeFiles/probe_5028_devkit_firmware_default_default_XC8_compile.dir/home/probe-5028/MPLABProjects/probe-5028-devkit-firmware/My_MCC_Config/mcc/main.c.o
                0x0000000000000e02                main

.text.PIN_MANAGER_Initialize
                0x0000000000000fbc      0x10e
 .text.PIN_MANAGER_Initialize
                0x0000000000000fbc      0x10e CMakeFiles/probe_5028_devkit_firmware_default_default_XC8_compile.dir/home/probe-5028/MPLABProjects/probe-5028-devkit-firmware/My_MCC_Config/mcc/mcc_generated_files/system/src/pins.c.o
                0x0000000000000fbc                PIN_MANAGER_Initialize

.text.floorf    0x00000000000010ca       0xe8
 .text.floorf   0x00000000000010ca       0xe8 /opt/microchip/xc8/v3.10/avr/bin/../lib/gcc/avr/5.4.0/../../../../avr/lib/avrxmega2/libm.a(floorf.o)
                0x00000000000010ca                floorf

.text.__fmt_d   0x00000000000011b2       0xe4
 .text.__fmt_d  0x00000000000011b2       0xe4 /opt/microchip/xc8/v3.10/avr/bin/../lib/gcc/avr/5.4.0/../../../../avr/lib/avrxmega2/libc.a(__fmt_d.o)
                0x00000000000011b2                __fmt_d_needed
                0x00000000000011b2                __fmt_d

.text           0x0000000000001296       0xde
 .text          0x0000000000001296       0xde /opt/microchip/xc8/v3.10/avr/bin/../lib/gcc/avr/5.4.0/../../../../avr/lib/avrxmega2/libm.a(divsf3x.o)
                0x0000000000001296                __divsf3x
                0x00000000000012be                __divsf3_pse

.text           0x0000000000001374       0xd4
 .text          0x0000000000001374       0xd4 /opt/microchip/xc8/v3.10/avr/bin/../lib/gcc/avr/5.4.0/../../../../avr/lib/avrxmega2/libm.a(mulsf3x.o)
                0x0000000000001374                __mulsf3x
                0x000000000000139a                __mulsf3_pse

.text.__pop_int
                0x0000000000001448       0xd0
 .text.__pop_int
                0x0000000000001448       0xd0 /opt/microchip/xc8/v3.10/avr/bin/../lib/gcc/avr/5.4.0/../../../../avr/lib/avrxmega2/libc.a(__pop_int.o)
                0x0000000000001448                __pop_int
                0x0000000000001448                __pop_int_needed

.text           0x0000000000001518       0xce
 .text          0x0000000000001518       0xce /opt/microchip/xc8/v3.10/avr/bin/../lib/gcc/avr/5.4.0/../../../../avr/lib/avrxmega2/libm.a(addsf3x.o)
                0x0000000000001518                __addsf3x

.text.__cvt_u   0x00000000000015e6       0xca
 .text.__cvt_u  0x00000000000015e6       0xca /opt/microchip/xc8/v3.10/avr/bin/../lib/gcc/avr/5.4.0/../../../../avr/lib/avrxmega2/libc.a(__fmt_u.o)
                0x00000000000015e6                __cvt_u

.text.__fmt_o   0x00000000000016b0       0xb2
 .text.__fmt_o  0x00000000000016b0       0xb2 /opt/microchip/xc8/v3.10/avr/bin/../lib/gcc/avr/5.4.0/../../../../avr/lib/avrxmega2/libc.a(__fmt_o.o)
                0x00000000000016b0                __fmt_o_needed
                0x00000000000016b0                __fmt_o

.text.fputc     0x0000000000001762       0x98
 .text.fputc    0x0000000000001762       0x98 /opt/microchip/xc8/v3.10/avr/bin/../lib/gcc/avr/5.4.0/../../../../avr/lib/avrxmega2/libc.a(fputc.o)
                0x0000000000001762                putc
                0x0000000000001762                fputc

.text.CLOCK_Initialize
                0x00000000000017fa       0x90
 .text.CLOCK_Initialize
                0x00000000000017fa       0x90 CMakeFiles/probe_5028_devkit_firmware_default_default_XC8_compile.dir/home/probe-5028/MPLABProjects/probe-5028-devkit-firmware/My_MCC_Config/mcc/mcc_generated_files/system/src/clock.c.o
                0x00000000000017fa                CLOCK_Initialize

.text.__fmt_u   0x000000000000188a       0x8e
 .text.__fmt_u  0x000000000000188a       0x8e /opt/microchip/xc8/v3.10/avr/bin/../lib/gcc/avr/5.4.0/../../../../avr/lib/avrxmega2/libc.a(__fmt_u.o)
                0x000000000000188a                __fmt_u
                0x000000000000188a                __fmt_u_needed

.text.__vector_24
                0x0000000000001918       0x72
 .text.__vector_24
                0x0000000000001918       0x72 CMakeFiles/probe_5028_devkit_firmware_default_default_XC8_compile.dir/home/probe-5028/MPLABProjects/probe-5028-devkit-firmware/My_MCC_Config/mcc/mcc_generated_files/system/src/pins.c.o
                0x0000000000001918                __vector_24

.text.__vector_34
                0x000000000000198a       0x72
 .text.__vector_34
                0x000000000000198a       0x72 CMakeFiles/probe_5028_devkit_firmware_default_default_XC8_compile.dir/home/probe-5028/MPLABProjects/probe-5028-devkit-firmware/My_MCC_Config/mcc/mcc_generated_files/system/src/pins.c.o
                0x000000000000198a                __vector_34

.text.__pad     0x00000000000019fc       0x72
 .text.__pad    0x00000000000019fc       0x72 /opt/microchip/xc8/v3.10/avr/bin/../lib/gcc/avr/5.4.0/../../../../avr/lib/avrxmega2/libc.a(__printf_core.o)
                0x00000000000019fc                __pad

.text.__printf_core
                0x0000000000001a6e       0x68
 .text.__printf_core
                0x0000000000001a6e       0x68 /opt/microchip/xc8/v3.10/avr/bin/../lib/gcc/avr/5.4.0/../../../../avr/lib/avrxmega2/libc.a(__printf_core.o)
                0x0000000000001a6e                __printf_core

.text.fputs     0x0000000000001ad6       0x64
 .text.fputs    0x0000000000001ad6       0x64 /opt/microchip/xc8/v3.10/avr/bin/../lib/gcc/avr/5.4.0/../../../../avr/lib/avrxmega2/libc.a(fputs.o)
                0x0000000000001ad6                fputs_unlocked
                0x0000000000001ad6                fputs

.text           0x0000000000001b3a       0x5e
 .text          0x0000000000001b3a       0x5e /opt/microchip/xc8/v3.10/avr/bin/../lib/gcc/avr/5.4.0/../../../../avr/lib/avrxmega2/libm.a(fixunssfsi.o)
                0x0000000000001b3a                __fixunssfsi

.text.USART0_Initialize
                0x0000000000001b98       0x5c
 .text.USART0_Initialize
                0x0000000000001b98       0x5c CMakeFiles/probe_5028_devkit_firmware_default_default_XC8_compile.dir/home/probe-5028/MPLABProjects/probe-5028-devkit-firmware/My_MCC_Config/mcc/mcc_generated_files/uart/src/usart0.c.o
                0x0000000000001b98                USART0_Initialize

.text.read_prec_or_width
                0x0000000000001bf4       0x5c
 .text.read_prec_or_width
                0x0000000000001bf4       0x5c /opt/microchip/xc8/v3.10/avr/bin/../lib/gcc/avr/5.4.0/../../../../avr/lib/avrxmega2/libc.a(__printf_core.o)

.text.__vector_26
                0x0000000000001c50       0x58
 .text.__vector_26
                0x0000000000001c50       0x58 CMakeFiles/probe_5028_devkit_firmware_default_default_XC8_compile.dir/home/probe-5028/MPLABProjects/probe-5028-devkit-firmware/My_MCC_Config/mcc/mcc_generated_files/adc/src/adc0.c.o
                0x0000000000001c50                __vector_26

.text.__vector_27
                0x0000000000001ca8       0x58
 .text.__vector_27
                0x0000000000001ca8       0x58 CMakeFiles/probe_5028_devkit_firmware_default_default_XC8_compile.dir/home/probe-5028/MPLABProjects/probe-5028-devkit-firmware/My_MCC_Config/mcc/mcc_generated_files/adc/src/adc0.c.o
                0x0000000000001ca8                __vector_27

.text.__vector_11
                0x0000000000001d00       0x58
 .text.__vector_11
                0x0000000000001d00       0x58 CMakeFiles/probe_5028_devkit_firmware_default_default_XC8_compile.dir/home/probe-5028/MPLABProjects/probe-5028-devkit-firmware/My_MCC_Config/mcc/mcc_generated_files/timer/src/tca0.c.o
                0x0000000000001d00                __vector_11

.text.__vector_12
                0x0000000000001d58       0x58
 .text.__vector_12
                0x0000000000001d58       0x58 CMakeFiles/probe_5028_devkit_firmware_default_default_XC8_compile.dir/home/probe-5028/MPLABProjects/probe-5028-devkit-firmware/My_MCC_Config/mcc/mcc_generated_files/timer/src/tca0.c.o
                0x0000000000001d58                __vector_12

.text.__vector_13
                0x0000000000001db0       0x58
 .text.__vector_13
                0x0000000000001db0       0x58 CMakeFiles/probe_5028_devkit_firmware_default_default_XC8_compile.dir/home/probe-5028/MPLABProjects/probe-5028-devkit-firmware/My_MCC_Config/mcc/mcc_generated_files/timer/src/tca0.c.o
                0x0000000000001db0                __vector_13

.text.__vector_9
                0x0000000000001e08       0x58
 .text.__vector_9
                0x0000000000001e08       0x58 CMakeFiles/probe_5028_devkit_firmware_default_default_XC8_compile.dir/home/probe-5028/MPLABProjects/probe-5028-devkit-firmware/My_MCC_Config/mcc/mcc_generated_files/timer/src/tca0.c.o
                0x0000000000001e08                __vector_9

.text.__vector_8
                0x0000000000001e60       0x56
 .text.__vector_8
                0x0000000000001e60       0x56 CMakeFiles/probe_5028_devkit_firmware_default_default_XC8_compile.dir/home/probe-5028/MPLABProjects/probe-5028-devkit-firmware/My_MCC_Config/mcc/mcc_generated_files/system/src/pins.c.o
                0x0000000000001e60                __vector_8

.text.intCountsToVoltage
                0x0000000000001eb6       0x54
 .text.intCountsToVoltage
                0x0000000000001eb6       0x54 CMakeFiles/probe_5028_devkit_firmware_default_default_XC8_compile.dir/home/probe-5028/MPLABProjects/probe-5028-devkit-firmware/My_MCC_Config/mcc/main.c.o
                0x0000000000001eb6                intCountsToVoltage

.text.__fmt_s   0x0000000000001f0a       0x54
 .text.__fmt_s  0x0000000000001f0a       0x54 /opt/microchip/xc8/v3.10/avr/bin/../lib/gcc/avr/5.4.0/../../../../avr/lib/avrxmega2/libc.a(__fmt_s.o)
                0x0000000000001f0a                __fmt_s_needed
                0x0000000000001f0a                __fmt_s
                0x0000000000001f0a                __fmt_0_needed

.text.ADC0_Initialize
                0x0000000000001f5e       0x4c
 .text.ADC0_Initialize
                0x0000000000001f5e       0x4c CMakeFiles/probe_5028_devkit_firmware_default_default_XC8_compile.dir/home/probe-5028/MPLABProjects/probe-5028-devkit-firmware/My_MCC_Config/mcc/mcc_generated_files/adc/src/adc0.c.o
                0x0000000000001f5e                ADC0_Initialize

.text           0x0000000000001faa       0x48
 .text          0x0000000000001faa       0x48 /opt/microchip/xc8/v3.10/avr/bin/../lib/gcc/avr/5.4.0/../../../../avr/lib/avrxmega2/libm.a(fp_cmp.o)
                0x0000000000001faa                __fp_cmp

.text.libgcc.div
                0x0000000000001ff2       0x44
 .text.libgcc.div
                0x0000000000001ff2       0x44 /opt/microchip/xc8/v3.10/avr/bin/../lib/gcc/avr/5.4.0/avrxmega2/libgcc.a(_udivmodsi4.o)
                0x0000000000001ff2                __udivmodsi4

.text           0x0000000000002036       0x44
 .text          0x0000000000002036       0x44 /opt/microchip/xc8/v3.10/avr/bin/../lib/gcc/avr/5.4.0/../../../../avr/lib/avrxmega2/libm.a(fp_split3.o)
                0x0000000000002036                __fp_split3
                0x0000000000002046                __fp_splitA

.text.__fmt_state
                0x000000000000207a       0x40
 .text.__fmt_state
                0x000000000000207a       0x40 /opt/microchip/xc8/v3.10/avr/bin/../lib/gcc/avr/5.4.0/../../../../avr/lib/avrxmega2/libc.a(__printf_core.o)
                0x000000000000207a                __fmt_state

.text.__pop_float
                0x00000000000020ba       0x40
 .text.__pop_float
                0x00000000000020ba       0x40 /opt/microchip/xc8/v3.10/avr/bin/../lib/gcc/avr/5.4.0/../../../../avr/lib/avrxmega2/libc.a(__pop_float.o)
                0x00000000000020ba                __pop_float
                0x00000000000020ba                __pop_float_needed

.text.TCA0_Initialize
                0x00000000000020fa       0x3c
 .text.TCA0_Initialize
                0x00000000000020fa       0x3c CMakeFiles/probe_5028_devkit_firmware_default_default_XC8_compile.dir/home/probe-5028/MPLABProjects/probe-5028-devkit-firmware/My_MCC_Config/mcc/mcc_generated_files/timer/src/tca0.c.o
                0x00000000000020fa                TCA0_Initialize

.text.__out     0x0000000000002136       0x3a
 .text.__out    0x0000000000002136       0x3a /opt/microchip/xc8/v3.10/avr/bin/../lib/gcc/avr/5.4.0/../../../../avr/lib/avrxmega2/libc.a(__printf_core.o)
                0x0000000000002136                __out

.text.myADC0_ConversionDoneCallback
                0x0000000000002170       0x32
 .text.myADC0_ConversionDoneCallback
                0x0000000000002170       0x32 CMakeFiles/probe_5028_devkit_firmware_default_default_XC8_compile.dir/home/probe-5028/MPLABProjects/probe-5028-devkit-firmware/My_MCC_Config/mcc/main.c.o

.text.libgcc.prologue
                0x00000000000021a2       0x32
 .text.libgcc.prologue
                0x00000000000021a2       0x32 /opt/microchip/xc8/v3.10/avr/bin/../lib/gcc/avr/5.4.0/avrxmega2/libgcc.a(_prologue.o)
                0x00000000000021a2                __prologue_saves__

.text.__wrap_printf
                0x00000000000021d4       0x30
 .text.__wrap_printf
                0x00000000000021d4       0x30 /opt/microchip/xc8/v3.10/avr/bin/../lib/gcc/avr/5.4.0/../../../../avr/lib/avrxmega2/libc.a(__sio_printf_dfoux.o)
                0x00000000000021d4                _printf_cdeEgGopuxX
                0x00000000000021d4                _printf_cdfFopuxX
                0x00000000000021d4                _printf_cdgGopuxX
                0x00000000000021d4                _printf_cdfFgGopuxX
                0x00000000000021d4                _printf_cdeEfFgGopuxX
                0x00000000000021d4                _printf_cdeEopuxX
                0x00000000000021d4                _printf_cdeEfFopuxX

.text.__vfprintf
                0x0000000000002204       0x30
 .text.__vfprintf
                0x0000000000002204       0x30 /opt/microchip/xc8/v3.10/avr/bin/../lib/gcc/avr/5.4.0/../../../../avr/lib/avrxmega2/libc.a(__int_vfprintf.o)
                0x0000000000002204                __vfprintf

.text.libgcc.prologue
                0x0000000000002234       0x30
 .text.libgcc.prologue
                0x0000000000002234       0x30 /opt/microchip/xc8/v3.10/avr/bin/../lib/gcc/avr/5.4.0/avrxmega2/libgcc.a(_epilogue.o)
                0x0000000000002234                __epilogue_restores__

.text.intVoltageToCounts
                0x0000000000002264       0x2e
 .text.intVoltageToCounts
                0x0000000000002264       0x2e CMakeFiles/probe_5028_devkit_firmware_default_default_XC8_compile.dir/home/probe-5028/MPLABProjects/probe-5028-devkit-firmware/My_MCC_Config/mcc/main.c.o
                0x0000000000002264                intVoltageToCounts

.text.libgcc.div
                0x0000000000002292       0x2e
 .text.libgcc.div
                0x0000000000002292       0x2e /opt/microchip/xc8/v3.10/avr/bin/../lib/gcc/avr/5.4.0/avrxmega2/libgcc.a(_divmodsi4.o)
                0x0000000000002292                __divmodsi4

.text.libgcc.div
                0x00000000000022c0       0x28
 .text.libgcc.div
                0x00000000000022c0       0x28 /opt/microchip/xc8/v3.10/avr/bin/../lib/gcc/avr/5.4.0/avrxmega2/libgcc.a(_divmodhi4.o)
                0x00000000000022c0                __divmodhi4
                0x00000000000022c0                _div

.text.libgcc.div
                0x00000000000022e8       0x28
 .text.libgcc.div
                0x00000000000022e8       0x28 /opt/microchip/xc8/v3.10/avr/bin/../lib/gcc/avr/5.4.0/avrxmega2/libgcc.a(_udivmodhi4.o)
                0x00000000000022e8                __udivmodhi4

.text.SYSTEM_Initialize
                0x0000000000002310       0x26
 .text.SYSTEM_Initialize
                0x0000000000002310       0x26 CMakeFiles/probe_5028_devkit_firmware_default_default_XC8_compile.dir/home/probe-5028/MPLABProjects/probe-5028-devkit-firmware/My_MCC_Config/mcc/mcc_generated_files/system/src/system.c.o
                0x0000000000002310                SYSTEM_Initialize

.text           0x0000000000002336       0x22
 .text          0x0000000000002336       0x22 /opt/microchip/xc8/v3.10/avr/bin/../lib/gcc/avr/5.4.0/../../../../avr/lib/avrxmega2/libm.a(fp_round.o)
                0x0000000000002336                __fp_round

.text.libgcc.mul
                0x0000000000002358       0x1e
 .text.libgcc.mul
                0x0000000000002358       0x1e /opt/microchip/xc8/v3.10/avr/bin/../lib/gcc/avr/5.4.0/avrxmega2/libgcc.a(_umulhisi3.o)
                0x0000000000002358                __umulhisi3

.text.DAC0_SetOutput
                0x0000000000002376       0x1c
 .text.DAC0_SetOutput
                0x0000000000002376       0x1c CMakeFiles/probe_5028_devkit_firmware_default_default_XC8_compile.dir/home/probe-5028/MPLABProjects/probe-5028-devkit-firmware/My_MCC_Config/mcc/mcc_generated_files/dac/src/dac0.c.o
                0x0000000000002376                DAC0_SetOutput

.text.strlen    0x0000000000002392       0x1c
 .text.strlen   0x0000000000002392       0x1c /opt/microchip/xc8/v3.10/avr/bin/../lib/gcc/avr/5.4.0/../../../../avr/lib/avrxmega2/libc.a(strlen.o)
                0x0000000000002392                strlen

.text.CPUINT_Initialize
                0x00000000000023ae       0x1a
 .text.CPUINT_Initialize
                0x00000000000023ae       0x1a CMakeFiles/probe_5028_devkit_firmware_default_default_XC8_compile.dir/home/probe-5028/MPLABProjects/probe-5028-devkit-firmware/My_MCC_Config/mcc/mcc_generated_files/system/src/interrupt.c.o
                0x00000000000023ae                CPUINT_Initialize

.text.USART0_printCHAR
                0x00000000000023c8       0x18
 .text.USART0_printCHAR
                0x00000000000023c8       0x18 CMakeFiles/probe_5028_devkit_firmware_default_default_XC8_compile.dir/home/probe-5028/MPLABProjects/probe-5028-devkit-firmware/My_MCC_Config/mcc/mcc_generated_files/uart/src/usart0.c.o
                0x00000000000023c8                USART0_printCHAR

.text.NVM_Initialize
                0x00000000000023e0       0x16
 .text.NVM_Initialize
                0x00000000000023e0       0x16 CMakeFiles/probe_5028_devkit_firmware_default_default_XC8_compile.dir/home/probe-5028/MPLABProjects/probe-5028-devkit-firmware/My_MCC_Config/mcc/mcc_generated_files/nvm/src/nvm.c.o
                0x00000000000023e0                NVM_Initialize

.text.libgcc.mul
                0x00000000000023f6       0x16
 .text.libgcc.mul
                0x00000000000023f6       0x16 /opt/microchip/xc8/v3.10/avr/bin/../lib/gcc/avr/5.4.0/avrxmega2/libgcc.a(_muluhisi3.o)
                0x00000000000023f6                __muluhisi3

.text.exit      0x000000000000240c       0x16
 .text.exit     0x000000000000240c       0x16 /opt/microchip/xc8/v3.10/avr/bin/../lib/gcc/avr/5.4.0/../../../../avr/lib/avrxmega2/libc.a(exit.o)
                0x000000000000240c                exit

.text.puts      0x0000000000002422       0x12
 .text.puts     0x0000000000002422       0x12 /opt/microchip/xc8/v3.10/avr/bin/../lib/gcc/avr/5.4.0/../../../../avr/lib/avrxmega2/libc.a(puts.o)
                0x0000000000002422                puts

.text.memset    0x0000000000002434       0x12
 .text.memset   0x0000000000002434       0x12 /opt/microchip/xc8/v3.10/avr/bin/../lib/gcc/avr/5.4.0/../../../../avr/lib/avrxmega2/libc.a(memset.o)
                0x0000000000002434                memset

.text.toupper   0x0000000000002446       0x12
 .text.toupper  0x0000000000002446       0x12 /opt/microchip/xc8/v3.10/avr/bin/../lib/gcc/avr/5.4.0/../../../../avr/lib/avrxmega2/libc.a(toupper.o)
                0x0000000000002446                toupper

.text.DAC0_Initialize
                0x0000000000002458       0x10
 .text.DAC0_Initialize
                0x0000000000002458       0x10 CMakeFiles/probe_5028_devkit_firmware_default_default_XC8_compile.dir/home/probe-5028/MPLABProjects/probe-5028-devkit-firmware/My_MCC_Config/mcc/mcc_generated_files/dac/src/dac0.c.o
                0x0000000000002458                DAC0_Initialize

.text.VREF_Initialize
                0x0000000000002468       0x10
 .text.VREF_Initialize
                0x0000000000002468       0x10 CMakeFiles/probe_5028_devkit_firmware_default_default_XC8_compile.dir/home/probe-5028/MPLABProjects/probe-5028-devkit-firmware/My_MCC_Config/mcc/mcc_generated_files/vref/src/vref.c.o
                0x0000000000002468                VREF_Initialize

.text.libgcc.div
                0x0000000000002478       0x10
 .text.libgcc.div
                0x0000000000002478       0x10 /opt/microchip/xc8/v3.10/avr/bin/../lib/gcc/avr/5.4.0/avrxmega2/libgcc.a(_negsi2.o)
                0x0000000000002478                __negsi2

.text.strcpy    0x0000000000002488       0x10
 .text.strcpy   0x0000000000002488       0x10 /opt/microchip/xc8/v3.10/avr/bin/../lib/gcc/avr/5.4.0/../../../../avr/lib/avrxmega2/libc.a(strcpy.o)
                0x0000000000002488                strcpy

.text.tolower   0x0000000000002498       0x10
 .text.tolower  0x0000000000002498       0x10 /opt/microchip/xc8/v3.10/avr/bin/../lib/gcc/avr/5.4.0/../../../../avr/lib/avrxmega2/libc.a(tolower.o)
                0x0000000000002498                tolower

.text.libgcc.mul
                0x00000000000024a8        0xe
 .text.libgcc.mul
                0x00000000000024a8        0xe /opt/microchip/xc8/v3.10/avr/bin/../lib/gcc/avr/5.4.0/avrxmega2/libgcc.a(_usmulhisi3.o)
                0x00000000000024a8                __usmulhisi3
                0x00000000000024ac                __usmulhisi3_tail

.text           0x00000000000024b6        0xe
 .text          0x00000000000024b6        0xe /opt/microchip/xc8/v3.10/avr/bin/../lib/gcc/avr/5.4.0/../../../../avr/lib/avrxmega2/libm.a(fixsfsi.o)
                0x00000000000024b6                __fixsfsi

.text           0x00000000000024c4        0xe
 .text          0x00000000000024c4        0xe /opt/microchip/xc8/v3.10/avr/bin/../lib/gcc/avr/5.4.0/../../../../avr/lib/avrxmega2/libm.a(fp_pscA.o)
                0x00000000000024c4                __fp_pscA

.text           0x00000000000024d2        0xe
 .text          0x00000000000024d2        0xe /opt/microchip/xc8/v3.10/avr/bin/../lib/gcc/avr/5.4.0/../../../../avr/lib/avrxmega2/libm.a(fp_pscB.o)
                0x00000000000024d2                __fp_pscB

.text           0x00000000000024e0        0xe
 .text          0x00000000000024e0        0xe /opt/microchip/xc8/v3.10/avr/bin/../lib/gcc/avr/5.4.0/../../../../avr/lib/avrxmega2/libm.a(fp_zero.o)
                0x00000000000024e0                __fp_zero
                0x00000000000024e2                __fp_szero

.text           0x00000000000024ee        0xe
 .text          0x00000000000024ee        0xe /opt/microchip/xc8/v3.10/avr/bin/../lib/gcc/avr/5.4.0/../../../../avr/lib/avrxmega2/libm.a(addsf3.o)
                0x00000000000024ee                __subsf3
                0x00000000000024f0                __addsf3

.text.myTCA0_OVFCallback
                0x00000000000024fc        0xc
 .text.myTCA0_OVFCallback
                0x00000000000024fc        0xc CMakeFiles/probe_5028_devkit_firmware_default_default_XC8_compile.dir/home/probe-5028/MPLABProjects/probe-5028-devkit-firmware/My_MCC_Config/mcc/main.c.o
                0x00000000000024fc                myTCA0_OVFCallback

.text.ADC0_Enable
                0x0000000000002508        0xc
 .text.ADC0_Enable
                0x0000000000002508        0xc CMakeFiles/probe_5028_devkit_firmware_default_default_XC8_compile.dir/home/probe-5028/MPLABProjects/probe-5028-devkit-firmware/My_MCC_Config/mcc/mcc_generated_files/adc/src/adc0.c.o
                0x0000000000002508                ADC0_Enable

.text.ADC0_ConversionStart
                0x0000000000002514        0xc
 .text.ADC0_ConversionStart
                0x0000000000002514        0xc CMakeFiles/probe_5028_devkit_firmware_default_default_XC8_compile.dir/home/probe-5028/MPLABProjects/probe-5028-devkit-firmware/My_MCC_Config/mcc/mcc_generated_files/adc/src/adc0.c.o
                0x0000000000002514                ADC0_ConversionStart

.text.NVM_StatusClear
                0x0000000000002520        0xc
 .text.NVM_StatusClear
                0x0000000000002520        0xc CMakeFiles/probe_5028_devkit_firmware_default_default_XC8_compile.dir/home/probe-5028/MPLABProjects/probe-5028-devkit-firmware/My_MCC_Config/mcc/mcc_generated_files/nvm/src/nvm.c.o
                0x0000000000002520                NVM_StatusClear

.text.TCA0_Start
                0x000000000000252c        0xc
 .text.TCA0_Start
                0x000000000000252c        0xc CMakeFiles/probe_5028_devkit_firmware_default_default_XC8_compile.dir/home/probe-5028/MPLABProjects/probe-5028-devkit-firmware/My_MCC_Config/mcc/mcc_generated_files/timer/src/tca0.c.o
                0x000000000000252c                TCA0_Start

.text.USART0_IsTxReady
                0x0000000000002538        0xc
 .text.USART0_IsTxReady
                0x0000000000002538        0xc CMakeFiles/probe_5028_devkit_firmware_default_default_XC8_compile.dir/home/probe-5028/MPLABProjects/probe-5028-devkit-firmware/My_MCC_Config/mcc/mcc_generated_files/uart/src/usart0.c.o
                0x0000000000002538                USART0_IsTxReady

.text           0x0000000000002544        0xc
 .text          0x0000000000002544        0xc /opt/microchip/xc8/v3.10/avr/bin/../lib/gcc/avr/5.4.0/../../../../avr/lib/avrxmega2/libm.a(fp_inf.o)
                0x0000000000002544                __fp_inf

.text.ADC0_ConversionResultGet
                0x0000000000002550        0xa
 .text.ADC0_ConversionResultGet
                0x0000000000002550        0xa CMakeFiles/probe_5028_devkit_firmware_default_default_XC8_compile.dir/home/probe-5028/MPLABProjects/probe-5028-devkit-firmware/My_MCC_Config/mcc/mcc_generated_files/adc/src/adc0.c.o
                0x0000000000002550                ADC0_ConversionResultGet

.text.ADC0_ConversionDoneCallbackRegister
                0x000000000000255a        0xa
 .text.ADC0_ConversionDoneCallbackRegister
                0x000000000000255a        0xa CMakeFiles/probe_5028_devkit_firmware_default_default_XC8_compile.dir/home/probe-5028/MPLABProjects/probe-5028-devkit-firmware/My_MCC_Config/mcc/mcc_generated_files/adc/src/adc0.c.o
                0x000000000000255a                ADC0_ConversionDoneCallbackRegister

.text.__vector_29
                0x0000000000002564        0xa
 .text.__vector_29
                0x0000000000002564        0xa CMakeFiles/probe_5028_devkit_firmware_default_default_XC8_compile.dir/home/probe-5028/MPLABProjects/probe-5028-devkit-firmware/My_MCC_Config/mcc/mcc_generated_files/system/src/pins.c.o
                0x0000000000002564                __vector_29

.text.TCA0_OverflowCallbackRegister
                0x000000000000256e        0xa
 .text.TCA0_OverflowCallbackRegister
                0x000000000000256e        0xa CMakeFiles/probe_5028_devkit_firmware_default_default_XC8_compile.dir/home/probe-5028/MPLABProjects/probe-5028-devkit-firmware/My_MCC_Config/mcc/mcc_generated_files/timer/src/tca0.c.o
                0x000000000000256e                TCA0_OverflowCallbackRegister

.text           0x0000000000002578        0xa
 .text          0x0000000000002578        0xa /opt/microchip/xc8/v3.10/avr/bin/../lib/gcc/avr/5.4.0/../../../../avr/lib/avrxmega2/libm.a(cmpsf2.o)
                0x0000000000002578                __lesf2
                0x0000000000002578                __nesf2
                0x0000000000002578                __eqsf2
                0x0000000000002578                __cmpsf2
                0x0000000000002578                __ltsf2

.text           0x0000000000002582        0xa
 .text          0x0000000000002582        0xa /opt/microchip/xc8/v3.10/avr/bin/../lib/gcc/avr/5.4.0/../../../../avr/lib/avrxmega2/libm.a(gesf2.o)
                0x0000000000002582                __gtsf2
                0x0000000000002582                __gesf2

.text.protected_write_io
                0x000000000000258c        0x8
 .text.protected_write_io
                0x000000000000258c        0x8 CMakeFiles/probe_5028_devkit_firmware_default_default_XC8_assemblePreprocess.dir/home/probe-5028/MPLABProjects/probe-5028-devkit-firmware/My_MCC_Config/mcc/mcc_generated_files/system/src/protected_io.S.o
                0x000000000000258c                protected_write_io

.text           0x0000000000002594        0x8
 .text          0x0000000000002594        0x8 /opt/microchip/xc8/v3.10/avr/bin/../lib/gcc/avr/5.4.0/../../../../avr/lib/avrxmega2/libm.a(divsf3.o)
                0x0000000000002594                __divsf3

.text           0x000000000000259c        0x8
 .text          0x000000000000259c        0x8 /opt/microchip/xc8/v3.10/avr/bin/../lib/gcc/avr/5.4.0/../../../../avr/lib/avrxmega2/libm.a(mulsf3.o)
                0x000000000000259c                __mulsf3

.text           0x00000000000025a4        0x6
 .text          0x00000000000025a4        0x6 /opt/microchip/xc8/v3.10/avr/bin/../lib/gcc/avr/5.4.0/../../../../avr/lib/avrxmega2/libm.a(fp_nan.o)
                0x00000000000025a4                __fp_nan

.text           0x00000000000025aa        0x4
 .text          0x00000000000025aa        0x4 /home/probe-5028/.mchp_packs/Microchip/AVR-Dx_DFP/2.7.321/xc8/avr/lib/avrxmega2/crtavr64dd32.o
                0x00000000000025aa                __vector_22
                0x00000000000025aa                __vector_28
                0x00000000000025aa                __vector_1
                0x00000000000025aa                __vector_32
                0x00000000000025aa                __bad_interrupt
                0x00000000000025aa                __vector_6
                0x00000000000025aa                __vector_31
                0x00000000000025aa                __vector_35
                0x00000000000025aa                __vector_3
                0x00000000000025aa                __vector_23
                0x00000000000025aa                __vector_30
                0x00000000000025aa                __vector_25
                0x00000000000025aa                __vector_17
                0x00000000000025aa                __vector_19
                0x00000000000025aa                __vector_7
                0x00000000000025aa                __vector_5
                0x00000000000025aa                __vector_33
                0x00000000000025aa                __vector_4
                0x00000000000025aa                __vector_2
                0x00000000000025aa                __vector_21